[2023-03-02T21:53:31.591+0000][gc,heap] Heap region size: 1M
[2023-03-02T21:53:31.600+0000][gc     ] Using G1
[2023-03-02T21:53:31.601+0000][gc,heap,coops] Heap address: 0x00000007c0000000, size: 1024 MB, Compressed Oops mode: Zero based, Oop shift amount: 3
[2023-03-02T21:53:33.517+0000][gc,start     ] GC(0) Pause Young (Concurrent Start) (Metadata GC Threshold)
[2023-03-02T21:53:33.518+0000][gc,task      ] GC(0) Using 10 workers of 10 for evacuation
[2023-03-02T21:53:33.523+0000][gc,phases    ] GC(0)   Pre Evacuate Collection Set: 0.0ms
[2023-03-02T21:53:33.523+0000][gc,phases    ] GC(0)   Evacuate Collection Set: 4.5ms
[2023-03-02T21:53:33.523+0000][gc,phases    ] GC(0)   Post Evacuate Collection Set: 0.4ms
[2023-03-02T21:53:33.523+0000][gc,phases    ] GC(0)   Other: 1.0ms
[2023-03-02T21:53:33.523+0000][gc,heap      ] GC(0) Eden regions: 48->0(44)
[2023-03-02T21:53:33.523+0000][gc,heap      ] GC(0) Survivor regions: 0->7(7)
[2023-03-02T21:53:33.523+0000][gc,heap      ] GC(0) Old regions: 0->0
[2023-03-02T21:53:33.523+0000][gc,heap      ] GC(0) Humongous regions: 0->0
[2023-03-02T21:53:33.523+0000][gc,metaspace ] GC(0) Metaspace: 20696K->20696K(1069056K)
[2023-03-02T21:53:33.523+0000][gc           ] GC(0) Pause Young (Concurrent Start) (Metadata GC Threshold) 47M->6M(1024M) 6.071ms
[2023-03-02T21:53:33.523+0000][gc,cpu       ] GC(0) User=0.02s Sys=0.01s Real=0.01s
[2023-03-02T21:53:33.523+0000][gc           ] GC(1) Concurrent Cycle
[2023-03-02T21:53:33.523+0000][gc,marking   ] GC(1) Concurrent Clear Claimed Marks
[2023-03-02T21:53:33.523+0000][gc,marking   ] GC(1) Concurrent Clear Claimed Marks 0.019ms
[2023-03-02T21:53:33.523+0000][gc,marking   ] GC(1) Concurrent Scan Root Regions
[2023-03-02T21:53:33.524+0000][gc,marking   ] GC(1) Concurrent Scan Root Regions 1.328ms
[2023-03-02T21:53:33.525+0000][gc,marking   ] GC(1) Concurrent Mark (1.946s)
[2023-03-02T21:53:33.525+0000][gc,marking   ] GC(1) Concurrent Mark From Roots
[2023-03-02T21:53:33.525+0000][gc,task      ] GC(1) Using 3 workers of 3 for marking
[2023-03-02T21:53:33.525+0000][gc,marking   ] GC(1) Concurrent Mark From Roots 0.159ms
[2023-03-02T21:53:33.525+0000][gc,marking   ] GC(1) Concurrent Preclean
[2023-03-02T21:53:33.525+0000][gc,marking   ] GC(1) Concurrent Preclean 0.033ms
[2023-03-02T21:53:33.525+0000][gc,marking   ] GC(1) Concurrent Mark (1.946s, 1.946s) 0.240ms
[2023-03-02T21:53:33.525+0000][gc,start     ] GC(1) Pause Remark
[2023-03-02T21:53:33.526+0000][gc,stringtable] GC(1) Cleaned string and symbol table, strings: 7075 processed, 0 removed, symbols: 65403 processed, 29 removed
[2023-03-02T21:53:33.526+0000][gc            ] GC(1) Pause Remark 7M->7M(1024M) 1.406ms
[2023-03-02T21:53:33.526+0000][gc,cpu        ] GC(1) User=0.00s Sys=0.00s Real=0.00s
[2023-03-02T21:53:33.526+0000][gc,marking    ] GC(1) Concurrent Rebuild Remembered Sets
[2023-03-02T21:53:33.526+0000][gc,marking    ] GC(1) Concurrent Rebuild Remembered Sets 0.075ms
[2023-03-02T21:53:33.527+0000][gc,start      ] GC(1) Pause Cleanup
[2023-03-02T21:53:33.527+0000][gc            ] GC(1) Pause Cleanup 7M->7M(1024M) 0.103ms
[2023-03-02T21:53:33.527+0000][gc,cpu        ] GC(1) User=0.00s Sys=0.00s Real=0.00s
[2023-03-02T21:53:33.527+0000][gc,marking    ] GC(1) Concurrent Cleanup for Next Mark
[2023-03-02T21:53:33.531+0000][gc,marking    ] GC(1) Concurrent Cleanup for Next Mark 4.501ms
[2023-03-02T21:53:33.531+0000][gc            ] GC(1) Concurrent Cycle 8.132ms
[2023-03-02T21:53:34.497+0000][gc,start      ] GC(2) Pause Young (Normal) (G1 Evacuation Pause)
[2023-03-02T21:53:34.497+0000][gc,task       ] GC(2) Using 10 workers of 10 for evacuation
[2023-03-02T21:53:34.504+0000][gc,phases     ] GC(2)   Pre Evacuate Collection Set: 0.0ms
[2023-03-02T21:53:34.504+0000][gc,phases     ] GC(2)   Evacuate Collection Set: 6.6ms
[2023-03-02T21:53:34.504+0000][gc,phases     ] GC(2)   Post Evacuate Collection Set: 0.5ms
[2023-03-02T21:53:34.504+0000][gc,phases     ] GC(2)   Other: 0.1ms
[2023-03-02T21:53:34.504+0000][gc,heap       ] GC(2) Eden regions: 44->0(49)
[2023-03-02T21:53:34.504+0000][gc,heap       ] GC(2) Survivor regions: 7->2(7)
[2023-03-02T21:53:34.504+0000][gc,heap       ] GC(2) Old regions: 0->8
[2023-03-02T21:53:34.504+0000][gc,heap       ] GC(2) Humongous regions: 0->0
[2023-03-02T21:53:34.504+0000][gc,metaspace  ] GC(2) Metaspace: 29574K->29574K(1075200K)
[2023-03-02T21:53:34.504+0000][gc            ] GC(2) Pause Young (Normal) (G1 Evacuation Pause) 50M->8M(1024M) 7.557ms
[2023-03-02T21:53:34.504+0000][gc,cpu        ] GC(2) User=0.03s Sys=0.02s Real=0.01s
[2023-03-02T21:53:36.259+0000][gc,start      ] GC(3) Pause Young (Concurrent Start) (Metadata GC Threshold)
[2023-03-02T21:53:36.259+0000][gc,task       ] GC(3) Using 10 workers of 10 for evacuation
[2023-03-02T21:53:36.262+0000][gc,phases     ] GC(3)   Pre Evacuate Collection Set: 0.0ms
[2023-03-02T21:53:36.262+0000][gc,phases     ] GC(3)   Evacuate Collection Set: 2.5ms
[2023-03-02T21:53:36.262+0000][gc,phases     ] GC(3)   Post Evacuate Collection Set: 0.3ms
[2023-03-02T21:53:36.262+0000][gc,phases     ] GC(3)   Other: 0.2ms
[2023-03-02T21:53:36.262+0000][gc,heap       ] GC(3) Eden regions: 36->0(47)
[2023-03-02T21:53:36.262+0000][gc,heap       ] GC(3) Survivor regions: 2->4(7)
[2023-03-02T21:53:36.262+0000][gc,heap       ] GC(3) Old regions: 8->8
[2023-03-02T21:53:36.262+0000][gc,heap       ] GC(3) Humongous regions: 129->129
[2023-03-02T21:53:36.262+0000][gc,metaspace  ] GC(3) Metaspace: 34770K->34770K(1081344K)
[2023-03-02T21:53:36.262+0000][gc            ] GC(3) Pause Young (Concurrent Start) (Metadata GC Threshold) 173M->139M(1024M) 3.168ms
[2023-03-02T21:53:36.262+0000][gc,cpu        ] GC(3) User=0.02s Sys=0.00s Real=0.01s
[2023-03-02T21:53:36.262+0000][gc            ] GC(4) Concurrent Cycle
[2023-03-02T21:53:36.262+0000][gc,marking    ] GC(4) Concurrent Clear Claimed Marks
[2023-03-02T21:53:36.262+0000][gc,marking    ] GC(4) Concurrent Clear Claimed Marks 0.054ms
[2023-03-02T21:53:36.262+0000][gc,marking    ] GC(4) Concurrent Scan Root Regions
[2023-03-02T21:53:36.263+0000][gc,marking    ] GC(4) Concurrent Scan Root Regions 0.922ms
[2023-03-02T21:53:36.263+0000][gc,marking    ] GC(4) Concurrent Mark (4.684s)
[2023-03-02T21:53:36.263+0000][gc,marking    ] GC(4) Concurrent Mark From Roots
[2023-03-02T21:53:36.263+0000][gc,task       ] GC(4) Using 3 workers of 3 for marking
[2023-03-02T21:53:36.267+0000][gc,marking    ] GC(4) Concurrent Mark From Roots 3.766ms
[2023-03-02T21:53:36.267+0000][gc,marking    ] GC(4) Concurrent Preclean
[2023-03-02T21:53:36.267+0000][gc,marking    ] GC(4) Concurrent Preclean 0.061ms
[2023-03-02T21:53:36.267+0000][gc,marking    ] GC(4) Concurrent Mark (4.684s, 4.688s) 3.900ms
[2023-03-02T21:53:36.267+0000][gc,start      ] GC(4) Pause Remark
[2023-03-02T21:53:36.268+0000][gc,stringtable] GC(4) Cleaned string and symbol table, strings: 10702 processed, 11 removed, symbols: 97643 processed, 20 removed
[2023-03-02T21:53:36.269+0000][gc            ] GC(4) Pause Remark 140M->140M(1024M) 1.652ms
[2023-03-02T21:53:36.269+0000][gc,cpu        ] GC(4) User=0.01s Sys=0.01s Real=0.00s
[2023-03-02T21:53:36.269+0000][gc,marking    ] GC(4) Concurrent Rebuild Remembered Sets
[2023-03-02T21:53:36.271+0000][gc,marking    ] GC(4) Concurrent Rebuild Remembered Sets 2.159ms
[2023-03-02T21:53:36.271+0000][gc,start      ] GC(4) Pause Cleanup
[2023-03-02T21:53:36.271+0000][gc            ] GC(4) Pause Cleanup 140M->140M(1024M) 0.110ms
[2023-03-02T21:53:36.271+0000][gc,cpu        ] GC(4) User=0.00s Sys=0.00s Real=0.00s
[2023-03-02T21:53:36.271+0000][gc,marking    ] GC(4) Concurrent Cleanup for Next Mark
[2023-03-02T21:53:36.276+0000][gc,marking    ] GC(4) Concurrent Cleanup for Next Mark 4.976ms
[2023-03-02T21:53:36.276+0000][gc            ] GC(4) Concurrent Cycle 14.389ms
[2023-03-02T21:53:36.730+0000][gc,start      ] GC(5) Pause Young (Normal) (G1 Evacuation Pause)
[2023-03-02T21:53:36.730+0000][gc,task       ] GC(5) Using 10 workers of 10 for evacuation
[2023-03-02T21:53:36.735+0000][gc,phases     ] GC(5)   Pre Evacuate Collection Set: 0.0ms
[2023-03-02T21:53:36.735+0000][gc,phases     ] GC(5)   Evacuate Collection Set: 4.3ms
[2023-03-02T21:53:36.735+0000][gc,phases     ] GC(5)   Post Evacuate Collection Set: 0.4ms
[2023-03-02T21:53:36.735+0000][gc,phases     ] GC(5)   Other: 0.2ms
[2023-03-02T21:53:36.735+0000][gc,heap       ] GC(5) Eden regions: 47->0(44)
[2023-03-02T21:53:36.735+0000][gc,heap       ] GC(5) Survivor regions: 4->7(7)
[2023-03-02T21:53:36.735+0000][gc,heap       ] GC(5) Old regions: 8->8
[2023-03-02T21:53:36.735+0000][gc,heap       ] GC(5) Humongous regions: 129->129
[2023-03-02T21:53:36.735+0000][gc,metaspace  ] GC(5) Metaspace: 42568K->42568K(1087488K)
[2023-03-02T21:53:36.735+0000][gc            ] GC(5) Pause Young (Normal) (G1 Evacuation Pause) 186M->142M(1024M) 4.973ms
[2023-03-02T21:53:36.735+0000][gc,cpu        ] GC(5) User=0.04s Sys=0.00s Real=0.00s
[2023-03-02T21:56:17.891+0000][gc,start      ] GC(6) Pause Young (Normal) (G1 Evacuation Pause)
[2023-03-02T21:56:17.891+0000][gc,task       ] GC(6) Using 10 workers of 10 for evacuation
[2023-03-02T21:56:17.900+0000][gc,phases     ] GC(6)   Pre Evacuate Collection Set: 0.0ms
[2023-03-02T21:56:17.900+0000][gc,phases     ] GC(6)   Evacuate Collection Set: 7.7ms
[2023-03-02T21:56:17.900+0000][gc,phases     ] GC(6)   Post Evacuate Collection Set: 0.9ms
[2023-03-02T21:56:17.900+0000][gc,phases     ] GC(6)   Other: 0.5ms
[2023-03-02T21:56:17.900+0000][gc,heap       ] GC(6) Eden regions: 44->0(48)
[2023-03-02T21:56:17.900+0000][gc,heap       ] GC(6) Survivor regions: 7->3(7)
[2023-03-02T21:56:17.900+0000][gc,heap       ] GC(6) Old regions: 8->14
[2023-03-02T21:56:17.900+0000][gc,heap       ] GC(6) Humongous regions: 141->129
[2023-03-02T21:56:17.900+0000][gc,metaspace  ] GC(6) Metaspace: 48833K->48833K(1093632K)
[2023-03-02T21:56:17.900+0000][gc            ] GC(6) Pause Young (Normal) (G1 Evacuation Pause) 198M->145M(1024M) 9.283ms
[2023-03-02T21:56:17.900+0000][gc,cpu        ] GC(6) User=0.05s Sys=0.01s Real=0.01s
[2023-03-02T22:07:36.367+0000][gc,start      ] GC(7) Pause Young (Normal) (G1 Evacuation Pause)
[2023-03-02T22:07:36.368+0000][gc,task       ] GC(7) Using 10 workers of 10 for evacuation
[2023-03-02T22:07:36.372+0000][gc,phases     ] GC(7)   Pre Evacuate Collection Set: 0.0ms
[2023-03-02T22:07:36.372+0000][gc,phases     ] GC(7)   Evacuate Collection Set: 3.9ms
[2023-03-02T22:07:36.372+0000][gc,phases     ] GC(7)   Post Evacuate Collection Set: 0.6ms
[2023-03-02T22:07:36.372+0000][gc,phases     ] GC(7)   Other: 0.8ms
[2023-03-02T22:07:36.372+0000][gc,heap       ] GC(7) Eden regions: 48->0(45)
[2023-03-02T22:07:36.372+0000][gc,heap       ] GC(7) Survivor regions: 3->6(7)
[2023-03-02T22:07:36.372+0000][gc,heap       ] GC(7) Old regions: 14->14
[2023-03-02T22:07:36.372+0000][gc,heap       ] GC(7) Humongous regions: 129->129
[2023-03-02T22:07:36.372+0000][gc,metaspace  ] GC(7) Metaspace: 52125K->52125K(1095680K)
[2023-03-02T22:07:36.372+0000][gc            ] GC(7) Pause Young (Normal) (G1 Evacuation Pause) 193M->147M(1024M) 5.391ms
[2023-03-02T22:07:36.372+0000][gc,cpu        ] GC(7) User=0.03s Sys=0.01s Real=0.01s
[2023-03-02T22:16:59.756+0000][gc,heap,exit  ] Heap
[2023-03-02T22:16:59.756+0000][gc,heap,exit  ]  garbage-first heap   total 1048576K, used 194508K [0x00000007c0000000, 0x0000000800000000)
[2023-03-02T22:16:59.756+0000][gc,heap,exit  ]   region size 1024K, 49 young (50176K), 6 survivors (6144K)
[2023-03-02T22:16:59.756+0000][gc,heap,exit  ]  Metaspace       used 52932K, capacity 56148K, committed 56320K, reserved 1097728K
[2023-03-02T22:16:59.756+0000][gc,heap,exit  ]   class space    used 7004K, capacity 8643K, committed 8704K, reserved 1048576K
