[2023-03-02T22:17:02.151+0000][gc,heap] Heap region size: 1M
[2023-03-02T22:17:02.160+0000][gc     ] Using G1
[2023-03-02T22:17:02.160+0000][gc,heap,coops] Heap address: 0x00000007c0000000, size: 1024 MB, Compressed Oops mode: Zero based, Oop shift amount: 3
[2023-03-02T22:17:07.961+0000][gc,start     ] GC(0) Pause Young (Concurrent Start) (Metadata GC Threshold)
[2023-03-02T22:17:07.962+0000][gc,task      ] GC(0) Using 10 workers of 10 for evacuation
[2023-03-02T22:17:07.967+0000][gc,phases    ] GC(0)   Pre Evacuate Collection Set: 0.0ms
[2023-03-02T22:17:07.967+0000][gc,phases    ] GC(0)   Evacuate Collection Set: 4.5ms
[2023-03-02T22:17:07.967+0000][gc,phases    ] GC(0)   Post Evacuate Collection Set: 0.3ms
[2023-03-02T22:17:07.967+0000][gc,phases    ] GC(0)   Other: 1.0ms
[2023-03-02T22:17:07.967+0000][gc,heap      ] GC(0) Eden regions: 48->0(44)
[2023-03-02T22:17:07.967+0000][gc,heap      ] GC(0) Survivor regions: 0->7(7)
[2023-03-02T22:17:07.967+0000][gc,heap      ] GC(0) Old regions: 0->1
[2023-03-02T22:17:07.967+0000][gc,heap      ] GC(0) Humongous regions: 0->0
[2023-03-02T22:17:07.967+0000][gc,metaspace ] GC(0) Metaspace: 20702K->20702K(1069056K)
[2023-03-02T22:17:07.967+0000][gc           ] GC(0) Pause Young (Concurrent Start) (Metadata GC Threshold) 47M->7M(1024M) 6.027ms
[2023-03-02T22:17:07.967+0000][gc,cpu       ] GC(0) User=0.03s Sys=0.01s Real=0.00s
[2023-03-02T22:17:07.967+0000][gc           ] GC(1) Concurrent Cycle
[2023-03-02T22:17:07.967+0000][gc,marking   ] GC(1) Concurrent Clear Claimed Marks
[2023-03-02T22:17:07.967+0000][gc,marking   ] GC(1) Concurrent Clear Claimed Marks 0.023ms
[2023-03-02T22:17:07.967+0000][gc,marking   ] GC(1) Concurrent Scan Root Regions
[2023-03-02T22:17:07.969+0000][gc,marking   ] GC(1) Concurrent Scan Root Regions 1.403ms
[2023-03-02T22:17:07.969+0000][gc,marking   ] GC(1) Concurrent Mark (5.829s)
[2023-03-02T22:17:07.969+0000][gc,marking   ] GC(1) Concurrent Mark From Roots
[2023-03-02T22:17:07.969+0000][gc,task      ] GC(1) Using 3 workers of 3 for marking
[2023-03-02T22:17:07.969+0000][gc,marking   ] GC(1) Concurrent Mark From Roots 0.168ms
[2023-03-02T22:17:07.969+0000][gc,marking   ] GC(1) Concurrent Preclean
[2023-03-02T22:17:07.969+0000][gc,marking   ] GC(1) Concurrent Preclean 0.037ms
[2023-03-02T22:17:07.969+0000][gc,marking   ] GC(1) Concurrent Mark (5.829s, 5.829s) 0.261ms
[2023-03-02T22:17:07.969+0000][gc,start     ] GC(1) Pause Remark
[2023-03-02T22:17:07.970+0000][gc,stringtable] GC(1) Cleaned string and symbol table, strings: 7068 processed, 0 removed, symbols: 65403 processed, 29 removed
[2023-03-02T22:17:07.970+0000][gc            ] GC(1) Pause Remark 7M->7M(1024M) 1.223ms
[2023-03-02T22:17:07.970+0000][gc,cpu        ] GC(1) User=0.00s Sys=0.00s Real=0.01s
[2023-03-02T22:17:07.970+0000][gc,marking    ] GC(1) Concurrent Rebuild Remembered Sets
[2023-03-02T22:17:07.971+0000][gc,marking    ] GC(1) Concurrent Rebuild Remembered Sets 0.106ms
[2023-03-02T22:17:07.971+0000][gc,start      ] GC(1) Pause Cleanup
[2023-03-02T22:17:07.971+0000][gc            ] GC(1) Pause Cleanup 7M->7M(1024M) 0.114ms
[2023-03-02T22:17:07.971+0000][gc,cpu        ] GC(1) User=0.00s Sys=0.00s Real=0.00s
[2023-03-02T22:17:07.971+0000][gc,marking    ] GC(1) Concurrent Cleanup for Next Mark
[2023-03-02T22:17:07.975+0000][gc,marking    ] GC(1) Concurrent Cleanup for Next Mark 4.581ms
[2023-03-02T22:17:07.976+0000][gc            ] GC(1) Concurrent Cycle 8.244ms
[2023-03-02T22:17:08.955+0000][gc,start      ] GC(2) Pause Young (Normal) (G1 Evacuation Pause)
[2023-03-02T22:17:08.955+0000][gc,task       ] GC(2) Using 10 workers of 10 for evacuation
[2023-03-02T22:17:08.961+0000][gc,phases     ] GC(2)   Pre Evacuate Collection Set: 0.0ms
[2023-03-02T22:17:08.961+0000][gc,phases     ] GC(2)   Evacuate Collection Set: 5.2ms
[2023-03-02T22:17:08.961+0000][gc,phases     ] GC(2)   Post Evacuate Collection Set: 0.4ms
[2023-03-02T22:17:08.961+0000][gc,phases     ] GC(2)   Other: 0.2ms
[2023-03-02T22:17:08.961+0000][gc,heap       ] GC(2) Eden regions: 44->0(49)
[2023-03-02T22:17:08.961+0000][gc,heap       ] GC(2) Survivor regions: 7->2(7)
[2023-03-02T22:17:08.961+0000][gc,heap       ] GC(2) Old regions: 1->7
[2023-03-02T22:17:08.961+0000][gc,heap       ] GC(2) Humongous regions: 0->0
[2023-03-02T22:17:08.961+0000][gc,metaspace  ] GC(2) Metaspace: 29582K->29582K(1075200K)
[2023-03-02T22:17:08.961+0000][gc            ] GC(2) Pause Young (Normal) (G1 Evacuation Pause) 51M->8M(1024M) 5.915ms
[2023-03-02T22:17:08.961+0000][gc,cpu        ] GC(2) User=0.04s Sys=0.01s Real=0.01s
[2023-03-02T22:17:10.652+0000][gc,start      ] GC(3) Pause Young (Concurrent Start) (Metadata GC Threshold)
[2023-03-02T22:17:10.652+0000][gc,task       ] GC(3) Using 10 workers of 10 for evacuation
[2023-03-02T22:17:10.654+0000][gc,phases     ] GC(3)   Pre Evacuate Collection Set: 0.0ms
[2023-03-02T22:17:10.655+0000][gc,phases     ] GC(3)   Evacuate Collection Set: 1.9ms
[2023-03-02T22:17:10.655+0000][gc,phases     ] GC(3)   Post Evacuate Collection Set: 0.2ms
[2023-03-02T22:17:10.655+0000][gc,phases     ] GC(3)   Other: 0.2ms
[2023-03-02T22:17:10.655+0000][gc,heap       ] GC(3) Eden regions: 35->0(47)
[2023-03-02T22:17:10.655+0000][gc,heap       ] GC(3) Survivor regions: 2->4(7)
[2023-03-02T22:17:10.655+0000][gc,heap       ] GC(3) Old regions: 7->7
[2023-03-02T22:17:10.655+0000][gc,heap       ] GC(3) Humongous regions: 129->129
[2023-03-02T22:17:10.655+0000][gc,metaspace  ] GC(3) Metaspace: 34763K->34763K(1081344K)
[2023-03-02T22:17:10.655+0000][gc            ] GC(3) Pause Young (Concurrent Start) (Metadata GC Threshold) 171M->138M(1024M) 2.452ms
[2023-03-02T22:17:10.655+0000][gc,cpu        ] GC(3) User=0.01s Sys=0.00s Real=0.00s
[2023-03-02T22:17:10.655+0000][gc            ] GC(4) Concurrent Cycle
[2023-03-02T22:17:10.655+0000][gc,marking    ] GC(4) Concurrent Clear Claimed Marks
[2023-03-02T22:17:10.655+0000][gc,marking    ] GC(4) Concurrent Clear Claimed Marks 0.013ms
[2023-03-02T22:17:10.655+0000][gc,marking    ] GC(4) Concurrent Scan Root Regions
[2023-03-02T22:17:10.655+0000][gc,marking    ] GC(4) Concurrent Scan Root Regions 0.790ms
[2023-03-02T22:17:10.656+0000][gc,marking    ] GC(4) Concurrent Mark (8.516s)
[2023-03-02T22:17:10.656+0000][gc,marking    ] GC(4) Concurrent Mark From Roots
[2023-03-02T22:17:10.656+0000][gc,task       ] GC(4) Using 3 workers of 3 for marking
[2023-03-02T22:17:10.658+0000][gc,marking    ] GC(4) Concurrent Mark From Roots 2.471ms
[2023-03-02T22:17:10.658+0000][gc,marking    ] GC(4) Concurrent Preclean
[2023-03-02T22:17:10.658+0000][gc,marking    ] GC(4) Concurrent Preclean 0.042ms
[2023-03-02T22:17:10.658+0000][gc,marking    ] GC(4) Concurrent Mark (8.516s, 8.518s) 2.550ms
[2023-03-02T22:17:10.658+0000][gc,start      ] GC(4) Pause Remark
[2023-03-02T22:17:10.659+0000][gc,stringtable] GC(4) Cleaned string and symbol table, strings: 10625 processed, 11 removed, symbols: 97606 processed, 20 removed
[2023-03-02T22:17:10.660+0000][gc            ] GC(4) Pause Remark 139M->139M(1024M) 1.521ms
[2023-03-02T22:17:10.660+0000][gc,cpu        ] GC(4) User=0.00s Sys=0.00s Real=0.01s
[2023-03-02T22:17:10.660+0000][gc,marking    ] GC(4) Concurrent Rebuild Remembered Sets
[2023-03-02T22:17:10.661+0000][gc,marking    ] GC(4) Concurrent Rebuild Remembered Sets 1.686ms
[2023-03-02T22:17:10.662+0000][gc,start      ] GC(4) Pause Cleanup
[2023-03-02T22:17:10.662+0000][gc            ] GC(4) Pause Cleanup 140M->140M(1024M) 0.177ms
[2023-03-02T22:17:10.662+0000][gc,cpu        ] GC(4) User=0.00s Sys=0.00s Real=0.00s
[2023-03-02T22:17:10.662+0000][gc,marking    ] GC(4) Concurrent Cleanup for Next Mark
[2023-03-02T22:17:10.666+0000][gc,marking    ] GC(4) Concurrent Cleanup for Next Mark 4.368ms
[2023-03-02T22:17:10.666+0000][gc            ] GC(4) Concurrent Cycle 11.755ms
[2023-03-02T22:17:11.097+0000][gc,start      ] GC(5) Pause Young (Normal) (G1 Evacuation Pause)
[2023-03-02T22:17:11.097+0000][gc,task       ] GC(5) Using 10 workers of 10 for evacuation
[2023-03-02T22:17:11.102+0000][gc,phases     ] GC(5)   Pre Evacuate Collection Set: 0.0ms
[2023-03-02T22:17:11.103+0000][gc,phases     ] GC(5)   Evacuate Collection Set: 4.8ms
[2023-03-02T22:17:11.103+0000][gc,phases     ] GC(5)   Post Evacuate Collection Set: 0.4ms
[2023-03-02T22:17:11.103+0000][gc,phases     ] GC(5)   Other: 0.2ms
[2023-03-02T22:17:11.103+0000][gc,heap       ] GC(5) Eden regions: 47->0(44)
[2023-03-02T22:17:11.103+0000][gc,heap       ] GC(5) Survivor regions: 4->7(7)
[2023-03-02T22:17:11.103+0000][gc,heap       ] GC(5) Old regions: 7->7
[2023-03-02T22:17:11.103+0000][gc,heap       ] GC(5) Humongous regions: 129->129
[2023-03-02T22:17:11.103+0000][gc,metaspace  ] GC(5) Metaspace: 42617K->42617K(1087488K)
[2023-03-02T22:17:11.103+0000][gc            ] GC(5) Pause Young (Normal) (G1 Evacuation Pause) 185M->142M(1024M) 5.533ms
[2023-03-02T22:17:11.103+0000][gc,cpu        ] GC(5) User=0.04s Sys=0.00s Real=0.01s
[2023-03-02T22:17:53.460+0000][gc,start      ] GC(6) Pause Young (Normal) (G1 Evacuation Pause)
[2023-03-02T22:17:53.461+0000][gc,task       ] GC(6) Using 10 workers of 10 for evacuation
[2023-03-02T22:17:53.466+0000][gc,phases     ] GC(6)   Pre Evacuate Collection Set: 0.0ms
[2023-03-02T22:17:53.466+0000][gc,phases     ] GC(6)   Evacuate Collection Set: 4.6ms
[2023-03-02T22:17:53.466+0000][gc,phases     ] GC(6)   Post Evacuate Collection Set: 0.6ms
[2023-03-02T22:17:53.466+0000][gc,phases     ] GC(6)   Other: 0.5ms
[2023-03-02T22:17:53.466+0000][gc,heap       ] GC(6) Eden regions: 44->0(48)
[2023-03-02T22:17:53.466+0000][gc,heap       ] GC(6) Survivor regions: 7->3(7)
[2023-03-02T22:17:53.466+0000][gc,heap       ] GC(6) Old regions: 7->14
[2023-03-02T22:17:53.466+0000][gc,heap       ] GC(6) Humongous regions: 171->129
[2023-03-02T22:17:53.466+0000][gc,metaspace  ] GC(6) Metaspace: 49216K->49216K(1093632K)
[2023-03-02T22:17:53.466+0000][gc            ] GC(6) Pause Young (Normal) (G1 Evacuation Pause) 228M->145M(1024M) 5.750ms
[2023-03-02T22:17:53.466+0000][gc,cpu        ] GC(6) User=0.03s Sys=0.01s Real=0.00s
[2023-03-02T22:31:58.081+0000][gc,start      ] GC(7) Pause Young (Normal) (G1 Evacuation Pause)
[2023-03-02T22:31:58.082+0000][gc,task       ] GC(7) Using 10 workers of 10 for evacuation
[2023-03-02T22:31:58.088+0000][gc,phases     ] GC(7)   Pre Evacuate Collection Set: 0.0ms
[2023-03-02T22:31:58.088+0000][gc,phases     ] GC(7)   Evacuate Collection Set: 4.5ms
[2023-03-02T22:31:58.088+0000][gc,phases     ] GC(7)   Post Evacuate Collection Set: 0.5ms
[2023-03-02T22:31:58.088+0000][gc,phases     ] GC(7)   Other: 1.1ms
[2023-03-02T22:31:58.088+0000][gc,heap       ] GC(7) Eden regions: 48->0(46)
[2023-03-02T22:31:58.088+0000][gc,heap       ] GC(7) Survivor regions: 3->5(7)
[2023-03-02T22:31:58.088+0000][gc,heap       ] GC(7) Old regions: 14->14
[2023-03-02T22:31:58.088+0000][gc,heap       ] GC(7) Humongous regions: 129->129
[2023-03-02T22:31:58.088+0000][gc,metaspace  ] GC(7) Metaspace: 51660K->51660K(1095680K)
[2023-03-02T22:31:58.088+0000][gc            ] GC(7) Pause Young (Normal) (G1 Evacuation Pause) 193M->147M(1024M) 6.312ms
[2023-03-02T22:31:58.088+0000][gc,cpu        ] GC(7) User=0.03s Sys=0.01s Real=0.00s
[2023-03-02T22:33:09.362+0000][gc,heap,exit  ] Heap
[2023-03-02T22:33:09.362+0000][gc,heap,exit  ]  garbage-first heap   total 1048576K, used 168233K [0x00000007c0000000, 0x0000000800000000)
[2023-03-02T22:33:09.363+0000][gc,heap,exit  ]   region size 1024K, 23 young (23552K), 5 survivors (5120K)
[2023-03-02T22:33:09.363+0000][gc,heap,exit  ]  Metaspace       used 52492K, capacity 55582K, committed 55808K, reserved 1097728K
[2023-03-02T22:33:09.363+0000][gc,heap,exit  ]   class space    used 6851K, capacity 8403K, committed 8448K, reserved 1048576K
