[2023-03-02T22:48:06.268+0000][gc,heap] Heap region size: 1M
[2023-03-02T22:48:06.277+0000][gc     ] Using G1
[2023-03-02T22:48:06.277+0000][gc,heap,coops] Heap address: 0x00000007c0000000, size: 1024 MB, Compressed Oops mode: Zero based, Oop shift amount: 3
[2023-03-02T22:48:12.005+0000][gc,start     ] GC(0) Pause Young (Concurrent Start) (Metadata GC Threshold)
[2023-03-02T22:48:12.006+0000][gc,task      ] GC(0) Using 10 workers of 10 for evacuation
[2023-03-02T22:48:12.011+0000][gc,phases    ] GC(0)   Pre Evacuate Collection Set: 0.0ms
[2023-03-02T22:48:12.011+0000][gc,phases    ] GC(0)   Evacuate Collection Set: 4.9ms
[2023-03-02T22:48:12.011+0000][gc,phases    ] GC(0)   Post Evacuate Collection Set: 0.4ms
[2023-03-02T22:48:12.012+0000][gc,phases    ] GC(0)   Other: 0.9ms
[2023-03-02T22:48:12.012+0000][gc,heap      ] GC(0) Eden regions: 48->0(44)
[2023-03-02T22:48:12.012+0000][gc,heap      ] GC(0) Survivor regions: 0->7(7)
[2023-03-02T22:48:12.012+0000][gc,heap      ] GC(0) Old regions: 0->0
[2023-03-02T22:48:12.012+0000][gc,heap      ] GC(0) Humongous regions: 0->0
[2023-03-02T22:48:12.012+0000][gc,metaspace ] GC(0) Metaspace: 20701K->20701K(1069056K)
[2023-03-02T22:48:12.012+0000][gc           ] GC(0) Pause Young (Concurrent Start) (Metadata GC Threshold) 48M->6M(1024M) 6.358ms
[2023-03-02T22:48:12.012+0000][gc,cpu       ] GC(0) User=0.03s Sys=0.01s Real=0.01s
[2023-03-02T22:48:12.012+0000][gc           ] GC(1) Concurrent Cycle
[2023-03-02T22:48:12.012+0000][gc,marking   ] GC(1) Concurrent Clear Claimed Marks
[2023-03-02T22:48:12.012+0000][gc,marking   ] GC(1) Concurrent Clear Claimed Marks 0.020ms
[2023-03-02T22:48:12.012+0000][gc,marking   ] GC(1) Concurrent Scan Root Regions
[2023-03-02T22:48:12.013+0000][gc,marking   ] GC(1) Concurrent Scan Root Regions 1.392ms
[2023-03-02T22:48:12.013+0000][gc,marking   ] GC(1) Concurrent Mark (5.757s)
[2023-03-02T22:48:12.013+0000][gc,marking   ] GC(1) Concurrent Mark From Roots
[2023-03-02T22:48:12.013+0000][gc,task      ] GC(1) Using 3 workers of 3 for marking
[2023-03-02T22:48:12.013+0000][gc,marking   ] GC(1) Concurrent Mark From Roots 0.161ms
[2023-03-02T22:48:12.013+0000][gc,marking   ] GC(1) Concurrent Preclean
[2023-03-02T22:48:12.013+0000][gc,marking   ] GC(1) Concurrent Preclean 0.036ms
[2023-03-02T22:48:12.013+0000][gc,marking   ] GC(1) Concurrent Mark (5.757s, 5.757s) 0.250ms
[2023-03-02T22:48:12.013+0000][gc,start     ] GC(1) Pause Remark
[2023-03-02T22:48:12.015+0000][gc,stringtable] GC(1) Cleaned string and symbol table, strings: 7072 processed, 0 removed, symbols: 65403 processed, 29 removed
[2023-03-02T22:48:12.015+0000][gc            ] GC(1) Pause Remark 7M->7M(1024M) 1.248ms
[2023-03-02T22:48:12.015+0000][gc,cpu        ] GC(1) User=0.01s Sys=0.00s Real=0.00s
[2023-03-02T22:48:12.015+0000][gc,marking    ] GC(1) Concurrent Rebuild Remembered Sets
[2023-03-02T22:48:12.015+0000][gc,marking    ] GC(1) Concurrent Rebuild Remembered Sets 0.069ms
[2023-03-02T22:48:12.015+0000][gc,start      ] GC(1) Pause Cleanup
[2023-03-02T22:48:12.015+0000][gc            ] GC(1) Pause Cleanup 7M->7M(1024M) 0.110ms
[2023-03-02T22:48:12.015+0000][gc,cpu        ] GC(1) User=0.00s Sys=0.00s Real=0.00s
[2023-03-02T22:48:12.015+0000][gc,marking    ] GC(1) Concurrent Cleanup for Next Mark
[2023-03-02T22:48:12.020+0000][gc,marking    ] GC(1) Concurrent Cleanup for Next Mark 4.826ms
[2023-03-02T22:48:12.020+0000][gc            ] GC(1) Concurrent Cycle 8.402ms
[2023-03-02T22:48:12.909+0000][gc,start      ] GC(2) Pause Young (Normal) (G1 Evacuation Pause)
[2023-03-02T22:48:12.909+0000][gc,task       ] GC(2) Using 10 workers of 10 for evacuation
[2023-03-02T22:48:12.914+0000][gc,phases     ] GC(2)   Pre Evacuate Collection Set: 0.0ms
[2023-03-02T22:48:12.914+0000][gc,phases     ] GC(2)   Evacuate Collection Set: 4.5ms
[2023-03-02T22:48:12.914+0000][gc,phases     ] GC(2)   Post Evacuate Collection Set: 0.3ms
[2023-03-02T22:48:12.914+0000][gc,phases     ] GC(2)   Other: 0.1ms
[2023-03-02T22:48:12.914+0000][gc,heap       ] GC(2) Eden regions: 44->0(49)
[2023-03-02T22:48:12.914+0000][gc,heap       ] GC(2) Survivor regions: 7->2(7)
[2023-03-02T22:48:12.914+0000][gc,heap       ] GC(2) Old regions: 0->7
[2023-03-02T22:48:12.914+0000][gc,heap       ] GC(2) Humongous regions: 0->0
[2023-03-02T22:48:12.914+0000][gc,metaspace  ] GC(2) Metaspace: 29583K->29583K(1075200K)
[2023-03-02T22:48:12.914+0000][gc            ] GC(2) Pause Young (Normal) (G1 Evacuation Pause) 50M->8M(1024M) 5.018ms
[2023-03-02T22:48:12.915+0000][gc,cpu        ] GC(2) User=0.04s Sys=0.01s Real=0.01s
[2023-03-02T22:48:14.635+0000][gc,start      ] GC(3) Pause Young (Concurrent Start) (Metadata GC Threshold)
[2023-03-02T22:48:14.635+0000][gc,task       ] GC(3) Using 10 workers of 10 for evacuation
[2023-03-02T22:48:14.637+0000][gc,phases     ] GC(3)   Pre Evacuate Collection Set: 0.0ms
[2023-03-02T22:48:14.637+0000][gc,phases     ] GC(3)   Evacuate Collection Set: 1.9ms
[2023-03-02T22:48:14.637+0000][gc,phases     ] GC(3)   Post Evacuate Collection Set: 0.2ms
[2023-03-02T22:48:14.637+0000][gc,phases     ] GC(3)   Other: 0.2ms
[2023-03-02T22:48:14.637+0000][gc,heap       ] GC(3) Eden regions: 34->0(47)
[2023-03-02T22:48:14.637+0000][gc,heap       ] GC(3) Survivor regions: 2->4(7)
[2023-03-02T22:48:14.637+0000][gc,heap       ] GC(3) Old regions: 7->7
[2023-03-02T22:48:14.637+0000][gc,heap       ] GC(3) Humongous regions: 129->129
[2023-03-02T22:48:14.637+0000][gc,metaspace  ] GC(3) Metaspace: 34716K->34716K(1081344K)
[2023-03-02T22:48:14.637+0000][gc            ] GC(3) Pause Young (Concurrent Start) (Metadata GC Threshold) 171M->138M(1024M) 2.457ms
[2023-03-02T22:48:14.637+0000][gc,cpu        ] GC(3) User=0.01s Sys=0.00s Real=0.00s
[2023-03-02T22:48:14.637+0000][gc            ] GC(4) Concurrent Cycle
[2023-03-02T22:48:14.637+0000][gc,marking    ] GC(4) Concurrent Clear Claimed Marks
[2023-03-02T22:48:14.637+0000][gc,marking    ] GC(4) Concurrent Clear Claimed Marks 0.019ms
[2023-03-02T22:48:14.637+0000][gc,marking    ] GC(4) Concurrent Scan Root Regions
[2023-03-02T22:48:14.638+0000][gc,marking    ] GC(4) Concurrent Scan Root Regions 0.798ms
[2023-03-02T22:48:14.638+0000][gc,marking    ] GC(4) Concurrent Mark (8.382s)
[2023-03-02T22:48:14.638+0000][gc,marking    ] GC(4) Concurrent Mark From Roots
[2023-03-02T22:48:14.638+0000][gc,task       ] GC(4) Using 3 workers of 3 for marking
[2023-03-02T22:48:14.641+0000][gc,marking    ] GC(4) Concurrent Mark From Roots 2.705ms
[2023-03-02T22:48:14.641+0000][gc,marking    ] GC(4) Concurrent Preclean
[2023-03-02T22:48:14.641+0000][gc,marking    ] GC(4) Concurrent Preclean 0.051ms
[2023-03-02T22:48:14.641+0000][gc,marking    ] GC(4) Concurrent Mark (8.382s, 8.385s) 2.797ms
[2023-03-02T22:48:14.641+0000][gc,start      ] GC(4) Pause Remark
[2023-03-02T22:48:14.642+0000][gc,stringtable] GC(4) Cleaned string and symbol table, strings: 10685 processed, 9 removed, symbols: 97549 processed, 20 removed
[2023-03-02T22:48:14.643+0000][gc            ] GC(4) Pause Remark 140M->140M(1024M) 1.377ms
[2023-03-02T22:48:14.643+0000][gc,cpu        ] GC(4) User=0.01s Sys=0.00s Real=0.00s
[2023-03-02T22:48:14.643+0000][gc,marking    ] GC(4) Concurrent Rebuild Remembered Sets
[2023-03-02T22:48:14.645+0000][gc,marking    ] GC(4) Concurrent Rebuild Remembered Sets 2.069ms
[2023-03-02T22:48:14.645+0000][gc,start      ] GC(4) Pause Cleanup
[2023-03-02T22:48:14.645+0000][gc            ] GC(4) Pause Cleanup 140M->140M(1024M) 0.129ms
[2023-03-02T22:48:14.645+0000][gc,cpu        ] GC(4) User=0.00s Sys=0.00s Real=0.00s
[2023-03-02T22:48:14.645+0000][gc,marking    ] GC(4) Concurrent Cleanup for Next Mark
[2023-03-02T22:48:14.649+0000][gc,marking    ] GC(4) Concurrent Cleanup for Next Mark 4.205ms
[2023-03-02T22:48:14.649+0000][gc            ] GC(4) Concurrent Cycle 11.966ms
[2023-03-02T22:48:15.078+0000][gc,start      ] GC(5) Pause Young (Normal) (G1 Evacuation Pause)
[2023-03-02T22:48:15.078+0000][gc,task       ] GC(5) Using 10 workers of 10 for evacuation
[2023-03-02T22:48:15.082+0000][gc,phases     ] GC(5)   Pre Evacuate Collection Set: 0.0ms
[2023-03-02T22:48:15.082+0000][gc,phases     ] GC(5)   Evacuate Collection Set: 3.6ms
[2023-03-02T22:48:15.082+0000][gc,phases     ] GC(5)   Post Evacuate Collection Set: 0.5ms
[2023-03-02T22:48:15.082+0000][gc,phases     ] GC(5)   Other: 0.1ms
[2023-03-02T22:48:15.082+0000][gc,heap       ] GC(5) Eden regions: 47->0(44)
[2023-03-02T22:48:15.082+0000][gc,heap       ] GC(5) Survivor regions: 4->7(7)
[2023-03-02T22:48:15.082+0000][gc,heap       ] GC(5) Old regions: 7->7
[2023-03-02T22:48:15.082+0000][gc,heap       ] GC(5) Humongous regions: 129->129
[2023-03-02T22:48:15.082+0000][gc,metaspace  ] GC(5) Metaspace: 42613K->42613K(1087488K)
[2023-03-02T22:48:15.082+0000][gc            ] GC(5) Pause Young (Normal) (G1 Evacuation Pause) 185M->142M(1024M) 4.367ms
[2023-03-02T22:48:15.082+0000][gc,cpu        ] GC(5) User=0.04s Sys=0.00s Real=0.01s
[2023-03-02T22:48:43.404+0000][gc,start      ] GC(6) Pause Young (Normal) (G1 Evacuation Pause)
[2023-03-02T22:48:43.404+0000][gc,task       ] GC(6) Using 10 workers of 10 for evacuation
[2023-03-02T22:48:43.409+0000][gc,phases     ] GC(6)   Pre Evacuate Collection Set: 0.0ms
[2023-03-02T22:48:43.409+0000][gc,phases     ] GC(6)   Evacuate Collection Set: 4.8ms
[2023-03-02T22:48:43.409+0000][gc,phases     ] GC(6)   Post Evacuate Collection Set: 0.6ms
[2023-03-02T22:48:43.409+0000][gc,phases     ] GC(6)   Other: 0.2ms
[2023-03-02T22:48:43.409+0000][gc,heap       ] GC(6) Eden regions: 44->0(48)
[2023-03-02T22:48:43.409+0000][gc,heap       ] GC(6) Survivor regions: 7->3(7)
[2023-03-02T22:48:43.409+0000][gc,heap       ] GC(6) Old regions: 7->14
[2023-03-02T22:48:43.409+0000][gc,heap       ] GC(6) Humongous regions: 207->129
[2023-03-02T22:48:43.409+0000][gc,metaspace  ] GC(6) Metaspace: 49121K->49121K(1093632K)
[2023-03-02T22:48:43.410+0000][gc            ] GC(6) Pause Young (Normal) (G1 Evacuation Pause) 264M->144M(1024M) 5.783ms
[2023-03-02T22:48:43.410+0000][gc,cpu        ] GC(6) User=0.04s Sys=0.00s Real=0.01s
[2023-03-02T23:16:55.636+0000][gc,start      ] GC(7) Pause Young (Normal) (G1 Evacuation Pause)
[2023-03-02T23:16:55.636+0000][gc,task       ] GC(7) Using 10 workers of 10 for evacuation
[2023-03-02T23:16:55.654+0000][gc,phases     ] GC(7)   Pre Evacuate Collection Set: 1.1ms
[2023-03-02T23:16:55.654+0000][gc,phases     ] GC(7)   Evacuate Collection Set: 14.3ms
[2023-03-02T23:16:55.654+0000][gc,phases     ] GC(7)   Post Evacuate Collection Set: 0.6ms
[2023-03-02T23:16:55.654+0000][gc,phases     ] GC(7)   Other: 2.7ms
[2023-03-02T23:16:55.654+0000][gc,heap       ] GC(7) Eden regions: 48->0(47)
[2023-03-02T23:16:55.654+0000][gc,heap       ] GC(7) Survivor regions: 3->4(7)
[2023-03-02T23:16:55.654+0000][gc,heap       ] GC(7) Old regions: 14->14
[2023-03-02T23:16:55.654+0000][gc,heap       ] GC(7) Humongous regions: 129->129
[2023-03-02T23:16:55.654+0000][gc,metaspace  ] GC(7) Metaspace: 50517K->50517K(1095680K)
[2023-03-02T23:16:55.654+0000][gc            ] GC(7) Pause Young (Normal) (G1 Evacuation Pause) 192M->145M(1024M) 18.678ms
[2023-03-02T23:16:55.654+0000][gc,cpu        ] GC(7) User=0.04s Sys=0.06s Real=0.02s
[2023-03-02T23:51:46.570+0000][gc,start      ] GC(8) Pause Young (Normal) (G1 Evacuation Pause)
[2023-03-02T23:51:46.570+0000][gc,task       ] GC(8) Using 10 workers of 10 for evacuation
[2023-03-02T23:51:46.575+0000][gc,phases     ] GC(8)   Pre Evacuate Collection Set: 0.0ms
[2023-03-02T23:51:46.575+0000][gc,phases     ] GC(8)   Evacuate Collection Set: 3.3ms
[2023-03-02T23:51:46.575+0000][gc,phases     ] GC(8)   Post Evacuate Collection Set: 1.3ms
[2023-03-02T23:51:46.575+0000][gc,phases     ] GC(8)   Other: 0.4ms
[2023-03-02T23:51:46.575+0000][gc,heap       ] GC(8) Eden regions: 47->0(48)
[2023-03-02T23:51:46.575+0000][gc,heap       ] GC(8) Survivor regions: 4->3(7)
[2023-03-02T23:51:46.575+0000][gc,heap       ] GC(8) Old regions: 14->14
[2023-03-02T23:51:46.576+0000][gc,heap       ] GC(8) Humongous regions: 129->129
[2023-03-02T23:51:46.576+0000][gc,metaspace  ] GC(8) Metaspace: 50731K->50731K(1095680K)
[2023-03-02T23:51:46.576+0000][gc            ] GC(8) Pause Young (Normal) (G1 Evacuation Pause) 192M->145M(1024M) 5.247ms
[2023-03-02T23:51:46.576+0000][gc,cpu        ] GC(8) User=0.04s Sys=0.00s Real=0.00s
[2023-03-03T00:27:51.137+0000][gc,start      ] GC(9) Pause Young (Normal) (G1 Evacuation Pause)
[2023-03-03T00:27:51.138+0000][gc,task       ] GC(9) Using 10 workers of 10 for evacuation
[2023-03-03T00:27:51.143+0000][gc,phases     ] GC(9)   Pre Evacuate Collection Set: 0.1ms
[2023-03-03T00:27:51.143+0000][gc,phases     ] GC(9)   Evacuate Collection Set: 3.1ms
[2023-03-03T00:27:51.143+0000][gc,phases     ] GC(9)   Post Evacuate Collection Set: 1.3ms
[2023-03-03T00:27:51.143+0000][gc,phases     ] GC(9)   Other: 1.3ms
[2023-03-03T00:27:51.143+0000][gc,heap       ] GC(9) Eden regions: 48->0(47)
[2023-03-03T00:27:51.143+0000][gc,heap       ] GC(9) Survivor regions: 3->4(7)
[2023-03-03T00:27:51.143+0000][gc,heap       ] GC(9) Old regions: 14->14
[2023-03-03T00:27:51.143+0000][gc,heap       ] GC(9) Humongous regions: 129->129
[2023-03-03T00:27:51.143+0000][gc,metaspace  ] GC(9) Metaspace: 50772K->50772K(1095680K)
[2023-03-03T00:27:51.143+0000][gc            ] GC(9) Pause Young (Normal) (G1 Evacuation Pause) 193M->145M(1024M) 6.000ms
[2023-03-03T00:27:51.143+0000][gc,cpu        ] GC(9) User=0.03s Sys=0.00s Real=0.01s
[2023-03-03T01:02:46.137+0000][gc,start      ] GC(10) Pause Young (Normal) (G1 Evacuation Pause)
[2023-03-03T01:02:46.139+0000][gc,task       ] GC(10) Using 10 workers of 10 for evacuation
[2023-03-03T01:02:46.143+0000][gc,phases     ] GC(10)   Pre Evacuate Collection Set: 0.0ms
[2023-03-03T01:02:46.143+0000][gc,phases     ] GC(10)   Evacuate Collection Set: 3.3ms
[2023-03-03T01:02:46.143+0000][gc,phases     ] GC(10)   Post Evacuate Collection Set: 0.6ms
[2023-03-03T01:02:46.143+0000][gc,phases     ] GC(10)   Other: 1.3ms
[2023-03-03T01:02:46.143+0000][gc,heap       ] GC(10) Eden regions: 47->0(52)
[2023-03-03T01:02:46.143+0000][gc,heap       ] GC(10) Survivor regions: 4->4(7)
[2023-03-03T01:02:46.143+0000][gc,heap       ] GC(10) Old regions: 14->14
[2023-03-03T01:02:46.143+0000][gc,heap       ] GC(10) Humongous regions: 129->129
[2023-03-03T01:02:46.143+0000][gc,metaspace  ] GC(10) Metaspace: 50813K->50813K(1095680K)
[2023-03-03T01:02:46.143+0000][gc            ] GC(10) Pause Young (Normal) (G1 Evacuation Pause) 192M->145M(1024M) 5.355ms
[2023-03-03T01:02:46.143+0000][gc,cpu        ] GC(10) User=0.03s Sys=0.00s Real=0.01s
[2023-03-03T01:41:29.831+0000][gc,start      ] GC(11) Pause Young (Normal) (G1 Evacuation Pause)
[2023-03-03T01:41:29.831+0000][gc,task       ] GC(11) Using 10 workers of 10 for evacuation
[2023-03-03T01:41:29.836+0000][gc,phases     ] GC(11)   Pre Evacuate Collection Set: 0.0ms
[2023-03-03T01:41:29.836+0000][gc,phases     ] GC(11)   Evacuate Collection Set: 4.3ms
[2023-03-03T01:41:29.836+0000][gc,phases     ] GC(11)   Post Evacuate Collection Set: 0.5ms
[2023-03-03T01:41:29.836+0000][gc,phases     ] GC(11)   Other: 0.5ms
[2023-03-03T01:41:29.836+0000][gc,heap       ] GC(11) Eden regions: 52->0(132)
[2023-03-03T01:41:29.836+0000][gc,heap       ] GC(11) Survivor regions: 4->4(7)
[2023-03-03T01:41:29.836+0000][gc,heap       ] GC(11) Old regions: 14->14
[2023-03-03T01:41:29.836+0000][gc,heap       ] GC(11) Humongous regions: 129->129
[2023-03-03T01:41:29.836+0000][gc,metaspace  ] GC(11) Metaspace: 50832K->50832K(1095680K)
[2023-03-03T01:41:29.836+0000][gc            ] GC(11) Pause Young (Normal) (G1 Evacuation Pause) 197M->145M(1024M) 5.353ms
[2023-03-03T01:41:29.836+0000][gc,cpu        ] GC(11) User=0.02s Sys=0.01s Real=0.00s
[2023-03-03T03:21:17.444+0000][gc,start      ] GC(12) Pause Young (Normal) (G1 Evacuation Pause)
[2023-03-03T03:21:17.444+0000][gc,task       ] GC(12) Using 10 workers of 10 for evacuation
[2023-03-03T03:21:17.447+0000][gc,phases     ] GC(12)   Pre Evacuate Collection Set: 0.0ms
[2023-03-03T03:21:17.447+0000][gc,phases     ] GC(12)   Evacuate Collection Set: 2.4ms
[2023-03-03T03:21:17.447+0000][gc,phases     ] GC(12)   Post Evacuate Collection Set: 0.5ms
[2023-03-03T03:21:17.447+0000][gc,phases     ] GC(12)   Other: 0.4ms
[2023-03-03T03:21:17.447+0000][gc,heap       ] GC(12) Eden regions: 132->0(494)
[2023-03-03T03:21:17.447+0000][gc,heap       ] GC(12) Survivor regions: 4->4(17)
[2023-03-03T03:21:17.447+0000][gc,heap       ] GC(12) Old regions: 14->14
[2023-03-03T03:21:17.447+0000][gc,heap       ] GC(12) Humongous regions: 129->129
[2023-03-03T03:21:17.447+0000][gc,metaspace  ] GC(12) Metaspace: 50982K->50982K(1095680K)
[2023-03-03T03:21:17.447+0000][gc            ] GC(12) Pause Young (Normal) (G1 Evacuation Pause) 277M->145M(1024M) 3.470ms
[2023-03-03T03:21:17.447+0000][gc,cpu        ] GC(12) User=0.02s Sys=0.00s Real=0.00s
[2023-03-03T08:19:31.250+0000][gc,start      ] GC(13) Pause Young (Normal) (G1 Evacuation Pause)
[2023-03-03T08:19:31.250+0000][gc,task       ] GC(13) Using 10 workers of 10 for evacuation
[2023-03-03T08:19:31.257+0000][gc,phases     ] GC(13)   Pre Evacuate Collection Set: 0.4ms
[2023-03-03T08:19:31.257+0000][gc,phases     ] GC(13)   Evacuate Collection Set: 5.0ms
[2023-03-03T08:19:31.257+0000][gc,phases     ] GC(13)   Post Evacuate Collection Set: 1.4ms
[2023-03-03T08:19:31.257+0000][gc,phases     ] GC(13)   Other: 0.5ms
[2023-03-03T08:19:31.257+0000][gc,heap       ] GC(13) Eden regions: 396->0(610)
[2023-03-03T08:19:31.257+0000][gc,heap       ] GC(13) Survivor regions: 4->4(50)
[2023-03-03T08:19:31.257+0000][gc,heap       ] GC(13) Old regions: 14->14
[2023-03-03T08:19:31.257+0000][gc,heap       ] GC(13) Humongous regions: 129->129
[2023-03-03T08:19:31.257+0000][gc,metaspace  ] GC(13) Metaspace: 51642K->51642K(1095680K)
[2023-03-03T08:19:31.257+0000][gc            ] GC(13) Pause Young (Normal) (G1 Evacuation Pause) 541M->145M(1024M) 7.376ms
[2023-03-03T08:19:31.257+0000][gc,cpu        ] GC(13) User=0.02s Sys=0.02s Real=0.00s
[2023-03-03T08:19:31.656+0000][gc,heap,exit  ] Heap
[2023-03-03T08:19:31.656+0000][gc,heap,exit  ]  garbage-first heap   total 1048576K, used 154073K [0x00000007c0000000, 0x0000000800000000)
[2023-03-03T08:19:31.656+0000][gc,heap,exit  ]   region size 1024K, 10 young (10240K), 4 survivors (4096K)
[2023-03-03T08:19:31.656+0000][gc,heap,exit  ]  Metaspace       used 51790K, capacity 54689K, committed 54912K, reserved 1095680K
[2023-03-03T08:19:31.656+0000][gc,heap,exit  ]   class space    used 6614K, capacity 8060K, committed 8064K, reserved 1048576K
