[2023-03-05T20:32:45.397+0000][gc,init] CardTable entry size: 512
[2023-03-05T20:32:45.398+0000][gc     ] Using G1
[2023-03-05T20:32:45.403+0000][gc,init] Version: 19.0.2+7-44 (release)
[2023-03-05T20:32:45.403+0000][gc,init] CPUs: 12 total, 12 available
[2023-03-05T20:32:45.403+0000][gc,init] Memory: 16384M
[2023-03-05T20:32:45.403+0000][gc,init] Large Page Support: Disabled
[2023-03-05T20:32:45.403+0000][gc,init] NUMA Support: Disabled
[2023-03-05T20:32:45.403+0000][gc,init] Compressed Oops: Enabled (Zero based)
[2023-03-05T20:32:45.404+0000][gc,init] Heap Region Size: 1M
[2023-03-05T20:32:45.404+0000][gc,init] Heap Min Capacity: 1G
[2023-03-05T20:32:45.404+0000][gc,init] Heap Initial Capacity: 1G
[2023-03-05T20:32:45.404+0000][gc,init] Heap Max Capacity: 1G
[2023-03-05T20:32:45.404+0000][gc,init] Pre-touch: Disabled
[2023-03-05T20:32:45.404+0000][gc,init] Parallel Workers: 10
[2023-03-05T20:32:45.404+0000][gc,init] Concurrent Workers: 3
[2023-03-05T20:32:45.404+0000][gc,init] Concurrent Refinement Workers: 10
[2023-03-05T20:32:45.404+0000][gc,init] Periodic GC: Disabled
[2023-03-05T20:32:45.404+0000][gc,metaspace] CDS archive(s) mapped at: [0x0000000800000000-0x0000000800c44000-0x0000000800c44000), size 12861440, SharedBaseAddress: 0x0000000800000000, ArchiveRelocationMode: 0.
[2023-03-05T20:32:45.404+0000][gc,metaspace] Compressed class space mapped at: 0x0000000801000000-0x0000000841000000, reserved size: 1073741824
[2023-03-05T20:32:45.404+0000][gc,metaspace] Narrow klass base: 0x0000000800000000, Narrow klass shift: 0, Narrow klass range: 0x100000000
[2023-03-05T20:32:46.951+0000][gc,start    ] GC(0) Pause Young (Normal) (G1 Evacuation Pause)
[2023-03-05T20:32:46.952+0000][gc,task     ] GC(0) Using 10 workers of 10 for evacuation
[2023-03-05T20:32:46.957+0000][gc,phases   ] GC(0)   Pre Evacuate Collection Set: 0.1ms
[2023-03-05T20:32:46.957+0000][gc,phases   ] GC(0)   Merge Heap Roots: 0.6ms
[2023-03-05T20:32:46.957+0000][gc,phases   ] GC(0)   Evacuate Collection Set: 3.4ms
[2023-03-05T20:32:46.957+0000][gc,phases   ] GC(0)   Post Evacuate Collection Set: 0.5ms
[2023-03-05T20:32:46.957+0000][gc,phases   ] GC(0)   Other: 0.6ms
[2023-03-05T20:32:46.957+0000][gc,heap     ] GC(0) Eden regions: 51->0(44)
[2023-03-05T20:32:46.957+0000][gc,heap     ] GC(0) Survivor regions: 0->7(7)
[2023-03-05T20:32:46.957+0000][gc,heap     ] GC(0) Old regions: 0->1
[2023-03-05T20:32:46.957+0000][gc,heap     ] GC(0) Archive regions: 2->2
[2023-03-05T20:32:46.957+0000][gc,heap     ] GC(0) Humongous regions: 0->0
[2023-03-05T20:32:46.957+0000][gc,metaspace] GC(0) Metaspace: 18503K(18752K)->18503K(18752K) NonClass: 16381K(16512K)->16381K(16512K) Class: 2122K(2240K)->2122K(2240K)
[2023-03-05T20:32:46.957+0000][gc          ] GC(0) Pause Young (Normal) (G1 Evacuation Pause) 51M->8M(1024M) 5.899ms
[2023-03-05T20:32:46.957+0000][gc,cpu      ] GC(0) User=0.02s Sys=0.01s Real=0.00s
[2023-03-05T20:32:47.150+0000][gc,start    ] GC(1) Pause Young (Concurrent Start) (Metadata GC Threshold)
[2023-03-05T20:32:47.150+0000][gc,task     ] GC(1) Using 10 workers of 10 for evacuation
[2023-03-05T20:32:47.157+0000][gc,phases   ] GC(1)   Pre Evacuate Collection Set: 0.2ms
[2023-03-05T20:32:47.157+0000][gc,phases   ] GC(1)   Merge Heap Roots: 0.1ms
[2023-03-05T20:32:47.157+0000][gc,phases   ] GC(1)   Evacuate Collection Set: 5.3ms
[2023-03-05T20:32:47.157+0000][gc,phases   ] GC(1)   Post Evacuate Collection Set: 0.5ms
[2023-03-05T20:32:47.157+0000][gc,phases   ] GC(1)   Other: 0.1ms
[2023-03-05T20:32:47.157+0000][gc,heap     ] GC(1) Eden regions: 12->0(49)
[2023-03-05T20:32:47.157+0000][gc,heap     ] GC(1) Survivor regions: 7->2(7)
[2023-03-05T20:32:47.157+0000][gc,heap     ] GC(1) Old regions: 1->8
[2023-03-05T20:32:47.157+0000][gc,heap     ] GC(1) Archive regions: 2->2
[2023-03-05T20:32:47.157+0000][gc,heap     ] GC(1) Humongous regions: 0->0
[2023-03-05T20:32:47.157+0000][gc,metaspace] GC(1) Metaspace: 21352K(21504K)->21352K(21504K) NonClass: 18872K(18944K)->18872K(18944K) Class: 2480K(2560K)->2480K(2560K)
[2023-03-05T20:32:47.157+0000][gc          ] GC(1) Pause Young (Concurrent Start) (Metadata GC Threshold) 19M->9M(1024M) 6.400ms
[2023-03-05T20:32:47.157+0000][gc,cpu      ] GC(1) User=0.03s Sys=0.02s Real=0.00s
[2023-03-05T20:32:47.157+0000][gc          ] GC(2) Concurrent Mark Cycle
[2023-03-05T20:32:47.157+0000][gc,marking  ] GC(2) Concurrent Clear Claimed Marks
[2023-03-05T20:32:47.157+0000][gc,marking  ] GC(2) Concurrent Clear Claimed Marks 0.018ms
[2023-03-05T20:32:47.157+0000][gc,marking  ] GC(2) Concurrent Scan Root Regions
[2023-03-05T20:32:47.159+0000][gc,marking  ] GC(2) Concurrent Scan Root Regions 1.747ms
[2023-03-05T20:32:47.159+0000][gc,marking  ] GC(2) Concurrent Mark
[2023-03-05T20:32:47.159+0000][gc,marking  ] GC(2) Concurrent Mark From Roots
[2023-03-05T20:32:47.159+0000][gc,task     ] GC(2) Using 3 workers of 3 for marking
[2023-03-05T20:32:47.160+0000][gc,marking  ] GC(2) Concurrent Mark From Roots 1.258ms
[2023-03-05T20:32:47.160+0000][gc,marking  ] GC(2) Concurrent Preclean
[2023-03-05T20:32:47.160+0000][gc,marking  ] GC(2) Concurrent Preclean 0.016ms
[2023-03-05T20:32:47.160+0000][gc,start    ] GC(2) Pause Remark
[2023-03-05T20:32:47.161+0000][gc          ] GC(2) Pause Remark 9M->9M(1024M) 1.100ms
[2023-03-05T20:32:47.161+0000][gc,cpu      ] GC(2) User=0.00s Sys=0.00s Real=0.00s
[2023-03-05T20:32:47.161+0000][gc,marking  ] GC(2) Concurrent Mark 2.530ms
[2023-03-05T20:32:47.161+0000][gc,marking  ] GC(2) Concurrent Rebuild Remembered Sets
[2023-03-05T20:32:47.163+0000][gc,marking  ] GC(2) Concurrent Rebuild Remembered Sets 1.746ms
[2023-03-05T20:32:47.163+0000][gc,start    ] GC(2) Pause Cleanup
[2023-03-05T20:32:47.163+0000][gc          ] GC(2) Pause Cleanup 9M->9M(1024M) 0.110ms
[2023-03-05T20:32:47.163+0000][gc,cpu      ] GC(2) User=0.00s Sys=0.00s Real=0.00s
[2023-03-05T20:32:47.163+0000][gc,marking  ] GC(2) Concurrent Cleanup for Next Mark
[2023-03-05T20:32:47.170+0000][gc,marking  ] GC(2) Concurrent Cleanup for Next Mark 6.748ms
[2023-03-05T20:32:47.170+0000][gc          ] GC(2) Concurrent Mark Cycle 13.246ms
[2023-03-05T20:32:49.214+0000][gc,start    ] GC(3) Pause Young (Normal) (G1 Evacuation Pause)
[2023-03-05T20:32:49.214+0000][gc,task     ] GC(3) Using 10 workers of 10 for evacuation
[2023-03-05T20:32:49.218+0000][gc,phases   ] GC(3)   Pre Evacuate Collection Set: 0.1ms
[2023-03-05T20:32:49.218+0000][gc,phases   ] GC(3)   Merge Heap Roots: 0.1ms
[2023-03-05T20:32:49.218+0000][gc,phases   ] GC(3)   Evacuate Collection Set: 2.8ms
[2023-03-05T20:32:49.218+0000][gc,phases   ] GC(3)   Post Evacuate Collection Set: 0.7ms
[2023-03-05T20:32:49.218+0000][gc,phases   ] GC(3)   Other: 0.1ms
[2023-03-05T20:32:49.218+0000][gc,heap     ] GC(3) Eden regions: 49->0(45)
[2023-03-05T20:32:49.218+0000][gc,heap     ] GC(3) Survivor regions: 2->6(7)
[2023-03-05T20:32:49.218+0000][gc,heap     ] GC(3) Old regions: 8->8
[2023-03-05T20:32:49.218+0000][gc,heap     ] GC(3) Archive regions: 2->2
[2023-03-05T20:32:49.218+0000][gc,heap     ] GC(3) Humongous regions: 129->129
[2023-03-05T20:32:49.218+0000][gc,metaspace] GC(3) Metaspace: 30923K(31296K)->30923K(31296K) NonClass: 27518K(27712K)->27518K(27712K) Class: 3404K(3584K)->3404K(3584K)
[2023-03-05T20:32:49.218+0000][gc          ] GC(3) Pause Young (Normal) (G1 Evacuation Pause) 187M->142M(1024M) 4.045ms
[2023-03-05T20:32:49.218+0000][gc,cpu      ] GC(3) User=0.03s Sys=0.00s Real=0.00s
[2023-03-05T20:32:49.514+0000][gc,start    ] GC(4) Pause Young (Concurrent Start) (Metadata GC Threshold)
[2023-03-05T20:32:49.515+0000][gc,task     ] GC(4) Using 10 workers of 10 for evacuation
[2023-03-05T20:32:49.519+0000][gc,phases   ] GC(4)   Pre Evacuate Collection Set: 0.2ms
[2023-03-05T20:32:49.519+0000][gc,phases   ] GC(4)   Merge Heap Roots: 0.0ms
[2023-03-05T20:32:49.519+0000][gc,phases   ] GC(4)   Evacuate Collection Set: 4.0ms
[2023-03-05T20:32:49.519+0000][gc,phases   ] GC(4)   Post Evacuate Collection Set: 0.4ms
[2023-03-05T20:32:49.519+0000][gc,phases   ] GC(4)   Other: 0.1ms
[2023-03-05T20:32:49.519+0000][gc,heap     ] GC(4) Eden regions: 20->0(48)
[2023-03-05T20:32:49.519+0000][gc,heap     ] GC(4) Survivor regions: 6->3(7)
[2023-03-05T20:32:49.519+0000][gc,heap     ] GC(4) Old regions: 8->13
[2023-03-05T20:32:49.519+0000][gc,heap     ] GC(4) Archive regions: 2->2
[2023-03-05T20:32:49.519+0000][gc,heap     ] GC(4) Humongous regions: 129->129
[2023-03-05T20:32:49.519+0000][gc,metaspace] GC(4) Metaspace: 35756K(36096K)->35756K(36096K) NonClass: 31888K(32064K)->31888K(32064K) Class: 3868K(4032K)->3868K(4032K)
[2023-03-05T20:32:49.519+0000][gc          ] GC(4) Pause Young (Concurrent Start) (Metadata GC Threshold) 161M->144M(1024M) 4.996ms
[2023-03-05T20:32:49.519+0000][gc,cpu      ] GC(4) User=0.03s Sys=0.01s Real=0.00s
[2023-03-05T20:32:49.520+0000][gc          ] GC(5) Concurrent Mark Cycle
[2023-03-05T20:32:49.520+0000][gc,marking  ] GC(5) Concurrent Clear Claimed Marks
[2023-03-05T20:32:49.520+0000][gc,marking  ] GC(5) Concurrent Clear Claimed Marks 0.060ms
[2023-03-05T20:32:49.520+0000][gc,marking  ] GC(5) Concurrent Scan Root Regions
[2023-03-05T20:32:49.523+0000][gc,marking  ] GC(5) Concurrent Scan Root Regions 3.508ms
[2023-03-05T20:32:49.523+0000][gc,marking  ] GC(5) Concurrent Mark
[2023-03-05T20:32:49.523+0000][gc,marking  ] GC(5) Concurrent Mark From Roots
[2023-03-05T20:32:49.523+0000][gc,task     ] GC(5) Using 3 workers of 3 for marking
[2023-03-05T20:32:49.529+0000][gc,marking  ] GC(5) Concurrent Mark From Roots 5.508ms
[2023-03-05T20:32:49.529+0000][gc,marking  ] GC(5) Concurrent Preclean
[2023-03-05T20:32:49.529+0000][gc,marking  ] GC(5) Concurrent Preclean 0.107ms
[2023-03-05T20:32:49.529+0000][gc,start    ] GC(5) Pause Remark
[2023-03-05T20:32:49.531+0000][gc          ] GC(5) Pause Remark 145M->145M(1024M) 1.819ms
[2023-03-05T20:32:49.531+0000][gc,cpu      ] GC(5) User=0.00s Sys=0.00s Real=0.01s
[2023-03-05T20:32:49.531+0000][gc,marking  ] GC(5) Concurrent Mark 7.847ms
[2023-03-05T20:32:49.531+0000][gc,marking  ] GC(5) Concurrent Rebuild Remembered Sets
[2023-03-05T20:32:49.535+0000][gc,marking  ] GC(5) Concurrent Rebuild Remembered Sets 4.140ms
[2023-03-05T20:32:49.535+0000][gc,start    ] GC(5) Pause Cleanup
[2023-03-05T20:32:49.536+0000][gc          ] GC(5) Pause Cleanup 146M->146M(1024M) 0.137ms
[2023-03-05T20:32:49.536+0000][gc,cpu      ] GC(5) User=0.00s Sys=0.00s Real=0.00s
[2023-03-05T20:32:49.536+0000][gc,marking  ] GC(5) Concurrent Cleanup for Next Mark
[2023-03-05T20:32:49.542+0000][gc,marking  ] GC(5) Concurrent Cleanup for Next Mark 6.289ms
[2023-03-05T20:32:49.542+0000][gc          ] GC(5) Concurrent Mark Cycle 22.664ms
[2023-03-05T20:34:06.566+0000][gc,heap,exit] Heap
[2023-03-05T20:34:06.567+0000][gc,heap,exit]  garbage-first heap   total 1048576K, used 327826K [0x00000007c0000000, 0x0000000800000000)
[2023-03-05T20:34:06.567+0000][gc,heap,exit]   region size 1024K, 35 young (35840K), 3 survivors (3072K)
[2023-03-05T20:34:06.567+0000][gc,heap,exit]  Metaspace       used 39678K, committed 40192K, reserved 1114112K
[2023-03-05T20:34:06.567+0000][gc,heap,exit]   class space    used 4547K, committed 4800K, reserved 1048576K
