[2023-03-05T14:47:31.265+0000][gc,init] CardTable entry size: 512
[2023-03-05T14:47:31.265+0000][gc     ] Using G1
[2023-03-05T14:47:31.271+0000][gc,init] Version: 19.0.2+7-44 (release)
[2023-03-05T14:47:31.272+0000][gc,init] CPUs: 12 total, 12 available
[2023-03-05T14:47:31.272+0000][gc,init] Memory: 16384M
[2023-03-05T14:47:31.272+0000][gc,init] Large Page Support: Disabled
[2023-03-05T14:47:31.272+0000][gc,init] NUMA Support: Disabled
[2023-03-05T14:47:31.272+0000][gc,init] Compressed Oops: Enabled (Zero based)
[2023-03-05T14:47:31.272+0000][gc,init] Heap Region Size: 1M
[2023-03-05T14:47:31.272+0000][gc,init] Heap Min Capacity: 1G
[2023-03-05T14:47:31.272+0000][gc,init] Heap Initial Capacity: 1G
[2023-03-05T14:47:31.272+0000][gc,init] Heap Max Capacity: 1G
[2023-03-05T14:47:31.272+0000][gc,init] Pre-touch: Disabled
[2023-03-05T14:47:31.272+0000][gc,init] Parallel Workers: 10
[2023-03-05T14:47:31.272+0000][gc,init] Concurrent Workers: 3
[2023-03-05T14:47:31.272+0000][gc,init] Concurrent Refinement Workers: 10
[2023-03-05T14:47:31.272+0000][gc,init] Periodic GC: Disabled
[2023-03-05T14:47:31.272+0000][gc,metaspace] CDS archive(s) mapped at: [0x0000000800000000-0x0000000800c44000-0x0000000800c44000), size 12861440, SharedBaseAddress: 0x0000000800000000, ArchiveRelocationMode: 0.
[2023-03-05T14:47:31.273+0000][gc,metaspace] Compressed class space mapped at: 0x0000000801000000-0x0000000841000000, reserved size: 1073741824
[2023-03-05T14:47:31.273+0000][gc,metaspace] Narrow klass base: 0x0000000800000000, Narrow klass shift: 0, Narrow klass range: 0x100000000
[2023-03-05T14:47:32.732+0000][gc,start    ] GC(0) Pause Young (Normal) (G1 Evacuation Pause)
[2023-03-05T14:47:32.733+0000][gc,task     ] GC(0) Using 10 workers of 10 for evacuation
[2023-03-05T14:47:32.737+0000][gc,phases   ] GC(0)   Pre Evacuate Collection Set: 0.1ms
[2023-03-05T14:47:32.738+0000][gc,phases   ] GC(0)   Merge Heap Roots: 0.1ms
[2023-03-05T14:47:32.738+0000][gc,phases   ] GC(0)   Evacuate Collection Set: 3.2ms
[2023-03-05T14:47:32.738+0000][gc,phases   ] GC(0)   Post Evacuate Collection Set: 0.6ms
[2023-03-05T14:47:32.738+0000][gc,phases   ] GC(0)   Other: 0.9ms
[2023-03-05T14:47:32.738+0000][gc,heap     ] GC(0) Eden regions: 51->0(44)
[2023-03-05T14:47:32.738+0000][gc,heap     ] GC(0) Survivor regions: 0->7(7)
[2023-03-05T14:47:32.738+0000][gc,heap     ] GC(0) Old regions: 0->1
[2023-03-05T14:47:32.738+0000][gc,heap     ] GC(0) Archive regions: 2->2
[2023-03-05T14:47:32.738+0000][gc,heap     ] GC(0) Humongous regions: 0->0
[2023-03-05T14:47:32.738+0000][gc,metaspace] GC(0) Metaspace: 18559K(18816K)->18559K(18816K) NonClass: 16427K(16576K)->16427K(16576K) Class: 2131K(2240K)->2131K(2240K)
[2023-03-05T14:47:32.738+0000][gc          ] GC(0) Pause Young (Normal) (G1 Evacuation Pause) 51M->8M(1024M) 5.392ms
[2023-03-05T14:47:32.738+0000][gc,cpu      ] GC(0) User=0.02s Sys=0.01s Real=0.00s
[2023-03-05T14:47:33.081+0000][gc,start    ] GC(1) Pause Young (Concurrent Start) (Metadata GC Threshold)
[2023-03-05T14:47:33.081+0000][gc,task     ] GC(1) Using 10 workers of 10 for evacuation
[2023-03-05T14:47:33.087+0000][gc,phases   ] GC(1)   Pre Evacuate Collection Set: 0.2ms
[2023-03-05T14:47:33.087+0000][gc,phases   ] GC(1)   Merge Heap Roots: 0.0ms
[2023-03-05T14:47:33.087+0000][gc,phases   ] GC(1)   Evacuate Collection Set: 5.1ms
[2023-03-05T14:47:33.087+0000][gc,phases   ] GC(1)   Post Evacuate Collection Set: 0.3ms
[2023-03-05T14:47:33.087+0000][gc,phases   ] GC(1)   Other: 0.1ms
[2023-03-05T14:47:33.087+0000][gc,heap     ] GC(1) Eden regions: 11->0(49)
[2023-03-05T14:47:33.087+0000][gc,heap     ] GC(1) Survivor regions: 7->2(7)
[2023-03-05T14:47:33.087+0000][gc,heap     ] GC(1) Old regions: 1->8
[2023-03-05T14:47:33.087+0000][gc,heap     ] GC(1) Archive regions: 2->2
[2023-03-05T14:47:33.087+0000][gc,heap     ] GC(1) Humongous regions: 0->0
[2023-03-05T14:47:33.087+0000][gc,metaspace] GC(1) Metaspace: 21311K(21504K)->21311K(21504K) NonClass: 18840K(18944K)->18840K(18944K) Class: 2470K(2560K)->2470K(2560K)
[2023-03-05T14:47:33.087+0000][gc          ] GC(1) Pause Young (Concurrent Start) (Metadata GC Threshold) 18M->9M(1024M) 6.014ms
[2023-03-05T14:47:33.087+0000][gc          ] GC(2) Concurrent Mark Cycle
[2023-03-05T14:47:33.087+0000][gc,cpu      ] GC(1) User=0.03s Sys=0.02s Real=0.00s
[2023-03-05T14:47:33.087+0000][gc,marking  ] GC(2) Concurrent Clear Claimed Marks
[2023-03-05T14:47:33.087+0000][gc,marking  ] GC(2) Concurrent Clear Claimed Marks 0.034ms
[2023-03-05T14:47:33.087+0000][gc,marking  ] GC(2) Concurrent Scan Root Regions
[2023-03-05T14:47:33.089+0000][gc,marking  ] GC(2) Concurrent Scan Root Regions 2.445ms
[2023-03-05T14:47:33.089+0000][gc,marking  ] GC(2) Concurrent Mark
[2023-03-05T14:47:33.089+0000][gc,marking  ] GC(2) Concurrent Mark From Roots
[2023-03-05T14:47:33.089+0000][gc,task     ] GC(2) Using 3 workers of 3 for marking
[2023-03-05T14:47:33.092+0000][gc,marking  ] GC(2) Concurrent Mark From Roots 2.153ms
[2023-03-05T14:47:33.092+0000][gc,marking  ] GC(2) Concurrent Preclean
[2023-03-05T14:47:33.092+0000][gc,marking  ] GC(2) Concurrent Preclean 0.016ms
[2023-03-05T14:47:33.092+0000][gc,start    ] GC(2) Pause Remark
[2023-03-05T14:47:33.094+0000][gc          ] GC(2) Pause Remark 9M->9M(1024M) 1.939ms
[2023-03-05T14:47:33.094+0000][gc,cpu      ] GC(2) User=0.00s Sys=0.00s Real=0.00s
[2023-03-05T14:47:33.094+0000][gc,marking  ] GC(2) Concurrent Mark 4.308ms
[2023-03-05T14:47:33.094+0000][gc,marking  ] GC(2) Concurrent Rebuild Remembered Sets
[2023-03-05T14:47:33.096+0000][gc,marking  ] GC(2) Concurrent Rebuild Remembered Sets 2.462ms
[2023-03-05T14:47:33.096+0000][gc,start    ] GC(2) Pause Cleanup
[2023-03-05T14:47:33.096+0000][gc          ] GC(2) Pause Cleanup 10M->10M(1024M) 0.089ms
[2023-03-05T14:47:33.096+0000][gc,cpu      ] GC(2) User=0.00s Sys=0.00s Real=0.00s
[2023-03-05T14:47:33.096+0000][gc,marking  ] GC(2) Concurrent Cleanup for Next Mark
[2023-03-05T14:47:33.101+0000][gc,marking  ] GC(2) Concurrent Cleanup for Next Mark 5.021ms
[2023-03-05T14:47:33.102+0000][gc          ] GC(2) Concurrent Mark Cycle 14.990ms
[2023-03-05T14:47:34.941+0000][gc,start    ] GC(3) Pause Young (Normal) (G1 Evacuation Pause)
[2023-03-05T14:47:34.941+0000][gc,task     ] GC(3) Using 10 workers of 10 for evacuation
[2023-03-05T14:47:34.943+0000][gc,phases   ] GC(3)   Pre Evacuate Collection Set: 0.0ms
[2023-03-05T14:47:34.943+0000][gc,phases   ] GC(3)   Merge Heap Roots: 0.0ms
[2023-03-05T14:47:34.943+0000][gc,phases   ] GC(3)   Evacuate Collection Set: 1.7ms
[2023-03-05T14:47:34.943+0000][gc,phases   ] GC(3)   Post Evacuate Collection Set: 0.3ms
[2023-03-05T14:47:34.943+0000][gc,phases   ] GC(3)   Other: 0.1ms
[2023-03-05T14:47:34.943+0000][gc,heap     ] GC(3) Eden regions: 49->0(45)
[2023-03-05T14:47:34.943+0000][gc,heap     ] GC(3) Survivor regions: 2->6(7)
[2023-03-05T14:47:34.943+0000][gc,heap     ] GC(3) Old regions: 8->8
[2023-03-05T14:47:34.943+0000][gc,heap     ] GC(3) Archive regions: 2->2
[2023-03-05T14:47:34.943+0000][gc,heap     ] GC(3) Humongous regions: 129->129
[2023-03-05T14:47:34.943+0000][gc,metaspace] GC(3) Metaspace: 30711K(30976K)->30711K(30976K) NonClass: 27336K(27456K)->27336K(27456K) Class: 3374K(3520K)->3374K(3520K)
[2023-03-05T14:47:34.943+0000][gc          ] GC(3) Pause Young (Normal) (G1 Evacuation Pause) 187M->142M(1024M) 2.238ms
[2023-03-05T14:47:34.943+0000][gc,cpu      ] GC(3) User=0.02s Sys=0.00s Real=0.00s
[2023-03-05T14:47:35.216+0000][gc,start    ] GC(4) Pause Young (Concurrent Start) (Metadata GC Threshold)
[2023-03-05T14:47:35.216+0000][gc,task     ] GC(4) Using 10 workers of 10 for evacuation
[2023-03-05T14:47:35.220+0000][gc,phases   ] GC(4)   Pre Evacuate Collection Set: 0.1ms
[2023-03-05T14:47:35.220+0000][gc,phases   ] GC(4)   Merge Heap Roots: 0.1ms
[2023-03-05T14:47:35.220+0000][gc,phases   ] GC(4)   Evacuate Collection Set: 3.2ms
[2023-03-05T14:47:35.220+0000][gc,phases   ] GC(4)   Post Evacuate Collection Set: 0.4ms
[2023-03-05T14:47:35.220+0000][gc,phases   ] GC(4)   Other: 0.1ms
[2023-03-05T14:47:35.220+0000][gc,heap     ] GC(4) Eden regions: 21->0(48)
[2023-03-05T14:47:35.220+0000][gc,heap     ] GC(4) Survivor regions: 6->3(7)
[2023-03-05T14:47:35.220+0000][gc,heap     ] GC(4) Old regions: 8->12
[2023-03-05T14:47:35.220+0000][gc,heap     ] GC(4) Archive regions: 2->2
[2023-03-05T14:47:35.220+0000][gc,heap     ] GC(4) Humongous regions: 129->129
[2023-03-05T14:47:35.220+0000][gc,metaspace] GC(4) Metaspace: 35814K(36160K)->35814K(36160K) NonClass: 31942K(32128K)->31942K(32128K) Class: 3872K(4032K)->3872K(4032K)
[2023-03-05T14:47:35.220+0000][gc          ] GC(4) Pause Young (Concurrent Start) (Metadata GC Threshold) 162M->144M(1024M) 4.081ms
[2023-03-05T14:47:35.220+0000][gc,cpu      ] GC(4) User=0.03s Sys=0.00s Real=0.01s
[2023-03-05T14:47:35.220+0000][gc          ] GC(5) Concurrent Mark Cycle
[2023-03-05T14:47:35.220+0000][gc,marking  ] GC(5) Concurrent Clear Claimed Marks
[2023-03-05T14:47:35.220+0000][gc,marking  ] GC(5) Concurrent Clear Claimed Marks 0.020ms
[2023-03-05T14:47:35.220+0000][gc,marking  ] GC(5) Concurrent Scan Root Regions
[2023-03-05T14:47:35.222+0000][gc,marking  ] GC(5) Concurrent Scan Root Regions 2.437ms
[2023-03-05T14:47:35.222+0000][gc,marking  ] GC(5) Concurrent Mark
[2023-03-05T14:47:35.222+0000][gc,marking  ] GC(5) Concurrent Mark From Roots
[2023-03-05T14:47:35.222+0000][gc,task     ] GC(5) Using 3 workers of 3 for marking
[2023-03-05T14:47:35.227+0000][gc,marking  ] GC(5) Concurrent Mark From Roots 4.660ms
[2023-03-05T14:47:35.227+0000][gc,marking  ] GC(5) Concurrent Preclean
[2023-03-05T14:47:35.227+0000][gc,marking  ] GC(5) Concurrent Preclean 0.056ms
[2023-03-05T14:47:35.227+0000][gc,start    ] GC(5) Pause Remark
[2023-03-05T14:47:35.228+0000][gc          ] GC(5) Pause Remark 145M->145M(1024M) 1.238ms
[2023-03-05T14:47:35.228+0000][gc,cpu      ] GC(5) User=0.01s Sys=0.01s Real=0.00s
[2023-03-05T14:47:35.229+0000][gc,marking  ] GC(5) Concurrent Mark 6.280ms
[2023-03-05T14:47:35.229+0000][gc,marking  ] GC(5) Concurrent Rebuild Remembered Sets
[2023-03-05T14:47:35.229+0000][gc,marking  ] GC(5) Concurrent Rebuild Remembered Sets 0.010ms
[2023-03-05T14:47:35.229+0000][gc,start    ] GC(5) Pause Cleanup
[2023-03-05T14:47:35.229+0000][gc          ] GC(5) Pause Cleanup 145M->145M(1024M) 0.025ms
[2023-03-05T14:47:35.229+0000][gc,cpu      ] GC(5) User=0.00s Sys=0.00s Real=0.00s
[2023-03-05T14:47:35.229+0000][gc,marking  ] GC(5) Concurrent Cleanup for Next Mark
[2023-03-05T14:47:35.234+0000][gc,marking  ] GC(5) Concurrent Cleanup for Next Mark 5.444ms
[2023-03-05T14:47:35.234+0000][gc          ] GC(5) Concurrent Mark Cycle 14.604ms
[2023-03-05T14:50:18.718+0000][gc,start    ] GC(6) Pause Young (Normal) (G1 Evacuation Pause)
[2023-03-05T14:50:18.718+0000][gc,task     ] GC(6) Using 10 workers of 10 for evacuation
[2023-03-05T14:50:18.723+0000][gc,phases   ] GC(6)   Pre Evacuate Collection Set: 0.2ms
[2023-03-05T14:50:18.723+0000][gc,phases   ] GC(6)   Merge Heap Roots: 0.1ms
[2023-03-05T14:50:18.723+0000][gc,phases   ] GC(6)   Evacuate Collection Set: 3.5ms
[2023-03-05T14:50:18.724+0000][gc,phases   ] GC(6)   Post Evacuate Collection Set: 1.1ms
[2023-03-05T14:50:18.724+0000][gc,phases   ] GC(6)   Other: 0.1ms
[2023-03-05T14:50:18.724+0000][gc,heap     ] GC(6) Eden regions: 48->0(45)
[2023-03-05T14:50:18.724+0000][gc,heap     ] GC(6) Survivor regions: 3->6(7)
[2023-03-05T14:50:18.724+0000][gc,heap     ] GC(6) Old regions: 12->12
[2023-03-05T14:50:18.724+0000][gc,heap     ] GC(6) Archive regions: 2->2
[2023-03-05T14:50:18.724+0000][gc,heap     ] GC(6) Humongous regions: 231->129
[2023-03-05T14:50:18.724+0000][gc,metaspace] GC(6) Metaspace: 42054K(42688K)->42054K(42688K) NonClass: 37241K(37568K)->37241K(37568K) Class: 4812K(5120K)->4812K(5120K)
[2023-03-05T14:50:18.724+0000][gc          ] GC(6) Pause Young (Normal) (G1 Evacuation Pause) 294M->147M(1024M) 5.710ms
[2023-03-05T14:50:18.724+0000][gc,cpu      ] GC(6) User=0.03s Sys=0.00s Real=0.01s
[2023-03-05T14:58:02.676+0000][gc,start    ] GC(7) Pause Young (Normal) (G1 Evacuation Pause)
[2023-03-05T14:58:02.677+0000][gc,task     ] GC(7) Using 10 workers of 10 for evacuation
[2023-03-05T14:58:02.681+0000][gc,phases   ] GC(7)   Pre Evacuate Collection Set: 0.2ms
[2023-03-05T14:58:02.681+0000][gc,phases   ] GC(7)   Merge Heap Roots: 0.1ms
[2023-03-05T14:58:02.681+0000][gc,phases   ] GC(7)   Evacuate Collection Set: 3.4ms
[2023-03-05T14:58:02.681+0000][gc,phases   ] GC(7)   Post Evacuate Collection Set: 0.5ms
[2023-03-05T14:58:02.681+0000][gc,phases   ] GC(7)   Other: 0.1ms
[2023-03-05T14:58:02.681+0000][gc,heap     ] GC(7) Eden regions: 45->0(48)
[2023-03-05T14:58:02.681+0000][gc,heap     ] GC(7) Survivor regions: 6->3(7)
[2023-03-05T14:58:02.681+0000][gc,heap     ] GC(7) Old regions: 12->16
[2023-03-05T14:58:02.681+0000][gc,heap     ] GC(7) Archive regions: 2->2
[2023-03-05T14:58:02.681+0000][gc,heap     ] GC(7) Humongous regions: 129->129
[2023-03-05T14:58:02.681+0000][gc,metaspace] GC(7) Metaspace: 42499K(43136K)->42499K(43136K) NonClass: 37609K(37952K)->37609K(37952K) Class: 4889K(5184K)->4889K(5184K)
[2023-03-05T14:58:02.681+0000][gc          ] GC(7) Pause Young (Normal) (G1 Evacuation Pause) 192M->148M(1024M) 4.953ms
[2023-03-05T14:58:02.681+0000][gc,cpu      ] GC(7) User=0.03s Sys=0.01s Real=0.01s
[2023-03-05T15:11:32.753+0000][gc,start    ] GC(8) Pause Young (Normal) (G1 Evacuation Pause)
[2023-03-05T15:11:32.754+0000][gc,task     ] GC(8) Using 10 workers of 10 for evacuation
[2023-03-05T15:11:32.759+0000][gc,phases   ] GC(8)   Pre Evacuate Collection Set: 0.3ms
[2023-03-05T15:11:32.759+0000][gc,phases   ] GC(8)   Merge Heap Roots: 0.1ms
[2023-03-05T15:11:32.759+0000][gc,phases   ] GC(8)   Evacuate Collection Set: 3.8ms
[2023-03-05T15:11:32.759+0000][gc,phases   ] GC(8)   Post Evacuate Collection Set: 0.4ms
[2023-03-05T15:11:32.759+0000][gc,phases   ] GC(8)   Other: 0.2ms
[2023-03-05T15:11:32.759+0000][gc,heap     ] GC(8) Eden regions: 48->0(45)
[2023-03-05T15:11:32.759+0000][gc,heap     ] GC(8) Survivor regions: 3->6(7)
[2023-03-05T15:11:32.759+0000][gc,heap     ] GC(8) Old regions: 16->16
[2023-03-05T15:11:32.759+0000][gc,heap     ] GC(8) Archive regions: 2->2
[2023-03-05T15:11:32.759+0000][gc,heap     ] GC(8) Humongous regions: 129->129
[2023-03-05T15:11:32.759+0000][gc,metaspace] GC(8) Metaspace: 42606K(43264K)->42606K(43264K) NonClass: 37715K(38080K)->37715K(38080K) Class: 4891K(5184K)->4891K(5184K)
[2023-03-05T15:11:32.759+0000][gc          ] GC(8) Pause Young (Normal) (G1 Evacuation Pause) 196M->151M(1024M) 6.149ms
[2023-03-05T15:11:32.759+0000][gc,cpu      ] GC(8) User=0.04s Sys=0.00s Real=0.00s
[2023-03-05T15:27:15.879+0000][gc,start    ] GC(9) Pause Young (Normal) (G1 Evacuation Pause)
[2023-03-05T15:27:15.880+0000][gc,task     ] GC(9) Using 10 workers of 10 for evacuation
[2023-03-05T15:27:15.886+0000][gc,phases   ] GC(9)   Pre Evacuate Collection Set: 0.2ms
[2023-03-05T15:27:15.886+0000][gc,phases   ] GC(9)   Merge Heap Roots: 0.1ms
[2023-03-05T15:27:15.886+0000][gc,phases   ] GC(9)   Evacuate Collection Set: 4.7ms
[2023-03-05T15:27:15.886+0000][gc,phases   ] GC(9)   Post Evacuate Collection Set: 0.3ms
[2023-03-05T15:27:15.886+0000][gc,phases   ] GC(9)   Other: 0.2ms
[2023-03-05T15:27:15.886+0000][gc,heap     ] GC(9) Eden regions: 45->0(50)
[2023-03-05T15:27:15.886+0000][gc,heap     ] GC(9) Survivor regions: 6->5(7)
[2023-03-05T15:27:15.886+0000][gc,heap     ] GC(9) Old regions: 16->21
[2023-03-05T15:27:15.886+0000][gc,heap     ] GC(9) Archive regions: 2->2
[2023-03-05T15:27:15.886+0000][gc,heap     ] GC(9) Humongous regions: 129->129
[2023-03-05T15:27:15.886+0000][gc,metaspace] GC(9) Metaspace: 42699K(43328K)->42699K(43328K) NonClass: 37807K(38144K)->37807K(38144K) Class: 4891K(5184K)->4891K(5184K)
[2023-03-05T15:27:15.886+0000][gc          ] GC(9) Pause Young (Normal) (G1 Evacuation Pause) 196M->154M(1024M) 6.736ms
[2023-03-05T15:27:15.886+0000][gc,cpu      ] GC(9) User=0.04s Sys=0.00s Real=0.01s
[2023-03-05T15:38:37.784+0000][gc,start    ] GC(10) Pause Young (Normal) (G1 Evacuation Pause)
[2023-03-05T15:38:37.785+0000][gc,task     ] GC(10) Using 10 workers of 10 for evacuation
[2023-03-05T15:38:37.794+0000][gc,phases   ] GC(10)   Pre Evacuate Collection Set: 0.2ms
[2023-03-05T15:38:37.794+0000][gc,phases   ] GC(10)   Merge Heap Roots: 0.2ms
[2023-03-05T15:38:37.794+0000][gc,phases   ] GC(10)   Evacuate Collection Set: 7.1ms
[2023-03-05T15:38:37.794+0000][gc,phases   ] GC(10)   Post Evacuate Collection Set: 0.5ms
[2023-03-05T15:38:37.794+0000][gc,phases   ] GC(10)   Other: 0.4ms
[2023-03-05T15:38:37.794+0000][gc,heap     ] GC(10) Eden regions: 50->0(62)
[2023-03-05T15:38:37.794+0000][gc,heap     ] GC(10) Survivor regions: 5->5(7)
[2023-03-05T15:38:37.794+0000][gc,heap     ] GC(10) Old regions: 21->23
[2023-03-05T15:38:37.794+0000][gc,heap     ] GC(10) Archive regions: 2->2
[2023-03-05T15:38:37.794+0000][gc,heap     ] GC(10) Humongous regions: 129->129
[2023-03-05T15:38:37.794+0000][gc,metaspace] GC(10) Metaspace: 43941K(44608K)->43941K(44608K) NonClass: 38747K(39104K)->38747K(39104K) Class: 5194K(5504K)->5194K(5504K)
[2023-03-05T15:38:37.794+0000][gc          ] GC(10) Pause Young (Normal) (G1 Evacuation Pause) 204M->157M(1024M) 9.458ms
[2023-03-05T15:38:37.794+0000][gc,cpu      ] GC(10) User=0.05s Sys=0.02s Real=0.01s
[2023-03-05T15:49:52.695+0000][gc,start    ] GC(11) Pause Young (Normal) (G1 Evacuation Pause)
[2023-03-05T15:49:52.696+0000][gc,task     ] GC(11) Using 10 workers of 10 for evacuation
[2023-03-05T15:49:52.703+0000][gc,phases   ] GC(11)   Pre Evacuate Collection Set: 0.1ms
[2023-03-05T15:49:52.703+0000][gc,phases   ] GC(11)   Merge Heap Roots: 0.1ms
[2023-03-05T15:49:52.703+0000][gc,phases   ] GC(11)   Evacuate Collection Set: 6.1ms
[2023-03-05T15:49:52.703+0000][gc,phases   ] GC(11)   Post Evacuate Collection Set: 0.3ms
[2023-03-05T15:49:52.703+0000][gc,phases   ] GC(11)   Other: 0.1ms
[2023-03-05T15:49:52.703+0000][gc,heap     ] GC(11) Eden regions: 62->0(52)
[2023-03-05T15:49:52.703+0000][gc,heap     ] GC(11) Survivor regions: 5->9(9)
[2023-03-05T15:49:52.703+0000][gc,heap     ] GC(11) Old regions: 23->24
[2023-03-05T15:49:52.703+0000][gc,heap     ] GC(11) Archive regions: 2->2
[2023-03-05T15:49:52.703+0000][gc,heap     ] GC(11) Humongous regions: 129->129
[2023-03-05T15:49:52.703+0000][gc,metaspace] GC(11) Metaspace: 44162K(44864K)->44162K(44864K) NonClass: 38959K(39360K)->38959K(39360K) Class: 5202K(5504K)->5202K(5504K)
[2023-03-05T15:49:52.703+0000][gc          ] GC(11) Pause Young (Normal) (G1 Evacuation Pause) 219M->162M(1024M) 7.764ms
[2023-03-05T15:49:52.703+0000][gc,cpu      ] GC(11) User=0.04s Sys=0.01s Real=0.01s
[2023-03-05T15:59:31.900+0000][gc,start    ] GC(12) Pause Young (Normal) (G1 Evacuation Pause)
[2023-03-05T15:59:31.901+0000][gc,task     ] GC(12) Using 10 workers of 10 for evacuation
[2023-03-05T15:59:31.909+0000][gc,phases   ] GC(12)   Pre Evacuate Collection Set: 0.3ms
[2023-03-05T15:59:31.909+0000][gc,phases   ] GC(12)   Merge Heap Roots: 0.2ms
[2023-03-05T15:59:31.909+0000][gc,phases   ] GC(12)   Evacuate Collection Set: 6.6ms
[2023-03-05T15:59:31.909+0000][gc,phases   ] GC(12)   Post Evacuate Collection Set: 0.4ms
[2023-03-05T15:59:31.909+0000][gc,phases   ] GC(12)   Other: 0.2ms
[2023-03-05T15:59:31.909+0000][gc,heap     ] GC(12) Eden regions: 52->0(113)
[2023-03-05T15:59:31.909+0000][gc,heap     ] GC(12) Survivor regions: 9->4(8)
[2023-03-05T15:59:31.909+0000][gc,heap     ] GC(12) Old regions: 24->31
[2023-03-05T15:59:31.909+0000][gc,heap     ] GC(12) Archive regions: 2->2
[2023-03-05T15:59:31.909+0000][gc,heap     ] GC(12) Humongous regions: 129->129
[2023-03-05T15:59:31.909+0000][gc,metaspace] GC(12) Metaspace: 44216K(44864K)->44216K(44864K) NonClass: 39012K(39360K)->39012K(39360K) Class: 5204K(5504K)->5204K(5504K)
[2023-03-05T15:59:31.909+0000][gc          ] GC(12) Pause Young (Normal) (G1 Evacuation Pause) 214M->164M(1024M) 9.011ms
[2023-03-05T15:59:31.909+0000][gc,cpu      ] GC(12) User=0.05s Sys=0.01s Real=0.00s
[2023-03-05T16:24:06.032+0000][gc,start    ] GC(13) Pause Young (Normal) (G1 Evacuation Pause)
[2023-03-05T16:24:06.033+0000][gc,task     ] GC(13) Using 10 workers of 10 for evacuation
[2023-03-05T16:24:06.041+0000][gc,phases   ] GC(13)   Pre Evacuate Collection Set: 0.6ms
[2023-03-05T16:24:06.041+0000][gc,phases   ] GC(13)   Merge Heap Roots: 0.2ms
[2023-03-05T16:24:06.041+0000][gc,phases   ] GC(13)   Evacuate Collection Set: 6.8ms
[2023-03-05T16:24:06.041+0000][gc,phases   ] GC(13)   Post Evacuate Collection Set: 0.5ms
[2023-03-05T16:24:06.041+0000][gc,phases   ] GC(13)   Other: 0.2ms
[2023-03-05T16:24:06.041+0000][gc,heap     ] GC(13) Eden regions: 113->0(88)
[2023-03-05T16:24:06.041+0000][gc,heap     ] GC(13) Survivor regions: 4->8(15)
[2023-03-05T16:24:06.041+0000][gc,heap     ] GC(13) Old regions: 31->31
[2023-03-05T16:24:06.041+0000][gc,heap     ] GC(13) Archive regions: 2->2
[2023-03-05T16:24:06.041+0000][gc,heap     ] GC(13) Humongous regions: 129->129
[2023-03-05T16:24:06.041+0000][gc,metaspace] GC(13) Metaspace: 44242K(44928K)->44242K(44928K) NonClass: 39038K(39424K)->39038K(39424K) Class: 5204K(5504K)->5204K(5504K)
[2023-03-05T16:24:06.041+0000][gc          ] GC(13) Pause Young (Normal) (G1 Evacuation Pause) 277M->168M(1024M) 9.594ms
[2023-03-05T16:24:06.041+0000][gc,cpu      ] GC(13) User=0.05s Sys=0.01s Real=0.01s
[2023-03-05T16:40:35.379+0000][gc,start    ] GC(14) Pause Young (Normal) (G1 Evacuation Pause)
[2023-03-05T16:40:35.380+0000][gc,task     ] GC(14) Using 10 workers of 10 for evacuation
[2023-03-05T16:40:35.388+0000][gc,phases   ] GC(14)   Pre Evacuate Collection Set: 0.3ms
[2023-03-05T16:40:35.389+0000][gc,phases   ] GC(14)   Merge Heap Roots: 0.2ms
[2023-03-05T16:40:35.389+0000][gc,phases   ] GC(14)   Evacuate Collection Set: 7.7ms
[2023-03-05T16:40:35.389+0000][gc,phases   ] GC(14)   Post Evacuate Collection Set: 0.4ms
[2023-03-05T16:40:35.389+0000][gc,phases   ] GC(14)   Other: 0.2ms
[2023-03-05T16:40:35.389+0000][gc,heap     ] GC(14) Eden regions: 88->0(144)
[2023-03-05T16:40:35.389+0000][gc,heap     ] GC(14) Survivor regions: 8->6(12)
[2023-03-05T16:40:35.389+0000][gc,heap     ] GC(14) Old regions: 31->38
[2023-03-05T16:40:35.389+0000][gc,heap     ] GC(14) Archive regions: 2->2
[2023-03-05T16:40:35.389+0000][gc,heap     ] GC(14) Humongous regions: 129->129
[2023-03-05T16:40:35.389+0000][gc,metaspace] GC(14) Metaspace: 44485K(45120K)->44485K(45120K) NonClass: 39281K(39616K)->39281K(39616K) Class: 5204K(5504K)->5204K(5504K)
[2023-03-05T16:40:35.389+0000][gc          ] GC(14) Pause Young (Normal) (G1 Evacuation Pause) 256M->172M(1024M) 10.156ms
[2023-03-05T16:40:35.389+0000][gc,cpu      ] GC(14) User=0.05s Sys=0.01s Real=0.01s
[2023-03-05T19:39:51.965+0000][gc,start    ] GC(15) Pause Young (Normal) (G1 Evacuation Pause)
[2023-03-05T19:39:51.966+0000][gc,task     ] GC(15) Using 10 workers of 10 for evacuation
[2023-03-05T19:39:52.047+0000][gc,mmu      ] GC(15) MMU target violated: 21.0ms (20.0ms/21.0ms)
[2023-03-05T19:39:52.047+0000][gc,phases   ] GC(15)   Pre Evacuate Collection Set: 2.2ms
[2023-03-05T19:39:52.047+0000][gc,phases   ] GC(15)   Merge Heap Roots: 0.5ms
[2023-03-05T19:39:52.047+0000][gc,phases   ] GC(15)   Evacuate Collection Set: 77.3ms
[2023-03-05T19:39:52.047+0000][gc,phases   ] GC(15)   Post Evacuate Collection Set: 0.6ms
[2023-03-05T19:39:52.047+0000][gc,phases   ] GC(15)   Other: 0.5ms
[2023-03-05T19:39:52.047+0000][gc,heap     ] GC(15) Eden regions: 144->0(41)
[2023-03-05T19:39:52.047+0000][gc,heap     ] GC(15) Survivor regions: 6->10(19)
[2023-03-05T19:39:52.047+0000][gc,heap     ] GC(15) Old regions: 38->38
[2023-03-05T19:39:52.047+0000][gc,heap     ] GC(15) Archive regions: 2->2
[2023-03-05T19:39:52.047+0000][gc,heap     ] GC(15) Humongous regions: 129->129
[2023-03-05T19:39:52.047+0000][gc,metaspace] GC(15) Metaspace: 44624K(45312K)->44624K(45312K) NonClass: 39420K(39808K)->39420K(39808K) Class: 5204K(5504K)->5204K(5504K)
[2023-03-05T19:39:52.047+0000][gc          ] GC(15) Pause Young (Normal) (G1 Evacuation Pause) 316M->176M(1024M) 82.040ms
[2023-03-05T19:39:52.048+0000][gc,cpu      ] GC(15) User=0.07s Sys=0.46s Real=0.08s
[2023-03-05T20:13:22.542+0000][gc,start    ] GC(16) Pause Young (Normal) (G1 Evacuation Pause)
[2023-03-05T20:13:22.543+0000][gc,task     ] GC(16) Using 10 workers of 10 for evacuation
[2023-03-05T20:13:22.566+0000][gc,mmu      ] GC(16) MMU target violated: 21.0ms (20.0ms/21.0ms)
[2023-03-05T20:13:22.566+0000][gc,phases   ] GC(16)   Pre Evacuate Collection Set: 0.9ms
[2023-03-05T20:13:22.566+0000][gc,phases   ] GC(16)   Merge Heap Roots: 0.7ms
[2023-03-05T20:13:22.566+0000][gc,phases   ] GC(16)   Evacuate Collection Set: 20.4ms
[2023-03-05T20:13:22.566+0000][gc,phases   ] GC(16)   Post Evacuate Collection Set: 0.4ms
[2023-03-05T20:13:22.566+0000][gc,phases   ] GC(16)   Other: 0.2ms
[2023-03-05T20:13:22.566+0000][gc,heap     ] GC(16) Eden regions: 41->0(49)
[2023-03-05T20:13:22.566+0000][gc,heap     ] GC(16) Survivor regions: 10->2(7)
[2023-03-05T20:13:22.566+0000][gc,heap     ] GC(16) Old regions: 38->47
[2023-03-05T20:13:22.566+0000][gc,heap     ] GC(16) Archive regions: 2->2
[2023-03-05T20:13:22.566+0000][gc,heap     ] GC(16) Humongous regions: 129->129
[2023-03-05T20:13:22.566+0000][gc,metaspace] GC(16) Metaspace: 44625K(45312K)->44625K(45312K) NonClass: 39421K(39808K)->39421K(39808K) Class: 5204K(5504K)->5204K(5504K)
[2023-03-05T20:13:22.566+0000][gc          ] GC(16) Pause Young (Normal) (G1 Evacuation Pause) 217M->177M(1024M) 24.119ms
[2023-03-05T20:13:22.566+0000][gc,cpu      ] GC(16) User=0.05s Sys=0.10s Real=0.02s
[2023-03-05T20:30:17.754+0000][gc,heap,exit] Heap
[2023-03-05T20:30:17.754+0000][gc,heap,exit]  garbage-first heap   total 1048576K, used 215874K [0x00000007c0000000, 0x0000000800000000)
[2023-03-05T20:30:17.754+0000][gc,heap,exit]   region size 1024K, 36 young (36864K), 2 survivors (2048K)
[2023-03-05T20:30:17.754+0000][gc,heap,exit]  Metaspace       used 45280K, committed 46016K, reserved 1114112K
[2023-03-05T20:30:17.754+0000][gc,heap,exit]   class space    used 5358K, committed 5696K, reserved 1048576K
