[2023-03-05T20:34:44.777+0000][gc,init] CardTable entry size: 512
[2023-03-05T20:34:44.777+0000][gc     ] Using G1
[2023-03-05T20:34:44.783+0000][gc,init] Version: 19.0.2+7-44 (release)
[2023-03-05T20:34:44.783+0000][gc,init] CPUs: 12 total, 12 available
[2023-03-05T20:34:44.783+0000][gc,init] Memory: 16384M
[2023-03-05T20:34:44.783+0000][gc,init] Large Page Support: Disabled
[2023-03-05T20:34:44.783+0000][gc,init] NUMA Support: Disabled
[2023-03-05T20:34:44.783+0000][gc,init] Compressed Oops: Enabled (Zero based)
[2023-03-05T20:34:44.783+0000][gc,init] Heap Region Size: 1M
[2023-03-05T20:34:44.783+0000][gc,init] Heap Min Capacity: 1G
[2023-03-05T20:34:44.783+0000][gc,init] Heap Initial Capacity: 1G
[2023-03-05T20:34:44.783+0000][gc,init] Heap Max Capacity: 1G
[2023-03-05T20:34:44.783+0000][gc,init] Pre-touch: Disabled
[2023-03-05T20:34:44.783+0000][gc,init] Parallel Workers: 10
[2023-03-05T20:34:44.783+0000][gc,init] Concurrent Workers: 3
[2023-03-05T20:34:44.783+0000][gc,init] Concurrent Refinement Workers: 10
[2023-03-05T20:34:44.783+0000][gc,init] Periodic GC: Disabled
[2023-03-05T20:34:44.784+0000][gc,metaspace] CDS archive(s) mapped at: [0x0000000800000000-0x0000000800c44000-0x0000000800c44000), size 12861440, SharedBaseAddress: 0x0000000800000000, ArchiveRelocationMode: 0.
[2023-03-05T20:34:44.784+0000][gc,metaspace] Compressed class space mapped at: 0x0000000801000000-0x0000000841000000, reserved size: 1073741824
[2023-03-05T20:34:44.784+0000][gc,metaspace] Narrow klass base: 0x0000000800000000, Narrow klass shift: 0, Narrow klass range: 0x100000000
[2023-03-05T20:34:46.205+0000][gc,start    ] GC(0) Pause Young (Normal) (G1 Evacuation Pause)
[2023-03-05T20:34:46.206+0000][gc,task     ] GC(0) Using 10 workers of 10 for evacuation
[2023-03-05T20:34:46.210+0000][gc,phases   ] GC(0)   Pre Evacuate Collection Set: 0.1ms
[2023-03-05T20:34:46.210+0000][gc,phases   ] GC(0)   Merge Heap Roots: 0.1ms
[2023-03-05T20:34:46.210+0000][gc,phases   ] GC(0)   Evacuate Collection Set: 3.1ms
[2023-03-05T20:34:46.210+0000][gc,phases   ] GC(0)   Post Evacuate Collection Set: 0.6ms
[2023-03-05T20:34:46.210+0000][gc,phases   ] GC(0)   Other: 0.7ms
[2023-03-05T20:34:46.210+0000][gc,heap     ] GC(0) Eden regions: 51->0(44)
[2023-03-05T20:34:46.210+0000][gc,heap     ] GC(0) Survivor regions: 0->7(7)
[2023-03-05T20:34:46.210+0000][gc,heap     ] GC(0) Old regions: 0->1
[2023-03-05T20:34:46.210+0000][gc,heap     ] GC(0) Archive regions: 2->2
[2023-03-05T20:34:46.210+0000][gc,heap     ] GC(0) Humongous regions: 0->0
[2023-03-05T20:34:46.210+0000][gc,metaspace] GC(0) Metaspace: 18510K(18752K)->18510K(18752K) NonClass: 16384K(16512K)->16384K(16512K) Class: 2126K(2240K)->2126K(2240K)
[2023-03-05T20:34:46.210+0000][gc          ] GC(0) Pause Young (Normal) (G1 Evacuation Pause) 51M->8M(1024M) 4.802ms
[2023-03-05T20:34:46.210+0000][gc,cpu      ] GC(0) User=0.02s Sys=0.01s Real=0.01s
[2023-03-05T20:34:46.387+0000][gc,start    ] GC(1) Pause Young (Concurrent Start) (Metadata GC Threshold)
[2023-03-05T20:34:46.387+0000][gc,task     ] GC(1) Using 10 workers of 10 for evacuation
[2023-03-05T20:34:46.391+0000][gc,phases   ] GC(1)   Pre Evacuate Collection Set: 0.2ms
[2023-03-05T20:34:46.392+0000][gc,phases   ] GC(1)   Merge Heap Roots: 0.1ms
[2023-03-05T20:34:46.392+0000][gc,phases   ] GC(1)   Evacuate Collection Set: 3.7ms
[2023-03-05T20:34:46.392+0000][gc,phases   ] GC(1)   Post Evacuate Collection Set: 0.4ms
[2023-03-05T20:34:46.392+0000][gc,phases   ] GC(1)   Other: 0.1ms
[2023-03-05T20:34:46.392+0000][gc,heap     ] GC(1) Eden regions: 12->0(49)
[2023-03-05T20:34:46.392+0000][gc,heap     ] GC(1) Survivor regions: 7->2(7)
[2023-03-05T20:34:46.392+0000][gc,heap     ] GC(1) Old regions: 1->8
[2023-03-05T20:34:46.392+0000][gc,heap     ] GC(1) Archive regions: 2->2
[2023-03-05T20:34:46.392+0000][gc,heap     ] GC(1) Humongous regions: 0->0
[2023-03-05T20:34:46.392+0000][gc,metaspace] GC(1) Metaspace: 21329K(21504K)->21329K(21504K) NonClass: 18847K(18944K)->18847K(18944K) Class: 2481K(2560K)->2481K(2560K)
[2023-03-05T20:34:46.392+0000][gc          ] GC(1) Pause Young (Concurrent Start) (Metadata GC Threshold) 19M->9M(1024M) 4.708ms
[2023-03-05T20:34:46.392+0000][gc,cpu      ] GC(1) User=0.02s Sys=0.01s Real=0.01s
[2023-03-05T20:34:46.392+0000][gc          ] GC(2) Concurrent Mark Cycle
[2023-03-05T20:34:46.392+0000][gc,marking  ] GC(2) Concurrent Clear Claimed Marks
[2023-03-05T20:34:46.392+0000][gc,marking  ] GC(2) Concurrent Clear Claimed Marks 0.019ms
[2023-03-05T20:34:46.392+0000][gc,marking  ] GC(2) Concurrent Scan Root Regions
[2023-03-05T20:34:46.394+0000][gc,marking  ] GC(2) Concurrent Scan Root Regions 1.865ms
[2023-03-05T20:34:46.394+0000][gc,marking  ] GC(2) Concurrent Mark
[2023-03-05T20:34:46.394+0000][gc,marking  ] GC(2) Concurrent Mark From Roots
[2023-03-05T20:34:46.394+0000][gc,task     ] GC(2) Using 3 workers of 3 for marking
[2023-03-05T20:34:46.394+0000][gc,marking  ] GC(2) Concurrent Mark From Roots 0.732ms
[2023-03-05T20:34:46.394+0000][gc,marking  ] GC(2) Concurrent Preclean
[2023-03-05T20:34:46.395+0000][gc,marking  ] GC(2) Concurrent Preclean 0.016ms
[2023-03-05T20:34:46.395+0000][gc,start    ] GC(2) Pause Remark
[2023-03-05T20:34:46.396+0000][gc          ] GC(2) Pause Remark 9M->9M(1024M) 1.318ms
[2023-03-05T20:34:46.396+0000][gc,cpu      ] GC(2) User=0.01s Sys=0.00s Real=0.00s
[2023-03-05T20:34:46.396+0000][gc,marking  ] GC(2) Concurrent Mark 2.295ms
[2023-03-05T20:34:46.396+0000][gc,marking  ] GC(2) Concurrent Rebuild Remembered Sets
[2023-03-05T20:34:46.398+0000][gc,marking  ] GC(2) Concurrent Rebuild Remembered Sets 1.651ms
[2023-03-05T20:34:46.398+0000][gc,start    ] GC(2) Pause Cleanup
[2023-03-05T20:34:46.398+0000][gc          ] GC(2) Pause Cleanup 9M->9M(1024M) 0.181ms
[2023-03-05T20:34:46.398+0000][gc,cpu      ] GC(2) User=0.00s Sys=0.00s Real=0.00s
[2023-03-05T20:34:46.398+0000][gc,marking  ] GC(2) Concurrent Cleanup for Next Mark
[2023-03-05T20:34:46.403+0000][gc,marking  ] GC(2) Concurrent Cleanup for Next Mark 5.029ms
[2023-03-05T20:34:46.403+0000][gc          ] GC(2) Concurrent Mark Cycle 11.438ms
[2023-03-05T20:34:48.398+0000][gc,start    ] GC(3) Pause Young (Normal) (G1 Evacuation Pause)
[2023-03-05T20:34:48.398+0000][gc,task     ] GC(3) Using 10 workers of 10 for evacuation
[2023-03-05T20:34:48.403+0000][gc,phases   ] GC(3)   Pre Evacuate Collection Set: 0.1ms
[2023-03-05T20:34:48.403+0000][gc,phases   ] GC(3)   Merge Heap Roots: 0.1ms
[2023-03-05T20:34:48.403+0000][gc,phases   ] GC(3)   Evacuate Collection Set: 3.4ms
[2023-03-05T20:34:48.403+0000][gc,phases   ] GC(3)   Post Evacuate Collection Set: 0.8ms
[2023-03-05T20:34:48.403+0000][gc,phases   ] GC(3)   Other: 0.1ms
[2023-03-05T20:34:48.403+0000][gc,heap     ] GC(3) Eden regions: 49->0(46)
[2023-03-05T20:34:48.403+0000][gc,heap     ] GC(3) Survivor regions: 2->5(7)
[2023-03-05T20:34:48.403+0000][gc,heap     ] GC(3) Old regions: 8->8
[2023-03-05T20:34:48.403+0000][gc,heap     ] GC(3) Archive regions: 2->2
[2023-03-05T20:34:48.403+0000][gc,heap     ] GC(3) Humongous regions: 129->129
[2023-03-05T20:34:48.403+0000][gc,metaspace] GC(3) Metaspace: 30888K(31296K)->30888K(31296K) NonClass: 27487K(27712K)->27487K(27712K) Class: 3400K(3584K)->3400K(3584K)
[2023-03-05T20:34:48.403+0000][gc          ] GC(3) Pause Young (Normal) (G1 Evacuation Pause) 187M->141M(1024M) 4.782ms
[2023-03-05T20:34:48.403+0000][gc,cpu      ] GC(3) User=0.03s Sys=0.01s Real=0.01s
[2023-03-05T20:34:48.694+0000][gc,start    ] GC(4) Pause Young (Concurrent Start) (Metadata GC Threshold)
[2023-03-05T20:34:48.694+0000][gc,task     ] GC(4) Using 10 workers of 10 for evacuation
[2023-03-05T20:34:48.699+0000][gc,phases   ] GC(4)   Pre Evacuate Collection Set: 0.2ms
[2023-03-05T20:34:48.699+0000][gc,phases   ] GC(4)   Merge Heap Roots: 0.1ms
[2023-03-05T20:34:48.699+0000][gc,phases   ] GC(4)   Evacuate Collection Set: 4.0ms
[2023-03-05T20:34:48.699+0000][gc,phases   ] GC(4)   Post Evacuate Collection Set: 0.5ms
[2023-03-05T20:34:48.699+0000][gc,phases   ] GC(4)   Other: 0.1ms
[2023-03-05T20:34:48.699+0000][gc,heap     ] GC(4) Eden regions: 20->0(49)
[2023-03-05T20:34:48.699+0000][gc,heap     ] GC(4) Survivor regions: 5->2(7)
[2023-03-05T20:34:48.699+0000][gc,heap     ] GC(4) Old regions: 8->12
[2023-03-05T20:34:48.699+0000][gc,heap     ] GC(4) Archive regions: 2->2
[2023-03-05T20:34:48.699+0000][gc,heap     ] GC(4) Humongous regions: 129->129
[2023-03-05T20:34:48.699+0000][gc,metaspace] GC(4) Metaspace: 35758K(36096K)->35758K(36096K) NonClass: 31888K(32064K)->31888K(32064K) Class: 3870K(4032K)->3870K(4032K)
[2023-03-05T20:34:48.699+0000][gc          ] GC(4) Pause Young (Concurrent Start) (Metadata GC Threshold) 161M->143M(1024M) 5.122ms
[2023-03-05T20:34:48.699+0000][gc,cpu      ] GC(4) User=0.04s Sys=0.00s Real=0.00s
[2023-03-05T20:34:48.699+0000][gc          ] GC(5) Concurrent Mark Cycle
[2023-03-05T20:34:48.699+0000][gc,marking  ] GC(5) Concurrent Clear Claimed Marks
[2023-03-05T20:34:48.699+0000][gc,marking  ] GC(5) Concurrent Clear Claimed Marks 0.033ms
[2023-03-05T20:34:48.699+0000][gc,marking  ] GC(5) Concurrent Scan Root Regions
[2023-03-05T20:34:48.702+0000][gc,marking  ] GC(5) Concurrent Scan Root Regions 2.211ms
[2023-03-05T20:34:48.702+0000][gc,marking  ] GC(5) Concurrent Mark
[2023-03-05T20:34:48.702+0000][gc,marking  ] GC(5) Concurrent Mark From Roots
[2023-03-05T20:34:48.702+0000][gc,task     ] GC(5) Using 3 workers of 3 for marking
[2023-03-05T20:34:48.707+0000][gc,marking  ] GC(5) Concurrent Mark From Roots 5.499ms
[2023-03-05T20:34:48.707+0000][gc,marking  ] GC(5) Concurrent Preclean
[2023-03-05T20:34:48.708+0000][gc,marking  ] GC(5) Concurrent Preclean 0.249ms
[2023-03-05T20:34:48.708+0000][gc,start    ] GC(5) Pause Remark
[2023-03-05T20:34:48.710+0000][gc          ] GC(5) Pause Remark 144M->144M(1024M) 1.914ms
[2023-03-05T20:34:48.710+0000][gc,cpu      ] GC(5) User=0.02s Sys=0.00s Real=0.01s
[2023-03-05T20:34:48.710+0000][gc,marking  ] GC(5) Concurrent Mark 8.297ms
[2023-03-05T20:34:48.710+0000][gc,marking  ] GC(5) Concurrent Rebuild Remembered Sets
[2023-03-05T20:34:48.710+0000][gc,marking  ] GC(5) Concurrent Rebuild Remembered Sets 0.017ms
[2023-03-05T20:34:48.710+0000][gc,start    ] GC(5) Pause Cleanup
[2023-03-05T20:34:48.710+0000][gc          ] GC(5) Pause Cleanup 145M->145M(1024M) 0.032ms
[2023-03-05T20:34:48.710+0000][gc,cpu      ] GC(5) User=0.00s Sys=0.00s Real=0.00s
[2023-03-05T20:34:48.711+0000][gc,marking  ] GC(5) Concurrent Cleanup for Next Mark
[2023-03-05T20:34:48.717+0000][gc,marking  ] GC(5) Concurrent Cleanup for Next Mark 6.627ms
[2023-03-05T20:34:48.717+0000][gc          ] GC(5) Concurrent Mark Cycle 17.962ms
[2023-03-05T20:37:55.439+0000][gc,start    ] GC(6) Pause Young (Normal) (G1 Evacuation Pause)
[2023-03-05T20:37:55.439+0000][gc,task     ] GC(6) Using 10 workers of 10 for evacuation
[2023-03-05T20:37:55.444+0000][gc,phases   ] GC(6)   Pre Evacuate Collection Set: 0.2ms
[2023-03-05T20:37:55.444+0000][gc,phases   ] GC(6)   Merge Heap Roots: 0.1ms
[2023-03-05T20:37:55.444+0000][gc,phases   ] GC(6)   Evacuate Collection Set: 3.1ms
[2023-03-05T20:37:55.444+0000][gc,phases   ] GC(6)   Post Evacuate Collection Set: 1.0ms
[2023-03-05T20:37:55.444+0000][gc,phases   ] GC(6)   Other: 0.1ms
[2023-03-05T20:37:55.444+0000][gc,heap     ] GC(6) Eden regions: 49->0(46)
[2023-03-05T20:37:55.444+0000][gc,heap     ] GC(6) Survivor regions: 2->5(7)
[2023-03-05T20:37:55.444+0000][gc,heap     ] GC(6) Old regions: 12->12
[2023-03-05T20:37:55.444+0000][gc,heap     ] GC(6) Archive regions: 2->2
[2023-03-05T20:37:55.444+0000][gc,heap     ] GC(6) Humongous regions: 273->129
[2023-03-05T20:37:55.444+0000][gc,metaspace] GC(6) Metaspace: 42890K(43584K)->42890K(43584K) NonClass: 37775K(38144K)->37775K(38144K) Class: 5115K(5440K)->5115K(5440K)
[2023-03-05T20:37:55.444+0000][gc          ] GC(6) Pause Young (Normal) (G1 Evacuation Pause) 336M->146M(1024M) 5.584ms
[2023-03-05T20:37:55.444+0000][gc,cpu      ] GC(6) User=0.03s Sys=0.00s Real=0.01s
[2023-03-05T20:46:03.827+0000][gc,heap,exit] Heap
[2023-03-05T20:46:03.827+0000][gc,heap,exit]  garbage-first heap   total 1048576K, used 179579K [0x00000007c0000000, 0x0000000800000000)
[2023-03-05T20:46:03.827+0000][gc,heap,exit]   region size 1024K, 34 young (34816K), 5 survivors (5120K)
[2023-03-05T20:46:03.827+0000][gc,heap,exit]  Metaspace       used 43969K, committed 44672K, reserved 1114112K
[2023-03-05T20:46:03.827+0000][gc,heap,exit]   class space    used 5281K, committed 5632K, reserved 1048576K
