[2023-03-02T22:35:29.162+0000][gc,heap] Heap region size: 1M
[2023-03-02T22:35:29.171+0000][gc     ] Using G1
[2023-03-02T22:35:29.171+0000][gc,heap,coops] Heap address: 0x00000007c0000000, size: 1024 MB, Compressed Oops mode: Zero based, Oop shift amount: 3
[2023-03-02T22:35:34.898+0000][gc,start     ] GC(0) Pause Young (Concurrent Start) (Metadata GC Threshold)
[2023-03-02T22:35:34.899+0000][gc,task      ] GC(0) Using 10 workers of 10 for evacuation
[2023-03-02T22:35:34.903+0000][gc,phases    ] GC(0)   Pre Evacuate Collection Set: 0.0ms
[2023-03-02T22:35:34.903+0000][gc,phases    ] GC(0)   Evacuate Collection Set: 3.9ms
[2023-03-02T22:35:34.903+0000][gc,phases    ] GC(0)   Post Evacuate Collection Set: 0.3ms
[2023-03-02T22:35:34.903+0000][gc,phases    ] GC(0)   Other: 0.9ms
[2023-03-02T22:35:34.903+0000][gc,heap      ] GC(0) Eden regions: 48->0(44)
[2023-03-02T22:35:34.903+0000][gc,heap      ] GC(0) Survivor regions: 0->7(7)
[2023-03-02T22:35:34.903+0000][gc,heap      ] GC(0) Old regions: 0->1
[2023-03-02T22:35:34.903+0000][gc,heap      ] GC(0) Humongous regions: 0->0
[2023-03-02T22:35:34.903+0000][gc,metaspace ] GC(0) Metaspace: 20652K->20652K(1069056K)
[2023-03-02T22:35:34.903+0000][gc           ] GC(0) Pause Young (Concurrent Start) (Metadata GC Threshold) 48M->7M(1024M) 5.290ms
[2023-03-02T22:35:34.903+0000][gc,cpu       ] GC(0) User=0.02s Sys=0.01s Real=0.01s
[2023-03-02T22:35:34.903+0000][gc           ] GC(1) Concurrent Cycle
[2023-03-02T22:35:34.903+0000][gc,marking   ] GC(1) Concurrent Clear Claimed Marks
[2023-03-02T22:35:34.903+0000][gc,marking   ] GC(1) Concurrent Clear Claimed Marks 0.020ms
[2023-03-02T22:35:34.903+0000][gc,marking   ] GC(1) Concurrent Scan Root Regions
[2023-03-02T22:35:34.905+0000][gc,marking   ] GC(1) Concurrent Scan Root Regions 1.206ms
[2023-03-02T22:35:34.905+0000][gc,marking   ] GC(1) Concurrent Mark (5.753s)
[2023-03-02T22:35:34.905+0000][gc,marking   ] GC(1) Concurrent Mark From Roots
[2023-03-02T22:35:34.905+0000][gc,task      ] GC(1) Using 3 workers of 3 for marking
[2023-03-02T22:35:34.905+0000][gc,marking   ] GC(1) Concurrent Mark From Roots 0.145ms
[2023-03-02T22:35:34.905+0000][gc,marking   ] GC(1) Concurrent Preclean
[2023-03-02T22:35:34.905+0000][gc,marking   ] GC(1) Concurrent Preclean 0.030ms
[2023-03-02T22:35:34.905+0000][gc,marking   ] GC(1) Concurrent Mark (5.753s, 5.753s) 0.213ms
[2023-03-02T22:35:34.905+0000][gc,start     ] GC(1) Pause Remark
[2023-03-02T22:35:34.906+0000][gc,stringtable] GC(1) Cleaned string and symbol table, strings: 7077 processed, 0 removed, symbols: 65402 processed, 29 removed
[2023-03-02T22:35:34.906+0000][gc            ] GC(1) Pause Remark 7M->7M(1024M) 1.066ms
[2023-03-02T22:35:34.906+0000][gc,cpu        ] GC(1) User=0.00s Sys=0.00s Real=0.00s
[2023-03-02T22:35:34.906+0000][gc,marking    ] GC(1) Concurrent Rebuild Remembered Sets
[2023-03-02T22:35:34.906+0000][gc,marking    ] GC(1) Concurrent Rebuild Remembered Sets 0.082ms
[2023-03-02T22:35:34.906+0000][gc,start      ] GC(1) Pause Cleanup
[2023-03-02T22:35:34.906+0000][gc            ] GC(1) Pause Cleanup 7M->7M(1024M) 0.082ms
[2023-03-02T22:35:34.906+0000][gc,cpu        ] GC(1) User=0.00s Sys=0.00s Real=0.00s
[2023-03-02T22:35:34.906+0000][gc,marking    ] GC(1) Concurrent Cleanup for Next Mark
[2023-03-02T22:35:34.910+0000][gc,marking    ] GC(1) Concurrent Cleanup for Next Mark 3.762ms
[2023-03-02T22:35:34.910+0000][gc            ] GC(1) Concurrent Cycle 6.722ms
[2023-03-02T22:35:35.773+0000][gc,start      ] GC(2) Pause Young (Normal) (G1 Evacuation Pause)
[2023-03-02T22:35:35.773+0000][gc,task       ] GC(2) Using 10 workers of 10 for evacuation
[2023-03-02T22:35:35.778+0000][gc,phases     ] GC(2)   Pre Evacuate Collection Set: 0.0ms
[2023-03-02T22:35:35.778+0000][gc,phases     ] GC(2)   Evacuate Collection Set: 4.3ms
[2023-03-02T22:35:35.778+0000][gc,phases     ] GC(2)   Post Evacuate Collection Set: 0.3ms
[2023-03-02T22:35:35.778+0000][gc,phases     ] GC(2)   Other: 0.1ms
[2023-03-02T22:35:35.778+0000][gc,heap       ] GC(2) Eden regions: 44->0(49)
[2023-03-02T22:35:35.778+0000][gc,heap       ] GC(2) Survivor regions: 7->2(7)
[2023-03-02T22:35:35.778+0000][gc,heap       ] GC(2) Old regions: 1->7
[2023-03-02T22:35:35.778+0000][gc,heap       ] GC(2) Humongous regions: 0->0
[2023-03-02T22:35:35.778+0000][gc,metaspace  ] GC(2) Metaspace: 29550K->29550K(1075200K)
[2023-03-02T22:35:35.778+0000][gc            ] GC(2) Pause Young (Normal) (G1 Evacuation Pause) 51M->8M(1024M) 4.919ms
[2023-03-02T22:35:35.778+0000][gc,cpu        ] GC(2) User=0.03s Sys=0.01s Real=0.00s
[2023-03-02T22:35:37.578+0000][gc,start      ] GC(3) Pause Young (Concurrent Start) (Metadata GC Threshold)
[2023-03-02T22:35:37.578+0000][gc,task       ] GC(3) Using 10 workers of 10 for evacuation
[2023-03-02T22:35:37.581+0000][gc,phases     ] GC(3)   Pre Evacuate Collection Set: 0.0ms
[2023-03-02T22:35:37.581+0000][gc,phases     ] GC(3)   Evacuate Collection Set: 2.1ms
[2023-03-02T22:35:37.581+0000][gc,phases     ] GC(3)   Post Evacuate Collection Set: 0.2ms
[2023-03-02T22:35:37.581+0000][gc,phases     ] GC(3)   Other: 0.2ms
[2023-03-02T22:35:37.581+0000][gc,heap       ] GC(3) Eden regions: 36->0(47)
[2023-03-02T22:35:37.581+0000][gc,heap       ] GC(3) Survivor regions: 2->4(7)
[2023-03-02T22:35:37.581+0000][gc,heap       ] GC(3) Old regions: 7->7
[2023-03-02T22:35:37.581+0000][gc,heap       ] GC(3) Humongous regions: 129->129
[2023-03-02T22:35:37.581+0000][gc,metaspace  ] GC(3) Metaspace: 34657K->34657K(1081344K)
[2023-03-02T22:35:37.581+0000][gc            ] GC(3) Pause Young (Concurrent Start) (Metadata GC Threshold) 172M->138M(1024M) 2.629ms
[2023-03-02T22:35:37.581+0000][gc,cpu        ] GC(3) User=0.02s Sys=0.00s Real=0.01s
[2023-03-02T22:35:37.581+0000][gc            ] GC(4) Concurrent Cycle
[2023-03-02T22:35:37.581+0000][gc,marking    ] GC(4) Concurrent Clear Claimed Marks
[2023-03-02T22:35:37.581+0000][gc,marking    ] GC(4) Concurrent Clear Claimed Marks 0.019ms
[2023-03-02T22:35:37.581+0000][gc,marking    ] GC(4) Concurrent Scan Root Regions
[2023-03-02T22:35:37.582+0000][gc,marking    ] GC(4) Concurrent Scan Root Regions 0.834ms
[2023-03-02T22:35:37.582+0000][gc,marking    ] GC(4) Concurrent Mark (8.430s)
[2023-03-02T22:35:37.582+0000][gc,marking    ] GC(4) Concurrent Mark From Roots
[2023-03-02T22:35:37.582+0000][gc,task       ] GC(4) Using 3 workers of 3 for marking
[2023-03-02T22:35:37.585+0000][gc,marking    ] GC(4) Concurrent Mark From Roots 2.772ms
[2023-03-02T22:35:37.585+0000][gc,marking    ] GC(4) Concurrent Preclean
[2023-03-02T22:35:37.585+0000][gc,marking    ] GC(4) Concurrent Preclean 0.043ms
[2023-03-02T22:35:37.585+0000][gc,marking    ] GC(4) Concurrent Mark (8.430s, 8.433s) 2.859ms
[2023-03-02T22:35:37.585+0000][gc,start      ] GC(4) Pause Remark
[2023-03-02T22:35:37.586+0000][gc,stringtable] GC(4) Cleaned string and symbol table, strings: 10677 processed, 11 removed, symbols: 97424 processed, 20 removed
[2023-03-02T22:35:37.587+0000][gc            ] GC(4) Pause Remark 139M->139M(1024M) 1.919ms
[2023-03-02T22:35:37.587+0000][gc,cpu        ] GC(4) User=0.01s Sys=0.00s Real=0.00s
[2023-03-02T22:35:37.587+0000][gc,marking    ] GC(4) Concurrent Rebuild Remembered Sets
[2023-03-02T22:35:37.588+0000][gc,marking    ] GC(4) Concurrent Rebuild Remembered Sets 1.547ms
[2023-03-02T22:35:37.588+0000][gc,start      ] GC(4) Pause Cleanup
[2023-03-02T22:35:37.588+0000][gc            ] GC(4) Pause Cleanup 140M->140M(1024M) 0.109ms
[2023-03-02T22:35:37.589+0000][gc,cpu        ] GC(4) User=0.00s Sys=0.00s Real=0.00s
[2023-03-02T22:35:37.589+0000][gc,marking    ] GC(4) Concurrent Cleanup for Next Mark
[2023-03-02T22:35:37.592+0000][gc,marking    ] GC(4) Concurrent Cleanup for Next Mark 3.820ms
[2023-03-02T22:35:37.592+0000][gc            ] GC(4) Concurrent Cycle 11.568ms
[2023-03-02T22:35:37.997+0000][gc,start      ] GC(5) Pause Young (Normal) (G1 Evacuation Pause)
[2023-03-02T22:35:37.997+0000][gc,task       ] GC(5) Using 10 workers of 10 for evacuation
[2023-03-02T22:35:38.001+0000][gc,phases     ] GC(5)   Pre Evacuate Collection Set: 0.0ms
[2023-03-02T22:35:38.001+0000][gc,phases     ] GC(5)   Evacuate Collection Set: 3.2ms
[2023-03-02T22:35:38.001+0000][gc,phases     ] GC(5)   Post Evacuate Collection Set: 0.3ms
[2023-03-02T22:35:38.001+0000][gc,phases     ] GC(5)   Other: 0.1ms
[2023-03-02T22:35:38.001+0000][gc,heap       ] GC(5) Eden regions: 47->0(44)
[2023-03-02T22:35:38.001+0000][gc,heap       ] GC(5) Survivor regions: 4->7(7)
[2023-03-02T22:35:38.001+0000][gc,heap       ] GC(5) Old regions: 7->7
[2023-03-02T22:35:38.001+0000][gc,heap       ] GC(5) Humongous regions: 129->129
[2023-03-02T22:35:38.001+0000][gc,metaspace  ] GC(5) Metaspace: 42553K->42553K(1087488K)
[2023-03-02T22:35:38.001+0000][gc            ] GC(5) Pause Young (Normal) (G1 Evacuation Pause) 185M->142M(1024M) 3.785ms
[2023-03-02T22:35:38.001+0000][gc,cpu        ] GC(5) User=0.03s Sys=0.00s Real=0.01s
[2023-03-02T22:35:55.879+0000][gc,start      ] GC(6) Pause Young (Normal) (G1 Evacuation Pause)
[2023-03-02T22:35:55.879+0000][gc,task       ] GC(6) Using 10 workers of 10 for evacuation
[2023-03-02T22:35:55.885+0000][gc,phases     ] GC(6)   Pre Evacuate Collection Set: 0.0ms
[2023-03-02T22:35:55.885+0000][gc,phases     ] GC(6)   Evacuate Collection Set: 4.9ms
[2023-03-02T22:35:55.885+0000][gc,phases     ] GC(6)   Post Evacuate Collection Set: 0.5ms
[2023-03-02T22:35:55.885+0000][gc,phases     ] GC(6)   Other: 0.6ms
[2023-03-02T22:35:55.885+0000][gc,heap       ] GC(6) Eden regions: 44->0(48)
[2023-03-02T22:35:55.885+0000][gc,heap       ] GC(6) Survivor regions: 7->3(7)
[2023-03-02T22:35:55.885+0000][gc,heap       ] GC(6) Old regions: 7->14
[2023-03-02T22:35:55.885+0000][gc,heap       ] GC(6) Humongous regions: 195->129
[2023-03-02T22:35:55.885+0000][gc,metaspace  ] GC(6) Metaspace: 48969K->48969K(1093632K)
[2023-03-02T22:35:55.885+0000][gc            ] GC(6) Pause Young (Normal) (G1 Evacuation Pause) 252M->144M(1024M) 6.163ms
[2023-03-02T22:35:55.885+0000][gc,cpu        ] GC(6) User=0.04s Sys=0.01s Real=0.01s
[2023-03-02T22:43:42.896+0000][gc,start      ] GC(7) Pause Young (Normal) (G1 Evacuation Pause)
[2023-03-02T22:43:42.897+0000][gc,task       ] GC(7) Using 10 workers of 10 for evacuation
[2023-03-02T22:43:42.902+0000][gc,phases     ] GC(7)   Pre Evacuate Collection Set: 0.0ms
[2023-03-02T22:43:42.902+0000][gc,phases     ] GC(7)   Evacuate Collection Set: 4.1ms
[2023-03-02T22:43:42.902+0000][gc,phases     ] GC(7)   Post Evacuate Collection Set: 0.6ms
[2023-03-02T22:43:42.902+0000][gc,phases     ] GC(7)   Other: 1.8ms
[2023-03-02T22:43:42.902+0000][gc,heap       ] GC(7) Eden regions: 48->0(45)
[2023-03-02T22:43:42.902+0000][gc,heap       ] GC(7) Survivor regions: 3->6(7)
[2023-03-02T22:43:42.902+0000][gc,heap       ] GC(7) Old regions: 14->14
[2023-03-02T22:43:42.902+0000][gc,heap       ] GC(7) Humongous regions: 129->129
[2023-03-02T22:43:42.902+0000][gc,metaspace  ] GC(7) Metaspace: 52601K->52601K(1097728K)
[2023-03-02T22:43:42.902+0000][gc            ] GC(7) Pause Young (Normal) (G1 Evacuation Pause) 192M->147M(1024M) 6.634ms
[2023-03-02T22:43:42.902+0000][gc,cpu        ] GC(7) User=0.04s Sys=0.00s Real=0.01s
[2023-03-02T22:48:01.542+0000][gc,heap,exit  ] Heap
[2023-03-02T22:48:01.542+0000][gc,heap,exit  ]  garbage-first heap   total 1048576K, used 178061K [0x00000007c0000000, 0x0000000800000000)
[2023-03-02T22:48:01.542+0000][gc,heap,exit  ]   region size 1024K, 34 young (34816K), 6 survivors (6144K)
[2023-03-02T22:48:01.542+0000][gc,heap,exit  ]  Metaspace       used 53442K, capacity 56825K, committed 56960K, reserved 1097728K
[2023-03-02T22:48:01.542+0000][gc,heap,exit  ]   class space    used 7119K, capacity 8807K, committed 8832K, reserved 1048576K
