[2023-03-04T15:33:11.561+0000][gc,init] CardTable entry size: 512
[2023-03-04T15:33:11.561+0000][gc     ] Using G1
[2023-03-04T15:33:11.568+0000][gc,init] Version: 19.0.2+7-44 (release)
[2023-03-04T15:33:11.568+0000][gc,init] CPUs: 12 total, 12 available
[2023-03-04T15:33:11.568+0000][gc,init] Memory: 16384M
[2023-03-04T15:33:11.568+0000][gc,init] Large Page Support: Disabled
[2023-03-04T15:33:11.568+0000][gc,init] NUMA Support: Disabled
[2023-03-04T15:33:11.568+0000][gc,init] Compressed Oops: Enabled (Zero based)
[2023-03-04T15:33:11.568+0000][gc,init] Heap Region Size: 1M
[2023-03-04T15:33:11.568+0000][gc,init] Heap Min Capacity: 1G
[2023-03-04T15:33:11.568+0000][gc,init] Heap Initial Capacity: 1G
[2023-03-04T15:33:11.568+0000][gc,init] Heap Max Capacity: 1G
[2023-03-04T15:33:11.568+0000][gc,init] Pre-touch: Disabled
[2023-03-04T15:33:11.568+0000][gc,init] Parallel Workers: 10
[2023-03-04T15:33:11.568+0000][gc,init] Concurrent Workers: 3
[2023-03-04T15:33:11.568+0000][gc,init] Concurrent Refinement Workers: 10
[2023-03-04T15:33:11.568+0000][gc,init] Periodic GC: Disabled
[2023-03-04T15:33:11.569+0000][gc,metaspace] CDS archive(s) mapped at: [0x0000000800000000-0x0000000800c44000-0x0000000800c44000), size 12861440, SharedBaseAddress: 0x0000000800000000, ArchiveRelocationMode: 0.
[2023-03-04T15:33:11.569+0000][gc,metaspace] Compressed class space mapped at: 0x0000000801000000-0x0000000841000000, reserved size: 1073741824
[2023-03-04T15:33:11.569+0000][gc,metaspace] Narrow klass base: 0x0000000800000000, Narrow klass shift: 0, Narrow klass range: 0x100000000
[2023-03-04T15:33:18.314+0000][gc,start    ] GC(0) Pause Young (Normal) (G1 Evacuation Pause)
[2023-03-04T15:33:18.316+0000][gc,task     ] GC(0) Using 10 workers of 10 for evacuation
[2023-03-04T15:33:18.322+0000][gc,phases   ] GC(0)   Pre Evacuate Collection Set: 0.1ms
[2023-03-04T15:33:18.322+0000][gc,phases   ] GC(0)   Merge Heap Roots: 0.6ms
[2023-03-04T15:33:18.322+0000][gc,phases   ] GC(0)   Evacuate Collection Set: 3.9ms
[2023-03-04T15:33:18.322+0000][gc,phases   ] GC(0)   Post Evacuate Collection Set: 0.5ms
[2023-03-04T15:33:18.323+0000][gc,phases   ] GC(0)   Other: 1.9ms
[2023-03-04T15:33:18.323+0000][gc,heap     ] GC(0) Eden regions: 51->0(44)
[2023-03-04T15:33:18.323+0000][gc,heap     ] GC(0) Survivor regions: 0->7(7)
[2023-03-04T15:33:18.323+0000][gc,heap     ] GC(0) Old regions: 0->1
[2023-03-04T15:33:18.323+0000][gc,heap     ] GC(0) Archive regions: 2->2
[2023-03-04T15:33:18.323+0000][gc,heap     ] GC(0) Humongous regions: 0->0
[2023-03-04T15:33:18.323+0000][gc,metaspace] GC(0) Metaspace: 18575K(18816K)->18575K(18816K) NonClass: 16443K(16576K)->16443K(16576K) Class: 2131K(2240K)->2131K(2240K)
[2023-03-04T15:33:18.323+0000][gc          ] GC(0) Pause Young (Normal) (G1 Evacuation Pause) 51M->8M(1024M) 9.168ms
[2023-03-04T15:33:18.323+0000][gc,cpu      ] GC(0) User=0.02s Sys=0.01s Real=0.01s
[2023-03-04T15:33:18.521+0000][gc,start    ] GC(1) Pause Young (Concurrent Start) (Metadata GC Threshold)
[2023-03-04T15:33:18.522+0000][gc,task     ] GC(1) Using 10 workers of 10 for evacuation
[2023-03-04T15:33:18.558+0000][gc,mmu      ] GC(1) MMU target violated: 21.0ms (20.0ms/21.0ms)
[2023-03-04T15:33:18.558+0000][gc,phases   ] GC(1)   Pre Evacuate Collection Set: 0.2ms
[2023-03-04T15:33:18.558+0000][gc,phases   ] GC(1)   Merge Heap Roots: 0.1ms
[2023-03-04T15:33:18.558+0000][gc,phases   ] GC(1)   Evacuate Collection Set: 15.7ms
[2023-03-04T15:33:18.558+0000][gc,phases   ] GC(1)   Post Evacuate Collection Set: 19.1ms
[2023-03-04T15:33:18.558+0000][gc,phases   ] GC(1)   Other: 1.0ms
[2023-03-04T15:33:18.558+0000][gc,heap     ] GC(1) Eden regions: 11->0(49)
[2023-03-04T15:33:18.558+0000][gc,heap     ] GC(1) Survivor regions: 7->2(7)
[2023-03-04T15:33:18.558+0000][gc,heap     ] GC(1) Old regions: 1->8
[2023-03-04T15:33:18.558+0000][gc,heap     ] GC(1) Archive regions: 2->2
[2023-03-04T15:33:18.558+0000][gc,heap     ] GC(1) Humongous regions: 0->0
[2023-03-04T15:33:18.558+0000][gc,metaspace] GC(1) Metaspace: 21341K(21504K)->21341K(21504K) NonClass: 18867K(18944K)->18867K(18944K) Class: 2474K(2560K)->2474K(2560K)
[2023-03-04T15:33:18.558+0000][gc          ] GC(1) Pause Young (Concurrent Start) (Metadata GC Threshold) 18M->9M(1024M) 36.326ms
[2023-03-04T15:33:18.558+0000][gc,cpu      ] GC(1) User=0.03s Sys=0.02s Real=0.03s
[2023-03-04T15:33:18.559+0000][gc          ] GC(2) Concurrent Mark Cycle
[2023-03-04T15:33:18.559+0000][gc,marking  ] GC(2) Concurrent Clear Claimed Marks
[2023-03-04T15:33:18.559+0000][gc,marking  ] GC(2) Concurrent Clear Claimed Marks 0.024ms
[2023-03-04T15:33:18.559+0000][gc,marking  ] GC(2) Concurrent Scan Root Regions
[2023-03-04T15:33:18.578+0000][gc,marking  ] GC(2) Concurrent Scan Root Regions 18.887ms
[2023-03-04T15:33:18.578+0000][gc,marking  ] GC(2) Concurrent Mark
[2023-03-04T15:33:18.578+0000][gc,marking  ] GC(2) Concurrent Mark From Roots
[2023-03-04T15:33:18.578+0000][gc,task     ] GC(2) Using 3 workers of 3 for marking
[2023-03-04T15:33:18.582+0000][gc,marking  ] GC(2) Concurrent Mark From Roots 3.899ms
[2023-03-04T15:33:18.582+0000][gc,marking  ] GC(2) Concurrent Preclean
[2023-03-04T15:33:18.582+0000][gc,marking  ] GC(2) Concurrent Preclean 0.019ms
[2023-03-04T15:33:18.582+0000][gc,start    ] GC(2) Pause Remark
[2023-03-04T15:33:18.584+0000][gc          ] GC(2) Pause Remark 10M->10M(1024M) 2.255ms
[2023-03-04T15:33:18.584+0000][gc,cpu      ] GC(2) User=0.01s Sys=0.00s Real=0.00s
[2023-03-04T15:33:18.584+0000][gc,marking  ] GC(2) Concurrent Mark 6.428ms
[2023-03-04T15:33:18.584+0000][gc,marking  ] GC(2) Concurrent Rebuild Remembered Sets
[2023-03-04T15:33:18.587+0000][gc,marking  ] GC(2) Concurrent Rebuild Remembered Sets 3.240ms
[2023-03-04T15:33:18.588+0000][gc,start    ] GC(2) Pause Cleanup
[2023-03-04T15:33:18.588+0000][gc          ] GC(2) Pause Cleanup 10M->10M(1024M) 0.157ms
[2023-03-04T15:33:18.588+0000][gc,cpu      ] GC(2) User=0.00s Sys=0.00s Real=0.00s
[2023-03-04T15:33:18.588+0000][gc,marking  ] GC(2) Concurrent Cleanup for Next Mark
[2023-03-04T15:33:18.602+0000][gc,marking  ] GC(2) Concurrent Cleanup for Next Mark 13.818ms
[2023-03-04T15:33:18.611+0000][gc          ] GC(2) Concurrent Mark Cycle 52.094ms
[2023-03-04T15:33:20.837+0000][gc,start    ] GC(3) Pause Young (Normal) (G1 Evacuation Pause)
[2023-03-04T15:33:20.837+0000][gc,task     ] GC(3) Using 10 workers of 10 for evacuation
[2023-03-04T15:33:20.839+0000][gc,phases   ] GC(3)   Pre Evacuate Collection Set: 0.1ms
[2023-03-04T15:33:20.839+0000][gc,phases   ] GC(3)   Merge Heap Roots: 0.1ms
[2023-03-04T15:33:20.839+0000][gc,phases   ] GC(3)   Evacuate Collection Set: 1.9ms
[2023-03-04T15:33:20.839+0000][gc,phases   ] GC(3)   Post Evacuate Collection Set: 0.5ms
[2023-03-04T15:33:20.839+0000][gc,phases   ] GC(3)   Other: 0.1ms
[2023-03-04T15:33:20.839+0000][gc,heap     ] GC(3) Eden regions: 49->0(45)
[2023-03-04T15:33:20.839+0000][gc,heap     ] GC(3) Survivor regions: 2->6(7)
[2023-03-04T15:33:20.839+0000][gc,heap     ] GC(3) Old regions: 8->8
[2023-03-04T15:33:20.839+0000][gc,heap     ] GC(3) Archive regions: 2->2
[2023-03-04T15:33:20.839+0000][gc,heap     ] GC(3) Humongous regions: 129->129
[2023-03-04T15:33:20.839+0000][gc,metaspace] GC(3) Metaspace: 30717K(31040K)->30717K(31040K) NonClass: 27344K(27520K)->27344K(27520K) Class: 3372K(3520K)->3372K(3520K)
[2023-03-04T15:33:20.839+0000][gc          ] GC(3) Pause Young (Normal) (G1 Evacuation Pause) 187M->142M(1024M) 2.805ms
[2023-03-04T15:33:20.839+0000][gc,cpu      ] GC(3) User=0.01s Sys=0.00s Real=0.00s
[2023-03-04T15:33:21.166+0000][gc,start    ] GC(4) Pause Young (Concurrent Start) (Metadata GC Threshold)
[2023-03-04T15:33:21.166+0000][gc,task     ] GC(4) Using 10 workers of 10 for evacuation
[2023-03-04T15:33:21.171+0000][gc,phases   ] GC(4)   Pre Evacuate Collection Set: 0.2ms
[2023-03-04T15:33:21.171+0000][gc,phases   ] GC(4)   Merge Heap Roots: 0.1ms
[2023-03-04T15:33:21.171+0000][gc,phases   ] GC(4)   Evacuate Collection Set: 4.1ms
[2023-03-04T15:33:21.171+0000][gc,phases   ] GC(4)   Post Evacuate Collection Set: 0.4ms
[2023-03-04T15:33:21.171+0000][gc,phases   ] GC(4)   Other: 0.1ms
[2023-03-04T15:33:21.171+0000][gc,heap     ] GC(4) Eden regions: 22->0(48)
[2023-03-04T15:33:21.171+0000][gc,heap     ] GC(4) Survivor regions: 6->3(7)
[2023-03-04T15:33:21.171+0000][gc,heap     ] GC(4) Old regions: 8->13
[2023-03-04T15:33:21.171+0000][gc,heap     ] GC(4) Archive regions: 2->2
[2023-03-04T15:33:21.171+0000][gc,heap     ] GC(4) Humongous regions: 129->129
[2023-03-04T15:33:21.171+0000][gc,metaspace] GC(4) Metaspace: 36157K(36480K)->36157K(36480K) NonClass: 32247K(32448K)->32247K(32448K) Class: 3909K(4032K)->3909K(4032K)
[2023-03-04T15:33:21.171+0000][gc          ] GC(4) Pause Young (Concurrent Start) (Metadata GC Threshold) 163M->144M(1024M) 5.098ms
[2023-03-04T15:33:21.171+0000][gc,cpu      ] GC(4) User=0.03s Sys=0.00s Real=0.01s
[2023-03-04T15:33:21.171+0000][gc          ] GC(5) Concurrent Mark Cycle
[2023-03-04T15:33:21.171+0000][gc,marking  ] GC(5) Concurrent Clear Claimed Marks
[2023-03-04T15:33:21.172+0000][gc,marking  ] GC(5) Concurrent Clear Claimed Marks 0.026ms
[2023-03-04T15:33:21.172+0000][gc,marking  ] GC(5) Concurrent Scan Root Regions
[2023-03-04T15:33:21.174+0000][gc,marking  ] GC(5) Concurrent Scan Root Regions 2.769ms
[2023-03-04T15:33:21.174+0000][gc,marking  ] GC(5) Concurrent Mark
[2023-03-04T15:33:21.174+0000][gc,marking  ] GC(5) Concurrent Mark From Roots
[2023-03-04T15:33:21.174+0000][gc,task     ] GC(5) Using 3 workers of 3 for marking
[2023-03-04T15:33:21.179+0000][gc,marking  ] GC(5) Concurrent Mark From Roots 4.743ms
[2023-03-04T15:33:21.179+0000][gc,marking  ] GC(5) Concurrent Preclean
[2023-03-04T15:33:21.179+0000][gc,marking  ] GC(5) Concurrent Preclean 0.064ms
[2023-03-04T15:33:21.180+0000][gc,start    ] GC(5) Pause Remark
[2023-03-04T15:33:21.181+0000][gc          ] GC(5) Pause Remark 146M->146M(1024M) 1.267ms
[2023-03-04T15:33:21.181+0000][gc,cpu      ] GC(5) User=0.00s Sys=0.00s Real=0.00s
[2023-03-04T15:33:21.181+0000][gc,marking  ] GC(5) Concurrent Mark 6.606ms
[2023-03-04T15:33:21.181+0000][gc,marking  ] GC(5) Concurrent Rebuild Remembered Sets
[2023-03-04T15:33:21.186+0000][gc,marking  ] GC(5) Concurrent Rebuild Remembered Sets 4.690ms
[2023-03-04T15:33:21.186+0000][gc,start    ] GC(5) Pause Cleanup
[2023-03-04T15:33:21.186+0000][gc          ] GC(5) Pause Cleanup 146M->146M(1024M) 0.148ms
[2023-03-04T15:33:21.186+0000][gc,cpu      ] GC(5) User=0.00s Sys=0.00s Real=0.00s
[2023-03-04T15:33:21.186+0000][gc,marking  ] GC(5) Concurrent Cleanup for Next Mark
[2023-03-04T15:33:21.192+0000][gc,marking  ] GC(5) Concurrent Cleanup for Next Mark 6.033ms
[2023-03-04T15:33:21.192+0000][gc          ] GC(5) Concurrent Mark Cycle 20.776ms
[2023-03-04T15:37:37.263+0000][gc,start    ] GC(6) Pause Young (Prepare Mixed) (G1 Evacuation Pause)
[2023-03-04T15:37:37.263+0000][gc,task     ] GC(6) Using 10 workers of 10 for evacuation
[2023-03-04T15:37:37.267+0000][gc,phases   ] GC(6)   Pre Evacuate Collection Set: 0.2ms
[2023-03-04T15:37:37.267+0000][gc,phases   ] GC(6)   Merge Heap Roots: 0.1ms
[2023-03-04T15:37:37.267+0000][gc,phases   ] GC(6)   Evacuate Collection Set: 2.9ms
[2023-03-04T15:37:37.267+0000][gc,phases   ] GC(6)   Post Evacuate Collection Set: 0.8ms
[2023-03-04T15:37:37.267+0000][gc,phases   ] GC(6)   Other: 0.1ms
[2023-03-04T15:37:37.267+0000][gc,heap     ] GC(6) Eden regions: 48->0(46)
[2023-03-04T15:37:37.267+0000][gc,heap     ] GC(6) Survivor regions: 3->5(7)
[2023-03-04T15:37:37.267+0000][gc,heap     ] GC(6) Old regions: 13->13
[2023-03-04T15:37:37.267+0000][gc,heap     ] GC(6) Archive regions: 2->2
[2023-03-04T15:37:37.267+0000][gc,heap     ] GC(6) Humongous regions: 213->129
[2023-03-04T15:37:37.267+0000][gc,metaspace] GC(6) Metaspace: 42700K(43456K)->42700K(43456K) NonClass: 37597K(38016K)->37597K(38016K) Class: 5102K(5440K)->5102K(5440K)
[2023-03-04T15:37:37.268+0000][gc          ] GC(6) Pause Young (Prepare Mixed) (G1 Evacuation Pause) 276M->146M(1024M) 4.431ms
[2023-03-04T15:37:37.268+0000][gc,cpu      ] GC(6) User=0.03s Sys=0.01s Real=0.00s
[2023-03-04T15:40:24.510+0000][gc,start    ] GC(7) Pause Young (Mixed) (G1 Evacuation Pause)
[2023-03-04T15:40:24.511+0000][gc,task     ] GC(7) Using 10 workers of 10 for evacuation
[2023-03-04T15:40:24.515+0000][gc,phases   ] GC(7)   Pre Evacuate Collection Set: 0.1ms
[2023-03-04T15:40:24.515+0000][gc,phases   ] GC(7)   Merge Heap Roots: 0.1ms
[2023-03-04T15:40:24.515+0000][gc,phases   ] GC(7)   Evacuate Collection Set: 2.8ms
[2023-03-04T15:40:24.515+0000][gc,phases   ] GC(7)   Post Evacuate Collection Set: 0.4ms
[2023-03-04T15:40:24.515+0000][gc,phases   ] GC(7)   Other: 0.1ms
[2023-03-04T15:40:24.515+0000][gc,heap     ] GC(7) Eden regions: 46->0(47)
[2023-03-04T15:40:24.515+0000][gc,heap     ] GC(7) Survivor regions: 5->4(7)
[2023-03-04T15:40:24.515+0000][gc,heap     ] GC(7) Old regions: 13->14
[2023-03-04T15:40:24.515+0000][gc,heap     ] GC(7) Archive regions: 2->2
[2023-03-04T15:40:24.515+0000][gc,heap     ] GC(7) Humongous regions: 129->129
[2023-03-04T15:40:24.515+0000][gc,metaspace] GC(7) Metaspace: 43548K(44224K)->43548K(44224K) NonClass: 38440K(38784K)->38440K(38784K) Class: 5107K(5440K)->5107K(5440K)
[2023-03-04T15:40:24.515+0000][gc          ] GC(7) Pause Young (Mixed) (G1 Evacuation Pause) 192M->147M(1024M) 5.529ms
[2023-03-04T15:40:24.515+0000][gc,cpu      ] GC(7) User=0.03s Sys=0.00s Real=0.00s
[2023-03-04T15:40:26.309+0000][gc,start    ] GC(8) Pause Young (Normal) (G1 Evacuation Pause)
[2023-03-04T15:40:26.323+0000][gc,task     ] GC(8) Using 10 workers of 10 for evacuation
[2023-03-04T15:40:26.325+0000][gc,phases   ] GC(8)   Pre Evacuate Collection Set: 0.1ms
[2023-03-04T15:40:26.325+0000][gc,phases   ] GC(8)   Merge Heap Roots: 0.1ms
[2023-03-04T15:40:26.325+0000][gc,phases   ] GC(8)   Evacuate Collection Set: 1.7ms
[2023-03-04T15:40:26.325+0000][gc,phases   ] GC(8)   Post Evacuate Collection Set: 0.5ms
[2023-03-04T15:40:26.325+0000][gc,phases   ] GC(8)   Other: 0.1ms
[2023-03-04T15:40:26.325+0000][gc,heap     ] GC(8) Eden regions: 47->0(47)
[2023-03-04T15:40:26.325+0000][gc,heap     ] GC(8) Survivor regions: 4->4(7)
[2023-03-04T15:40:26.325+0000][gc,heap     ] GC(8) Old regions: 14->14
[2023-03-04T15:40:26.325+0000][gc,heap     ] GC(8) Archive regions: 2->2
[2023-03-04T15:40:26.326+0000][gc,heap     ] GC(8) Humongous regions: 129->129
[2023-03-04T15:40:26.326+0000][gc,metaspace] GC(8) Metaspace: 43640K(44352K)->43640K(44352K) NonClass: 38522K(38912K)->38522K(38912K) Class: 5118K(5440K)->5118K(5440K)
[2023-03-04T15:40:26.326+0000][gc          ] GC(8) Pause Young (Normal) (G1 Evacuation Pause) 194M->147M(1024M) 16.781ms
[2023-03-04T15:40:26.326+0000][gc,cpu      ] GC(8) User=0.02s Sys=0.00s Real=0.02s
[2023-03-04T15:44:05.712+0000][gc,start    ] GC(9) Pause Young (Normal) (G1 Evacuation Pause)
[2023-03-04T15:44:05.713+0000][gc,task     ] GC(9) Using 10 workers of 10 for evacuation
[2023-03-04T15:44:05.717+0000][gc,phases   ] GC(9)   Pre Evacuate Collection Set: 0.1ms
[2023-03-04T15:44:05.717+0000][gc,phases   ] GC(9)   Merge Heap Roots: 0.1ms
[2023-03-04T15:44:05.717+0000][gc,phases   ] GC(9)   Evacuate Collection Set: 3.0ms
[2023-03-04T15:44:05.717+0000][gc,phases   ] GC(9)   Post Evacuate Collection Set: 0.6ms
[2023-03-04T15:44:05.717+0000][gc,phases   ] GC(9)   Other: 0.1ms
[2023-03-04T15:44:05.717+0000][gc,heap     ] GC(9) Eden regions: 47->0(45)
[2023-03-04T15:44:05.717+0000][gc,heap     ] GC(9) Survivor regions: 4->6(7)
[2023-03-04T15:44:05.717+0000][gc,heap     ] GC(9) Old regions: 14->14
[2023-03-04T15:44:05.717+0000][gc,heap     ] GC(9) Archive regions: 2->2
[2023-03-04T15:44:05.717+0000][gc,heap     ] GC(9) Humongous regions: 129->129
[2023-03-04T15:44:05.717+0000][gc,metaspace] GC(9) Metaspace: 44134K(44800K)->44134K(44800K) NonClass: 38981K(39360K)->38981K(39360K) Class: 5152K(5440K)->5152K(5440K)
[2023-03-04T15:44:05.717+0000][gc          ] GC(9) Pause Young (Normal) (G1 Evacuation Pause) 194M->149M(1024M) 4.976ms
[2023-03-04T15:44:05.717+0000][gc,cpu      ] GC(9) User=0.03s Sys=0.00s Real=0.00s
[2023-03-04T15:50:32.265+0000][gc,start    ] GC(10) Pause Young (Normal) (G1 Evacuation Pause)
[2023-03-04T15:50:32.265+0000][gc,task     ] GC(10) Using 10 workers of 10 for evacuation
[2023-03-04T15:50:32.269+0000][gc,phases   ] GC(10)   Pre Evacuate Collection Set: 0.1ms
[2023-03-04T15:50:32.269+0000][gc,phases   ] GC(10)   Merge Heap Roots: 0.1ms
[2023-03-04T15:50:32.269+0000][gc,phases   ] GC(10)   Evacuate Collection Set: 3.2ms
[2023-03-04T15:50:32.269+0000][gc,phases   ] GC(10)   Post Evacuate Collection Set: 0.5ms
[2023-03-04T15:50:32.269+0000][gc,phases   ] GC(10)   Other: 0.1ms
[2023-03-04T15:50:32.269+0000][gc,heap     ] GC(10) Eden regions: 45->0(84)
[2023-03-04T15:50:32.270+0000][gc,heap     ] GC(10) Survivor regions: 6->5(7)
[2023-03-04T15:50:32.270+0000][gc,heap     ] GC(10) Old regions: 14->16
[2023-03-04T15:50:32.270+0000][gc,heap     ] GC(10) Archive regions: 2->2
[2023-03-04T15:50:32.270+0000][gc,heap     ] GC(10) Humongous regions: 129->129
[2023-03-04T15:50:32.270+0000][gc,metaspace] GC(10) Metaspace: 44448K(45120K)->44448K(45120K) NonClass: 39236K(39616K)->39236K(39616K) Class: 5211K(5504K)->5211K(5504K)
[2023-03-04T15:50:32.270+0000][gc          ] GC(10) Pause Young (Normal) (G1 Evacuation Pause) 194M->149M(1024M) 4.993ms
[2023-03-04T15:50:32.270+0000][gc,cpu      ] GC(10) User=0.03s Sys=0.01s Real=0.01s
[2023-03-04T16:07:37.048+0000][gc,start    ] GC(11) Pause Young (Normal) (G1 Evacuation Pause)
[2023-03-04T16:07:37.049+0000][gc,task     ] GC(11) Using 10 workers of 10 for evacuation
[2023-03-04T16:07:37.054+0000][gc,phases   ] GC(11)   Pre Evacuate Collection Set: 0.6ms
[2023-03-04T16:07:37.054+0000][gc,phases   ] GC(11)   Merge Heap Roots: 0.1ms
[2023-03-04T16:07:37.054+0000][gc,phases   ] GC(11)   Evacuate Collection Set: 3.8ms
[2023-03-04T16:07:37.054+0000][gc,phases   ] GC(11)   Post Evacuate Collection Set: 0.5ms
[2023-03-04T16:07:37.054+0000][gc,phases   ] GC(11)   Other: 0.2ms
[2023-03-04T16:07:37.054+0000][gc,heap     ] GC(11) Eden regions: 84->0(339)
[2023-03-04T16:07:37.054+0000][gc,heap     ] GC(11) Survivor regions: 5->5(12)
[2023-03-04T16:07:37.054+0000][gc,heap     ] GC(11) Old regions: 16->16
[2023-03-04T16:07:37.054+0000][gc,heap     ] GC(11) Archive regions: 2->2
[2023-03-04T16:07:37.054+0000][gc,heap     ] GC(11) Humongous regions: 129->129
[2023-03-04T16:07:37.054+0000][gc,metaspace] GC(11) Metaspace: 44579K(45312K)->44579K(45312K) NonClass: 39366K(39744K)->39366K(39744K) Class: 5213K(5568K)->5213K(5568K)
[2023-03-04T16:07:37.054+0000][gc          ] GC(11) Pause Young (Normal) (G1 Evacuation Pause) 233M->150M(1024M) 6.394ms
[2023-03-04T16:07:37.054+0000][gc,cpu      ] GC(11) User=0.03s Sys=0.01s Real=0.01s
[2023-03-04T17:20:49.966+0000][gc,start    ] GC(12) Pause Young (Normal) (G1 Evacuation Pause)
[2023-03-04T17:20:49.967+0000][gc,task     ] GC(12) Using 10 workers of 10 for evacuation
[2023-03-04T17:20:49.976+0000][gc,phases   ] GC(12)   Pre Evacuate Collection Set: 1.6ms
[2023-03-04T17:20:49.976+0000][gc,phases   ] GC(12)   Merge Heap Roots: 0.1ms
[2023-03-04T17:20:49.976+0000][gc,phases   ] GC(12)   Evacuate Collection Set: 6.3ms
[2023-03-04T17:20:49.976+0000][gc,phases   ] GC(12)   Post Evacuate Collection Set: 0.7ms
[2023-03-04T17:20:49.976+0000][gc,phases   ] GC(12)   Other: 0.3ms
[2023-03-04T17:20:49.976+0000][gc,heap     ] GC(12) Eden regions: 339->0(277)
[2023-03-04T17:20:49.976+0000][gc,heap     ] GC(12) Survivor regions: 5->8(43)
[2023-03-04T17:20:49.976+0000][gc,heap     ] GC(12) Old regions: 16->16
[2023-03-04T17:20:49.976+0000][gc,heap     ] GC(12) Archive regions: 2->2
[2023-03-04T17:20:49.976+0000][gc,heap     ] GC(12) Humongous regions: 129->129
[2023-03-04T17:20:49.976+0000][gc,metaspace] GC(12) Metaspace: 44725K(45440K)->44725K(45440K) NonClass: 39508K(39872K)->39508K(39872K) Class: 5216K(5568K)->5216K(5568K)
[2023-03-04T17:20:49.976+0000][gc          ] GC(12) Pause Young (Normal) (G1 Evacuation Pause) 489M->152M(1024M) 10.319ms
[2023-03-04T17:20:49.976+0000][gc,cpu      ] GC(12) User=0.04s Sys=0.03s Real=0.01s
[2023-03-05T09:51:18.637+0000][gc,start    ] GC(13) Pause Young (Normal) (G1 Evacuation Pause)
[2023-03-05T09:51:18.648+0000][gc,task     ] GC(13) Using 10 workers of 10 for evacuation
[2023-03-05T09:51:18.684+0000][gc,mmu      ] GC(13) MMU target violated: 21.0ms (20.0ms/21.0ms)
[2023-03-05T09:51:18.685+0000][gc,phases   ] GC(13)   Pre Evacuate Collection Set: 3.2ms
[2023-03-05T09:51:18.685+0000][gc,phases   ] GC(13)   Merge Heap Roots: 1.4ms
[2023-03-05T09:51:18.685+0000][gc,phases   ] GC(13)   Evacuate Collection Set: 25.2ms
[2023-03-05T09:51:18.685+0000][gc,phases   ] GC(13)   Post Evacuate Collection Set: 3.4ms
[2023-03-05T09:51:18.685+0000][gc,phases   ] GC(13)   Other: 6.6ms
[2023-03-05T09:51:18.686+0000][gc,heap     ] GC(13) Eden regions: 277->0(44)
[2023-03-05T09:51:18.686+0000][gc,heap     ] GC(13) Survivor regions: 8->7(36)
[2023-03-05T09:51:18.686+0000][gc,heap     ] GC(13) Old regions: 16->16
[2023-03-05T09:51:18.686+0000][gc,heap     ] GC(13) Archive regions: 2->2
[2023-03-05T09:51:18.686+0000][gc,heap     ] GC(13) Humongous regions: 129->129
[2023-03-05T09:51:18.686+0000][gc,metaspace] GC(13) Metaspace: 44963K(45696K)->44963K(45696K) NonClass: 39743K(40128K)->39743K(40128K) Class: 5219K(5568K)->5219K(5568K)
[2023-03-05T09:51:18.686+0000][gc          ] GC(13) Pause Young (Normal) (G1 Evacuation Pause) 429M->152M(1024M) 50.700ms
[2023-03-05T09:51:18.686+0000][gc,cpu      ] GC(13) User=0.04s Sys=0.12s Real=0.05s
[2023-03-05T09:58:22.648+0000][gc,start    ] GC(14) Pause Young (Normal) (G1 Evacuation Pause)
[2023-03-05T09:58:22.649+0000][gc,task     ] GC(14) Using 10 workers of 10 for evacuation
[2023-03-05T09:58:22.656+0000][gc,phases   ] GC(14)   Pre Evacuate Collection Set: 0.3ms
[2023-03-05T09:58:22.656+0000][gc,phases   ] GC(14)   Merge Heap Roots: 0.2ms
[2023-03-05T09:58:22.656+0000][gc,phases   ] GC(14)   Evacuate Collection Set: 5.7ms
[2023-03-05T09:58:22.656+0000][gc,phases   ] GC(14)   Post Evacuate Collection Set: 0.4ms
[2023-03-05T09:58:22.656+0000][gc,phases   ] GC(14)   Other: 0.2ms
[2023-03-05T09:58:22.656+0000][gc,heap     ] GC(14) Eden regions: 44->0(259)
[2023-03-05T09:58:22.656+0000][gc,heap     ] GC(14) Survivor regions: 7->4(7)
[2023-03-05T09:58:22.656+0000][gc,heap     ] GC(14) Old regions: 16->20
[2023-03-05T09:58:22.656+0000][gc,heap     ] GC(14) Archive regions: 2->2
[2023-03-05T09:58:22.656+0000][gc,heap     ] GC(14) Humongous regions: 129->129
[2023-03-05T09:58:22.656+0000][gc,metaspace] GC(14) Metaspace: 44963K(45696K)->44963K(45696K) NonClass: 39743K(40128K)->39743K(40128K) Class: 5219K(5568K)->5219K(5568K)
[2023-03-05T09:58:22.656+0000][gc          ] GC(14) Pause Young (Normal) (G1 Evacuation Pause) 196M->152M(1024M) 8.164ms
[2023-03-05T09:58:22.656+0000][gc,cpu      ] GC(14) User=0.04s Sys=0.02s Real=0.01s
[2023-03-05T12:32:54.597+0000][gc,start    ] GC(15) Pause Young (Normal) (G1 Evacuation Pause)
[2023-03-05T12:32:54.599+0000][gc,task     ] GC(15) Using 10 workers of 10 for evacuation
[2023-03-05T12:32:54.625+0000][gc,mmu      ] GC(15) MMU target violated: 21.0ms (20.0ms/21.0ms)
[2023-03-05T12:32:54.625+0000][gc,phases   ] GC(15)   Pre Evacuate Collection Set: 3.0ms
[2023-03-05T12:32:54.625+0000][gc,phases   ] GC(15)   Merge Heap Roots: 0.4ms
[2023-03-05T12:32:54.625+0000][gc,phases   ] GC(15)   Evacuate Collection Set: 21.1ms
[2023-03-05T12:32:54.625+0000][gc,phases   ] GC(15)   Post Evacuate Collection Set: 1.0ms
[2023-03-05T12:32:54.625+0000][gc,phases   ] GC(15)   Other: 1.0ms
[2023-03-05T12:32:54.625+0000][gc,heap     ] GC(15) Eden regions: 259->0(48)
[2023-03-05T12:32:54.625+0000][gc,heap     ] GC(15) Survivor regions: 4->3(33)
[2023-03-05T12:32:54.625+0000][gc,heap     ] GC(15) Old regions: 20->20
[2023-03-05T12:32:54.625+0000][gc,heap     ] GC(15) Archive regions: 2->2
[2023-03-05T12:32:54.625+0000][gc,heap     ] GC(15) Humongous regions: 129->129
[2023-03-05T12:32:54.625+0000][gc,metaspace] GC(15) Metaspace: 45022K(45760K)->45022K(45760K) NonClass: 39802K(40192K)->39802K(40192K) Class: 5220K(5568K)->5220K(5568K)
[2023-03-05T12:32:54.625+0000][gc          ] GC(15) Pause Young (Normal) (G1 Evacuation Pause) 411M->151M(1024M) 28.790ms
[2023-03-05T12:32:54.626+0000][gc,cpu      ] GC(15) User=0.02s Sys=0.13s Real=0.03s
[2023-03-05T12:51:06.766+0000][gc,start    ] GC(16) Pause Young (Normal) (G1 Evacuation Pause)
[2023-03-05T12:51:06.767+0000][gc,task     ] GC(16) Using 10 workers of 10 for evacuation
[2023-03-05T12:51:06.775+0000][gc,phases   ] GC(16)   Pre Evacuate Collection Set: 0.3ms
[2023-03-05T12:51:06.775+0000][gc,phases   ] GC(16)   Merge Heap Roots: 0.1ms
[2023-03-05T12:51:06.775+0000][gc,phases   ] GC(16)   Evacuate Collection Set: 7.2ms
[2023-03-05T12:51:06.775+0000][gc,phases   ] GC(16)   Post Evacuate Collection Set: 0.3ms
[2023-03-05T12:51:06.775+0000][gc,phases   ] GC(16)   Other: 0.2ms
[2023-03-05T12:51:06.775+0000][gc,heap     ] GC(16) Eden regions: 48->0(48)
[2023-03-05T12:51:06.775+0000][gc,heap     ] GC(16) Survivor regions: 3->3(7)
[2023-03-05T12:51:06.775+0000][gc,heap     ] GC(16) Old regions: 20->20
[2023-03-05T12:51:06.775+0000][gc,heap     ] GC(16) Archive regions: 2->2
[2023-03-05T12:51:06.775+0000][gc,heap     ] GC(16) Humongous regions: 129->129
[2023-03-05T12:51:06.775+0000][gc,metaspace] GC(16) Metaspace: 45030K(45760K)->45030K(45760K) NonClass: 39810K(40192K)->39810K(40192K) Class: 5220K(5568K)->5220K(5568K)
[2023-03-05T12:51:06.775+0000][gc          ] GC(16) Pause Young (Normal) (G1 Evacuation Pause) 199M->151M(1024M) 9.284ms
[2023-03-05T12:51:06.775+0000][gc,cpu      ] GC(16) User=0.02s Sys=0.03s Real=0.01s
[2023-03-05T13:09:36.770+0000][gc,start    ] GC(17) Pause Young (Normal) (G1 Evacuation Pause)
[2023-03-05T13:09:36.770+0000][gc,task     ] GC(17) Using 10 workers of 10 for evacuation
[2023-03-05T13:09:36.778+0000][gc,phases   ] GC(17)   Pre Evacuate Collection Set: 0.1ms
[2023-03-05T13:09:36.778+0000][gc,phases   ] GC(17)   Merge Heap Roots: 0.1ms
[2023-03-05T13:09:36.778+0000][gc,phases   ] GC(17)   Evacuate Collection Set: 7.0ms
[2023-03-05T13:09:36.778+0000][gc,phases   ] GC(17)   Post Evacuate Collection Set: 0.3ms
[2023-03-05T13:09:36.778+0000][gc,phases   ] GC(17)   Other: 0.1ms
[2023-03-05T13:09:36.778+0000][gc,heap     ] GC(17) Eden regions: 48->0(63)
[2023-03-05T13:09:36.778+0000][gc,heap     ] GC(17) Survivor regions: 3->3(7)
[2023-03-05T13:09:36.778+0000][gc,heap     ] GC(17) Old regions: 20->20
[2023-03-05T13:09:36.778+0000][gc,heap     ] GC(17) Archive regions: 2->2
[2023-03-05T13:09:36.778+0000][gc,heap     ] GC(17) Humongous regions: 129->129
[2023-03-05T13:09:36.778+0000][gc,metaspace] GC(17) Metaspace: 45045K(45760K)->45045K(45760K) NonClass: 39824K(40192K)->39824K(40192K) Class: 5220K(5568K)->5220K(5568K)
[2023-03-05T13:09:36.778+0000][gc          ] GC(17) Pause Young (Normal) (G1 Evacuation Pause) 199M->151M(1024M) 7.913ms
[2023-03-05T13:09:36.778+0000][gc,cpu      ] GC(17) User=0.02s Sys=0.04s Real=0.00s
[2023-03-05T13:33:51.444+0000][gc,start    ] GC(18) Pause Young (Normal) (G1 Evacuation Pause)
[2023-03-05T13:33:51.446+0000][gc,task     ] GC(18) Using 10 workers of 10 for evacuation
[2023-03-05T13:33:51.454+0000][gc,phases   ] GC(18)   Pre Evacuate Collection Set: 0.4ms
[2023-03-05T13:33:51.454+0000][gc,phases   ] GC(18)   Merge Heap Roots: 0.2ms
[2023-03-05T13:33:51.454+0000][gc,phases   ] GC(18)   Evacuate Collection Set: 7.9ms
[2023-03-05T13:33:51.454+0000][gc,phases   ] GC(18)   Post Evacuate Collection Set: 0.3ms
[2023-03-05T13:33:51.454+0000][gc,phases   ] GC(18)   Other: 0.2ms
[2023-03-05T13:33:51.455+0000][gc,heap     ] GC(18) Eden regions: 63->0(199)
[2023-03-05T13:33:51.455+0000][gc,heap     ] GC(18) Survivor regions: 3->3(9)
[2023-03-05T13:33:51.455+0000][gc,heap     ] GC(18) Old regions: 20->20
[2023-03-05T13:33:51.455+0000][gc,heap     ] GC(18) Archive regions: 2->2
[2023-03-05T13:33:51.455+0000][gc,heap     ] GC(18) Humongous regions: 129->129
[2023-03-05T13:33:51.455+0000][gc,metaspace] GC(18) Metaspace: 45046K(45760K)->45046K(45760K) NonClass: 39826K(40192K)->39826K(40192K) Class: 5220K(5568K)->5220K(5568K)
[2023-03-05T13:33:51.455+0000][gc          ] GC(18) Pause Young (Normal) (G1 Evacuation Pause) 214M->151M(1024M) 10.113ms
[2023-03-05T13:33:51.455+0000][gc,cpu      ] GC(18) User=0.02s Sys=0.04s Real=0.01s
[2023-03-05T14:31:16.201+0000][gc,start    ] GC(19) Pause Young (Normal) (G1 Evacuation Pause)
[2023-03-05T14:31:16.203+0000][gc,task     ] GC(19) Using 10 workers of 10 for evacuation
[2023-03-05T14:31:16.214+0000][gc,phases   ] GC(19)   Pre Evacuate Collection Set: 2.1ms
[2023-03-05T14:31:16.214+0000][gc,phases   ] GC(19)   Merge Heap Roots: 0.9ms
[2023-03-05T14:31:16.214+0000][gc,phases   ] GC(19)   Evacuate Collection Set: 7.5ms
[2023-03-05T14:31:16.214+0000][gc,phases   ] GC(19)   Post Evacuate Collection Set: 0.7ms
[2023-03-05T14:31:16.214+0000][gc,phases   ] GC(19)   Other: 0.4ms
[2023-03-05T14:31:16.214+0000][gc,heap     ] GC(19) Eden regions: 199->0(268)
[2023-03-05T14:31:16.214+0000][gc,heap     ] GC(19) Survivor regions: 3->3(26)
[2023-03-05T14:31:16.214+0000][gc,heap     ] GC(19) Old regions: 20->20
[2023-03-05T14:31:16.214+0000][gc,heap     ] GC(19) Archive regions: 2->2
[2023-03-05T14:31:16.214+0000][gc,heap     ] GC(19) Humongous regions: 129->129
[2023-03-05T14:31:16.214+0000][gc,metaspace] GC(19) Metaspace: 45251K(45888K)->45251K(45888K) NonClass: 40004K(40320K)->40004K(40320K) Class: 5246K(5568K)->5246K(5568K)
[2023-03-05T14:31:16.214+0000][gc          ] GC(19) Pause Young (Normal) (G1 Evacuation Pause) 350M->151M(1024M) 13.063ms
[2023-03-05T14:31:16.214+0000][gc,cpu      ] GC(19) User=0.02s Sys=0.05s Real=0.01s
[2023-03-05T14:47:25.174+0000][gc,heap,exit] Heap
[2023-03-05T14:47:25.175+0000][gc,heap,exit]  garbage-first heap   total 1048576K, used 244939K [0x00000007c0000000, 0x0000000800000000)
[2023-03-05T14:47:25.175+0000][gc,heap,exit]   region size 1024K, 91 young (93184K), 3 survivors (3072K)
[2023-03-05T14:47:25.175+0000][gc,heap,exit]  Metaspace       used 45950K, committed 46656K, reserved 1114112K
[2023-03-05T14:47:25.175+0000][gc,heap,exit]   class space    used 5418K, committed 5760K, reserved 1048576K
