[2023-03-02T21:19:12.074+0000][gc,heap] Heap region size: 1M
[2023-03-02T21:19:12.083+0000][gc     ] Using G1
[2023-03-02T21:19:12.083+0000][gc,heap,coops] Heap address: 0x00000007c0000000, size: 1024 MB, Compressed Oops mode: Zero based, Oop shift amount: 3
[2023-03-02T21:19:17.823+0000][gc,start     ] GC(0) Pause Young (Concurrent Start) (Metadata GC Threshold)
[2023-03-02T21:19:17.824+0000][gc,task      ] GC(0) Using 10 workers of 10 for evacuation
[2023-03-02T21:19:17.829+0000][gc,phases    ] GC(0)   Pre Evacuate Collection Set: 0.0ms
[2023-03-02T21:19:17.829+0000][gc,phases    ] GC(0)   Evacuate Collection Set: 4.8ms
[2023-03-02T21:19:17.829+0000][gc,phases    ] GC(0)   Post Evacuate Collection Set: 0.4ms
[2023-03-02T21:19:17.829+0000][gc,phases    ] GC(0)   Other: 0.9ms
[2023-03-02T21:19:17.830+0000][gc,heap      ] GC(0) Eden regions: 48->0(44)
[2023-03-02T21:19:17.830+0000][gc,heap      ] GC(0) Survivor regions: 0->7(7)
[2023-03-02T21:19:17.830+0000][gc,heap      ] GC(0) Old regions: 0->1
[2023-03-02T21:19:17.830+0000][gc,heap      ] GC(0) Humongous regions: 0->0
[2023-03-02T21:19:17.830+0000][gc,metaspace ] GC(0) Metaspace: 20697K->20697K(1069056K)
[2023-03-02T21:19:17.830+0000][gc           ] GC(0) Pause Young (Concurrent Start) (Metadata GC Threshold) 47M->7M(1024M) 6.293ms
[2023-03-02T21:19:17.830+0000][gc,cpu       ] GC(0) User=0.03s Sys=0.01s Real=0.01s
[2023-03-02T21:19:17.830+0000][gc           ] GC(1) Concurrent Cycle
[2023-03-02T21:19:17.830+0000][gc,marking   ] GC(1) Concurrent Clear Claimed Marks
[2023-03-02T21:19:17.830+0000][gc,marking   ] GC(1) Concurrent Clear Claimed Marks 0.022ms
[2023-03-02T21:19:17.830+0000][gc,marking   ] GC(1) Concurrent Scan Root Regions
[2023-03-02T21:19:17.831+0000][gc,marking   ] GC(1) Concurrent Scan Root Regions 1.448ms
[2023-03-02T21:19:17.831+0000][gc,marking   ] GC(1) Concurrent Mark (5.767s)
[2023-03-02T21:19:17.831+0000][gc,marking   ] GC(1) Concurrent Mark From Roots
[2023-03-02T21:19:17.831+0000][gc,task      ] GC(1) Using 3 workers of 3 for marking
[2023-03-02T21:19:17.832+0000][gc,marking   ] GC(1) Concurrent Mark From Roots 0.296ms
[2023-03-02T21:19:17.832+0000][gc,marking   ] GC(1) Concurrent Preclean
[2023-03-02T21:19:17.832+0000][gc,marking   ] GC(1) Concurrent Preclean 0.038ms
[2023-03-02T21:19:17.832+0000][gc,marking   ] GC(1) Concurrent Mark (5.767s, 5.767s) 0.391ms
[2023-03-02T21:19:17.832+0000][gc,start     ] GC(1) Pause Remark
[2023-03-02T21:19:17.833+0000][gc,stringtable] GC(1) Cleaned string and symbol table, strings: 7066 processed, 0 removed, symbols: 65404 processed, 29 removed
[2023-03-02T21:19:17.834+0000][gc            ] GC(1) Pause Remark 7M->7M(1024M) 1.997ms
[2023-03-02T21:19:17.834+0000][gc,cpu        ] GC(1) User=0.01s Sys=0.00s Real=0.00s
[2023-03-02T21:19:17.834+0000][gc,marking    ] GC(1) Concurrent Rebuild Remembered Sets
[2023-03-02T21:19:17.834+0000][gc,marking    ] GC(1) Concurrent Rebuild Remembered Sets 0.228ms
[2023-03-02T21:19:17.834+0000][gc,start      ] GC(1) Pause Cleanup
[2023-03-02T21:19:17.834+0000][gc            ] GC(1) Pause Cleanup 7M->7M(1024M) 0.134ms
[2023-03-02T21:19:17.834+0000][gc,cpu        ] GC(1) User=0.00s Sys=0.00s Real=0.00s
[2023-03-02T21:19:17.834+0000][gc,marking    ] GC(1) Concurrent Cleanup for Next Mark
[2023-03-02T21:19:17.839+0000][gc,marking    ] GC(1) Concurrent Cleanup for Next Mark 4.925ms
[2023-03-02T21:19:17.839+0000][gc            ] GC(1) Concurrent Cycle 9.638ms
[2023-03-02T21:19:18.829+0000][gc,start      ] GC(2) Pause Young (Normal) (G1 Evacuation Pause)
[2023-03-02T21:19:18.829+0000][gc,task       ] GC(2) Using 10 workers of 10 for evacuation
[2023-03-02T21:19:18.835+0000][gc,phases     ] GC(2)   Pre Evacuate Collection Set: 0.0ms
[2023-03-02T21:19:18.835+0000][gc,phases     ] GC(2)   Evacuate Collection Set: 5.1ms
[2023-03-02T21:19:18.835+0000][gc,phases     ] GC(2)   Post Evacuate Collection Set: 0.3ms
[2023-03-02T21:19:18.835+0000][gc,phases     ] GC(2)   Other: 0.1ms
[2023-03-02T21:19:18.835+0000][gc,heap       ] GC(2) Eden regions: 44->0(48)
[2023-03-02T21:19:18.835+0000][gc,heap       ] GC(2) Survivor regions: 7->3(7)
[2023-03-02T21:19:18.835+0000][gc,heap       ] GC(2) Old regions: 1->7
[2023-03-02T21:19:18.835+0000][gc,heap       ] GC(2) Humongous regions: 129->129
[2023-03-02T21:19:18.835+0000][gc,metaspace  ] GC(2) Metaspace: 29115K->29115K(1075200K)
[2023-03-02T21:19:18.835+0000][gc            ] GC(2) Pause Young (Normal) (G1 Evacuation Pause) 180M->137M(1024M) 5.772ms
[2023-03-02T21:19:18.835+0000][gc,cpu        ] GC(2) User=0.03s Sys=0.02s Real=0.01s
[2023-03-02T21:19:19.115+0000][gc,start      ] GC(3) Pause Young (Concurrent Start) (Metadata GC Threshold)
[2023-03-02T21:19:19.115+0000][gc,task       ] GC(3) Using 10 workers of 10 for evacuation
[2023-03-02T21:19:19.117+0000][gc,phases     ] GC(3)   Pre Evacuate Collection Set: 0.0ms
[2023-03-02T21:19:19.117+0000][gc,phases     ] GC(3)   Evacuate Collection Set: 2.5ms
[2023-03-02T21:19:19.117+0000][gc,phases     ] GC(3)   Post Evacuate Collection Set: 0.3ms
[2023-03-02T21:19:19.118+0000][gc,phases     ] GC(3)   Other: 0.1ms
[2023-03-02T21:19:19.118+0000][gc,heap       ] GC(3) Eden regions: 34->0(46)
[2023-03-02T21:19:19.118+0000][gc,heap       ] GC(3) Survivor regions: 3->5(7)
[2023-03-02T21:19:19.118+0000][gc,heap       ] GC(3) Old regions: 7->7
[2023-03-02T21:19:19.118+0000][gc,heap       ] GC(3) Humongous regions: 129->129
[2023-03-02T21:19:19.118+0000][gc,metaspace  ] GC(3) Metaspace: 34789K->34789K(1081344K)
[2023-03-02T21:19:19.118+0000][gc            ] GC(3) Pause Young (Concurrent Start) (Metadata GC Threshold) 171M->139M(1024M) 3.042ms
[2023-03-02T21:19:19.118+0000][gc,cpu        ] GC(3) User=0.02s Sys=0.00s Real=0.00s
[2023-03-02T21:19:19.118+0000][gc            ] GC(4) Concurrent Cycle
[2023-03-02T21:19:19.118+0000][gc,marking    ] GC(4) Concurrent Clear Claimed Marks
[2023-03-02T21:19:19.118+0000][gc,marking    ] GC(4) Concurrent Clear Claimed Marks 0.019ms
[2023-03-02T21:19:19.118+0000][gc,marking    ] GC(4) Concurrent Scan Root Regions
[2023-03-02T21:19:19.119+0000][gc,marking    ] GC(4) Concurrent Scan Root Regions 1.208ms
[2023-03-02T21:19:19.119+0000][gc,marking    ] GC(4) Concurrent Mark (7.055s)
[2023-03-02T21:19:19.119+0000][gc,marking    ] GC(4) Concurrent Mark From Roots
[2023-03-02T21:19:19.119+0000][gc,task       ] GC(4) Using 3 workers of 3 for marking
[2023-03-02T21:19:19.122+0000][gc,marking    ] GC(4) Concurrent Mark From Roots 2.655ms
[2023-03-02T21:19:19.122+0000][gc,marking    ] GC(4) Concurrent Preclean
[2023-03-02T21:19:19.122+0000][gc,marking    ] GC(4) Concurrent Preclean 0.086ms
[2023-03-02T21:19:19.122+0000][gc,marking    ] GC(4) Concurrent Mark (7.055s, 7.057s) 2.809ms
[2023-03-02T21:19:19.122+0000][gc,start      ] GC(4) Pause Remark
[2023-03-02T21:19:19.124+0000][gc,stringtable] GC(4) Cleaned string and symbol table, strings: 11494 processed, 9 removed, symbols: 96810 processed, 21 removed
[2023-03-02T21:19:19.124+0000][gc            ] GC(4) Pause Remark 140M->140M(1024M) 2.061ms
[2023-03-02T21:19:19.124+0000][gc,cpu        ] GC(4) User=0.01s Sys=0.00s Real=0.00s
[2023-03-02T21:19:19.124+0000][gc,marking    ] GC(4) Concurrent Rebuild Remembered Sets
[2023-03-02T21:19:19.126+0000][gc,marking    ] GC(4) Concurrent Rebuild Remembered Sets 1.755ms
[2023-03-02T21:19:19.126+0000][gc,start      ] GC(4) Pause Cleanup
[2023-03-02T21:19:19.126+0000][gc            ] GC(4) Pause Cleanup 140M->140M(1024M) 0.168ms
[2023-03-02T21:19:19.126+0000][gc,cpu        ] GC(4) User=0.00s Sys=0.00s Real=0.00s
[2023-03-02T21:19:19.126+0000][gc,marking    ] GC(4) Concurrent Cleanup for Next Mark
[2023-03-02T21:19:19.130+0000][gc,marking    ] GC(4) Concurrent Cleanup for Next Mark 4.130ms
[2023-03-02T21:19:19.130+0000][gc            ] GC(4) Concurrent Cycle 12.875ms
[2023-03-02T21:19:19.549+0000][gc,start      ] GC(5) Pause Young (Normal) (G1 Evacuation Pause)
[2023-03-02T21:19:19.563+0000][gc,task       ] GC(5) Using 10 workers of 10 for evacuation
[2023-03-02T21:19:19.566+0000][gc,phases     ] GC(5)   Pre Evacuate Collection Set: 0.0ms
[2023-03-02T21:19:19.567+0000][gc,phases     ] GC(5)   Evacuate Collection Set: 3.2ms
[2023-03-02T21:19:19.567+0000][gc,phases     ] GC(5)   Post Evacuate Collection Set: 0.3ms
[2023-03-02T21:19:19.567+0000][gc,phases     ] GC(5)   Other: 14.0ms
[2023-03-02T21:19:19.567+0000][gc,heap       ] GC(5) Eden regions: 46->0(45)
[2023-03-02T21:19:19.567+0000][gc,heap       ] GC(5) Survivor regions: 5->6(7)
[2023-03-02T21:19:19.567+0000][gc,heap       ] GC(5) Old regions: 7->9
[2023-03-02T21:19:19.567+0000][gc,heap       ] GC(5) Humongous regions: 129->129
[2023-03-02T21:19:19.567+0000][gc,metaspace  ] GC(5) Metaspace: 42797K->42797K(1087488K)
[2023-03-02T21:19:19.567+0000][gc            ] GC(5) Pause Young (Normal) (G1 Evacuation Pause) 185M->142M(1024M) 17.563ms
[2023-03-02T21:19:19.567+0000][gc,cpu        ] GC(5) User=0.04s Sys=0.01s Real=0.02s
[2023-03-02T21:19:48.704+0000][gc,start      ] GC(6) Pause Young (Normal) (G1 Evacuation Pause)
[2023-03-02T21:19:48.704+0000][gc,task       ] GC(6) Using 10 workers of 10 for evacuation
[2023-03-02T21:19:48.709+0000][gc,phases     ] GC(6)   Pre Evacuate Collection Set: 0.0ms
[2023-03-02T21:19:48.709+0000][gc,phases     ] GC(6)   Evacuate Collection Set: 3.9ms
[2023-03-02T21:19:48.709+0000][gc,phases     ] GC(6)   Post Evacuate Collection Set: 0.6ms
[2023-03-02T21:19:48.709+0000][gc,phases     ] GC(6)   Other: 0.2ms
[2023-03-02T21:19:48.709+0000][gc,heap       ] GC(6) Eden regions: 45->0(45)
[2023-03-02T21:19:48.709+0000][gc,heap       ] GC(6) Survivor regions: 6->6(7)
[2023-03-02T21:19:48.709+0000][gc,heap       ] GC(6) Old regions: 9->11
[2023-03-02T21:19:48.709+0000][gc,heap       ] GC(6) Humongous regions: 129->129
[2023-03-02T21:19:48.709+0000][gc,metaspace  ] GC(6) Metaspace: 48717K->48717K(1093632K)
[2023-03-02T21:19:48.709+0000][gc            ] GC(6) Pause Young (Normal) (G1 Evacuation Pause) 187M->145M(1024M) 4.874ms
[2023-03-02T21:19:48.709+0000][gc,cpu        ] GC(6) User=0.04s Sys=0.00s Real=0.00s
[2023-03-02T21:23:18.268+0000][gc,heap,exit  ] Heap
[2023-03-02T21:23:18.268+0000][gc,heap,exit  ]  garbage-first heap   total 1048576K, used 181742K [0x00000007c0000000, 0x0000000800000000)
[2023-03-02T21:23:18.268+0000][gc,heap,exit  ]   region size 1024K, 40 young (40960K), 6 survivors (6144K)
[2023-03-02T21:23:18.268+0000][gc,heap,exit  ]  Metaspace       used 52301K, capacity 55397K, committed 55680K, reserved 1095680K
[2023-03-02T21:23:18.268+0000][gc,heap,exit  ]   class space    used 6910K, capacity 8515K, committed 8576K, reserved 1048576K
