[2023-03-02T22:33:35.451+0000][gc,heap] Heap region size: 1M
[2023-03-02T22:33:35.460+0000][gc     ] Using G1
[2023-03-02T22:33:35.460+0000][gc,heap,coops] Heap address: 0x00000007c0000000, size: 1024 MB, Compressed Oops mode: Zero based, Oop shift amount: 3
[2023-03-02T22:33:37.244+0000][gc,start     ] GC(0) Pause Young (Concurrent Start) (Metadata GC Threshold)
[2023-03-02T22:33:37.245+0000][gc,task      ] GC(0) Using 10 workers of 10 for evacuation
[2023-03-02T22:33:37.250+0000][gc,phases    ] GC(0)   Pre Evacuate Collection Set: 0.0ms
[2023-03-02T22:33:37.250+0000][gc,phases    ] GC(0)   Evacuate Collection Set: 4.3ms
[2023-03-02T22:33:37.250+0000][gc,phases    ] GC(0)   Post Evacuate Collection Set: 0.3ms
[2023-03-02T22:33:37.250+0000][gc,phases    ] GC(0)   Other: 1.2ms
[2023-03-02T22:33:37.250+0000][gc,heap      ] GC(0) Eden regions: 48->0(44)
[2023-03-02T22:33:37.250+0000][gc,heap      ] GC(0) Survivor regions: 0->7(7)
[2023-03-02T22:33:37.250+0000][gc,heap      ] GC(0) Old regions: 0->0
[2023-03-02T22:33:37.250+0000][gc,heap      ] GC(0) Humongous regions: 0->0
[2023-03-02T22:33:37.250+0000][gc,metaspace ] GC(0) Metaspace: 20702K->20702K(1069056K)
[2023-03-02T22:33:37.250+0000][gc           ] GC(0) Pause Young (Concurrent Start) (Metadata GC Threshold) 48M->6M(1024M) 6.016ms
[2023-03-02T22:33:37.250+0000][gc,cpu       ] GC(0) User=0.02s Sys=0.01s Real=0.01s
[2023-03-02T22:33:37.250+0000][gc           ] GC(1) Concurrent Cycle
[2023-03-02T22:33:37.250+0000][gc,marking   ] GC(1) Concurrent Clear Claimed Marks
[2023-03-02T22:33:37.250+0000][gc,marking   ] GC(1) Concurrent Clear Claimed Marks 0.022ms
[2023-03-02T22:33:37.250+0000][gc,marking   ] GC(1) Concurrent Scan Root Regions
[2023-03-02T22:33:37.251+0000][gc,marking   ] GC(1) Concurrent Scan Root Regions 1.381ms
[2023-03-02T22:33:37.251+0000][gc,marking   ] GC(1) Concurrent Mark (1.810s)
[2023-03-02T22:33:37.251+0000][gc,marking   ] GC(1) Concurrent Mark From Roots
[2023-03-02T22:33:37.251+0000][gc,task      ] GC(1) Using 3 workers of 3 for marking
[2023-03-02T22:33:37.251+0000][gc,marking   ] GC(1) Concurrent Mark From Roots 0.231ms
[2023-03-02T22:33:37.251+0000][gc,marking   ] GC(1) Concurrent Preclean
[2023-03-02T22:33:37.252+0000][gc,marking   ] GC(1) Concurrent Preclean 0.035ms
[2023-03-02T22:33:37.252+0000][gc,marking   ] GC(1) Concurrent Mark (1.810s, 1.811s) 0.313ms
[2023-03-02T22:33:37.252+0000][gc,start     ] GC(1) Pause Remark
[2023-03-02T22:33:37.253+0000][gc,stringtable] GC(1) Cleaned string and symbol table, strings: 7049 processed, 0 removed, symbols: 65403 processed, 29 removed
[2023-03-02T22:33:37.253+0000][gc            ] GC(1) Pause Remark 7M->7M(1024M) 1.264ms
[2023-03-02T22:33:37.253+0000][gc,cpu        ] GC(1) User=0.01s Sys=0.00s Real=0.00s
[2023-03-02T22:33:37.253+0000][gc,marking    ] GC(1) Concurrent Rebuild Remembered Sets
[2023-03-02T22:33:37.253+0000][gc,marking    ] GC(1) Concurrent Rebuild Remembered Sets 0.080ms
[2023-03-02T22:33:37.253+0000][gc,start      ] GC(1) Pause Cleanup
[2023-03-02T22:33:37.253+0000][gc            ] GC(1) Pause Cleanup 7M->7M(1024M) 0.110ms
[2023-03-02T22:33:37.253+0000][gc,cpu        ] GC(1) User=0.00s Sys=0.00s Real=0.00s
[2023-03-02T22:33:37.253+0000][gc,marking    ] GC(1) Concurrent Cleanup for Next Mark
[2023-03-02T22:33:37.258+0000][gc,marking    ] GC(1) Concurrent Cleanup for Next Mark 4.708ms
[2023-03-02T22:33:37.258+0000][gc            ] GC(1) Concurrent Cycle 8.361ms
[2023-03-02T22:33:38.091+0000][gc,start      ] GC(2) Pause Young (Normal) (G1 Evacuation Pause)
[2023-03-02T22:33:38.091+0000][gc,task       ] GC(2) Using 10 workers of 10 for evacuation
[2023-03-02T22:33:38.097+0000][gc,phases     ] GC(2)   Pre Evacuate Collection Set: 0.0ms
[2023-03-02T22:33:38.097+0000][gc,phases     ] GC(2)   Evacuate Collection Set: 4.9ms
[2023-03-02T22:33:38.097+0000][gc,phases     ] GC(2)   Post Evacuate Collection Set: 0.3ms
[2023-03-02T22:33:38.097+0000][gc,phases     ] GC(2)   Other: 0.1ms
[2023-03-02T22:33:38.097+0000][gc,heap       ] GC(2) Eden regions: 44->0(49)
[2023-03-02T22:33:38.097+0000][gc,heap       ] GC(2) Survivor regions: 7->2(7)
[2023-03-02T22:33:38.097+0000][gc,heap       ] GC(2) Old regions: 0->7
[2023-03-02T22:33:38.097+0000][gc,heap       ] GC(2) Humongous regions: 0->0
[2023-03-02T22:33:38.097+0000][gc,metaspace  ] GC(2) Metaspace: 29568K->29568K(1075200K)
[2023-03-02T22:33:38.097+0000][gc            ] GC(2) Pause Young (Normal) (G1 Evacuation Pause) 50M->8M(1024M) 5.454ms
[2023-03-02T22:33:38.097+0000][gc,cpu        ] GC(2) User=0.03s Sys=0.02s Real=0.00s
[2023-03-02T22:33:39.959+0000][gc,start      ] GC(3) Pause Young (Concurrent Start) (Metadata GC Threshold)
[2023-03-02T22:33:39.959+0000][gc,task       ] GC(3) Using 10 workers of 10 for evacuation
[2023-03-02T22:33:39.961+0000][gc,phases     ] GC(3)   Pre Evacuate Collection Set: 0.0ms
[2023-03-02T22:33:39.961+0000][gc,phases     ] GC(3)   Evacuate Collection Set: 2.1ms
[2023-03-02T22:33:39.962+0000][gc,phases     ] GC(3)   Post Evacuate Collection Set: 0.2ms
[2023-03-02T22:33:39.962+0000][gc,phases     ] GC(3)   Other: 0.2ms
[2023-03-02T22:33:39.962+0000][gc,heap       ] GC(3) Eden regions: 36->0(47)
[2023-03-02T22:33:39.962+0000][gc,heap       ] GC(3) Survivor regions: 2->4(7)
[2023-03-02T22:33:39.962+0000][gc,heap       ] GC(3) Old regions: 7->7
[2023-03-02T22:33:39.962+0000][gc,heap       ] GC(3) Humongous regions: 129->129
[2023-03-02T22:33:39.962+0000][gc,metaspace  ] GC(3) Metaspace: 34665K->34665K(1081344K)
[2023-03-02T22:33:39.962+0000][gc            ] GC(3) Pause Young (Concurrent Start) (Metadata GC Threshold) 173M->139M(1024M) 2.704ms
[2023-03-02T22:33:39.962+0000][gc,cpu        ] GC(3) User=0.02s Sys=0.00s Real=0.01s
[2023-03-02T22:33:39.962+0000][gc            ] GC(4) Concurrent Cycle
[2023-03-02T22:33:39.962+0000][gc,marking    ] GC(4) Concurrent Clear Claimed Marks
[2023-03-02T22:33:39.962+0000][gc,marking    ] GC(4) Concurrent Clear Claimed Marks 0.018ms
[2023-03-02T22:33:39.962+0000][gc,marking    ] GC(4) Concurrent Scan Root Regions
[2023-03-02T22:33:39.962+0000][gc,marking    ] GC(4) Concurrent Scan Root Regions 0.714ms
[2023-03-02T22:33:39.962+0000][gc,marking    ] GC(4) Concurrent Mark (4.521s)
[2023-03-02T22:33:39.962+0000][gc,marking    ] GC(4) Concurrent Mark From Roots
[2023-03-02T22:33:39.962+0000][gc,task       ] GC(4) Using 3 workers of 3 for marking
[2023-03-02T22:33:39.965+0000][gc,marking    ] GC(4) Concurrent Mark From Roots 2.752ms
[2023-03-02T22:33:39.965+0000][gc,marking    ] GC(4) Concurrent Preclean
[2023-03-02T22:33:39.965+0000][gc,marking    ] GC(4) Concurrent Preclean 0.053ms
[2023-03-02T22:33:39.965+0000][gc,marking    ] GC(4) Concurrent Mark (4.521s, 4.524s) 2.857ms
[2023-03-02T22:33:39.966+0000][gc,start      ] GC(4) Pause Remark
[2023-03-02T22:33:39.967+0000][gc,stringtable] GC(4) Cleaned string and symbol table, strings: 10637 processed, 11 removed, symbols: 97454 processed, 20 removed
[2023-03-02T22:33:39.967+0000][gc            ] GC(4) Pause Remark 140M->140M(1024M) 1.845ms
[2023-03-02T22:33:39.967+0000][gc,cpu        ] GC(4) User=0.02s Sys=0.00s Real=0.00s
[2023-03-02T22:33:39.968+0000][gc,marking    ] GC(4) Concurrent Rebuild Remembered Sets
[2023-03-02T22:33:39.969+0000][gc,marking    ] GC(4) Concurrent Rebuild Remembered Sets 1.749ms
[2023-03-02T22:33:39.969+0000][gc,start      ] GC(4) Pause Cleanup
[2023-03-02T22:33:39.969+0000][gc            ] GC(4) Pause Cleanup 140M->140M(1024M) 0.119ms
[2023-03-02T22:33:39.969+0000][gc,cpu        ] GC(4) User=0.00s Sys=0.00s Real=0.00s
[2023-03-02T22:33:39.970+0000][gc,marking    ] GC(4) Concurrent Cleanup for Next Mark
[2023-03-02T22:33:39.974+0000][gc,marking    ] GC(4) Concurrent Cleanup for Next Mark 4.260ms
[2023-03-02T22:33:39.974+0000][gc            ] GC(4) Concurrent Cycle 12.200ms
[2023-03-02T22:33:40.394+0000][gc,start      ] GC(5) Pause Young (Normal) (G1 Evacuation Pause)
[2023-03-02T22:33:40.394+0000][gc,task       ] GC(5) Using 10 workers of 10 for evacuation
[2023-03-02T22:33:40.397+0000][gc,phases     ] GC(5)   Pre Evacuate Collection Set: 0.0ms
[2023-03-02T22:33:40.397+0000][gc,phases     ] GC(5)   Evacuate Collection Set: 3.1ms
[2023-03-02T22:33:40.397+0000][gc,phases     ] GC(5)   Post Evacuate Collection Set: 0.3ms
[2023-03-02T22:33:40.397+0000][gc,phases     ] GC(5)   Other: 0.2ms
[2023-03-02T22:33:40.397+0000][gc,heap       ] GC(5) Eden regions: 47->0(44)
[2023-03-02T22:33:40.397+0000][gc,heap       ] GC(5) Survivor regions: 4->7(7)
[2023-03-02T22:33:40.397+0000][gc,heap       ] GC(5) Old regions: 7->7
[2023-03-02T22:33:40.397+0000][gc,heap       ] GC(5) Humongous regions: 129->129
[2023-03-02T22:33:40.397+0000][gc,metaspace  ] GC(5) Metaspace: 42509K->42509K(1087488K)
[2023-03-02T22:33:40.397+0000][gc            ] GC(5) Pause Young (Normal) (G1 Evacuation Pause) 186M->142M(1024M) 3.713ms
[2023-03-02T22:33:40.397+0000][gc,cpu        ] GC(5) User=0.03s Sys=0.01s Real=0.00s
[2023-03-02T22:34:09.634+0000][gc,start      ] GC(6) Pause Young (Normal) (G1 Evacuation Pause)
[2023-03-02T22:34:09.634+0000][gc,task       ] GC(6) Using 10 workers of 10 for evacuation
[2023-03-02T22:34:09.641+0000][gc,phases     ] GC(6)   Pre Evacuate Collection Set: 0.0ms
[2023-03-02T22:34:09.641+0000][gc,phases     ] GC(6)   Evacuate Collection Set: 5.9ms
[2023-03-02T22:34:09.641+0000][gc,phases     ] GC(6)   Post Evacuate Collection Set: 0.5ms
[2023-03-02T22:34:09.641+0000][gc,phases     ] GC(6)   Other: 0.2ms
[2023-03-02T22:34:09.641+0000][gc,heap       ] GC(6) Eden regions: 44->0(48)
[2023-03-02T22:34:09.641+0000][gc,heap       ] GC(6) Survivor regions: 7->3(7)
[2023-03-02T22:34:09.641+0000][gc,heap       ] GC(6) Old regions: 7->14
[2023-03-02T22:34:09.641+0000][gc,heap       ] GC(6) Humongous regions: 195->129
[2023-03-02T22:34:09.641+0000][gc,metaspace  ] GC(6) Metaspace: 49006K->49006K(1093632K)
[2023-03-02T22:34:09.641+0000][gc            ] GC(6) Pause Young (Normal) (G1 Evacuation Pause) 252M->144M(1024M) 6.834ms
[2023-03-02T22:34:09.641+0000][gc,cpu        ] GC(6) User=0.06s Sys=0.01s Real=0.01s
[2023-03-02T22:35:24.780+0000][gc,heap,exit  ] Heap
[2023-03-02T22:35:24.781+0000][gc,heap,exit  ]  garbage-first heap   total 1048576K, used 164784K [0x00000007c0000000, 0x0000000800000000)
[2023-03-02T22:35:24.781+0000][gc,heap,exit  ]   region size 1024K, 20 young (20480K), 3 survivors (3072K)
[2023-03-02T22:35:24.781+0000][gc,heap,exit  ]  Metaspace       used 50198K, capacity 52835K, committed 53120K, reserved 1095680K
[2023-03-02T22:35:24.781+0000][gc,heap,exit  ]   class space    used 6407K, capacity 7753K, committed 7808K, reserved 1048576K
