[2023-03-02T21:24:16.021+0000][gc,heap] Heap region size: 1M
[2023-03-02T21:24:16.029+0000][gc     ] Using G1
[2023-03-02T21:24:16.029+0000][gc,heap,coops] Heap address: 0x00000007c0000000, size: 1024 MB, Compressed Oops mode: Zero based, Oop shift amount: 3
[2023-03-02T21:24:21.800+0000][gc,start     ] GC(0) Pause Young (Concurrent Start) (Metadata GC Threshold)
[2023-03-02T21:24:21.801+0000][gc,task      ] GC(0) Using 10 workers of 10 for evacuation
[2023-03-02T21:24:21.806+0000][gc,phases    ] GC(0)   Pre Evacuate Collection Set: 0.0ms
[2023-03-02T21:24:21.806+0000][gc,phases    ] GC(0)   Evacuate Collection Set: 4.2ms
[2023-03-02T21:24:21.806+0000][gc,phases    ] GC(0)   Post Evacuate Collection Set: 0.5ms
[2023-03-02T21:24:21.806+0000][gc,phases    ] GC(0)   Other: 0.9ms
[2023-03-02T21:24:21.806+0000][gc,heap      ] GC(0) Eden regions: 48->0(44)
[2023-03-02T21:24:21.806+0000][gc,heap      ] GC(0) Survivor regions: 0->7(7)
[2023-03-02T21:24:21.806+0000][gc,heap      ] GC(0) Old regions: 0->0
[2023-03-02T21:24:21.806+0000][gc,heap      ] GC(0) Humongous regions: 0->0
[2023-03-02T21:24:21.806+0000][gc,metaspace ] GC(0) Metaspace: 20642K->20642K(1069056K)
[2023-03-02T21:24:21.806+0000][gc           ] GC(0) Pause Young (Concurrent Start) (Metadata GC Threshold) 48M->7M(1024M) 5.755ms
[2023-03-02T21:24:21.806+0000][gc,cpu       ] GC(0) User=0.02s Sys=0.01s Real=0.00s
[2023-03-02T21:24:21.806+0000][gc           ] GC(1) Concurrent Cycle
[2023-03-02T21:24:21.806+0000][gc,marking   ] GC(1) Concurrent Clear Claimed Marks
[2023-03-02T21:24:21.806+0000][gc,marking   ] GC(1) Concurrent Clear Claimed Marks 0.024ms
[2023-03-02T21:24:21.806+0000][gc,marking   ] GC(1) Concurrent Scan Root Regions
[2023-03-02T21:24:21.808+0000][gc,marking   ] GC(1) Concurrent Scan Root Regions 1.619ms
[2023-03-02T21:24:21.808+0000][gc,marking   ] GC(1) Concurrent Mark (5.797s)
[2023-03-02T21:24:21.808+0000][gc,marking   ] GC(1) Concurrent Mark From Roots
[2023-03-02T21:24:21.808+0000][gc,task      ] GC(1) Using 3 workers of 3 for marking
[2023-03-02T21:24:21.808+0000][gc,marking   ] GC(1) Concurrent Mark From Roots 0.162ms
[2023-03-02T21:24:21.808+0000][gc,marking   ] GC(1) Concurrent Preclean
[2023-03-02T21:24:21.808+0000][gc,marking   ] GC(1) Concurrent Preclean 0.036ms
[2023-03-02T21:24:21.808+0000][gc,marking   ] GC(1) Concurrent Mark (5.797s, 5.797s) 0.251ms
[2023-03-02T21:24:21.808+0000][gc,start     ] GC(1) Pause Remark
[2023-03-02T21:24:21.809+0000][gc,stringtable] GC(1) Cleaned string and symbol table, strings: 7048 processed, 0 removed, symbols: 65401 processed, 29 removed
[2023-03-02T21:24:21.810+0000][gc            ] GC(1) Pause Remark 7M->7M(1024M) 1.305ms
[2023-03-02T21:24:21.810+0000][gc,cpu        ] GC(1) User=0.00s Sys=0.00s Real=0.01s
[2023-03-02T21:24:21.810+0000][gc,marking    ] GC(1) Concurrent Rebuild Remembered Sets
[2023-03-02T21:24:21.810+0000][gc,marking    ] GC(1) Concurrent Rebuild Remembered Sets 0.072ms
[2023-03-02T21:24:21.810+0000][gc,start      ] GC(1) Pause Cleanup
[2023-03-02T21:24:21.810+0000][gc            ] GC(1) Pause Cleanup 7M->7M(1024M) 0.126ms
[2023-03-02T21:24:21.810+0000][gc,cpu        ] GC(1) User=0.00s Sys=0.00s Real=0.00s
[2023-03-02T21:24:21.810+0000][gc,marking    ] GC(1) Concurrent Cleanup for Next Mark
[2023-03-02T21:24:21.815+0000][gc,marking    ] GC(1) Concurrent Cleanup for Next Mark 5.374ms
[2023-03-02T21:24:21.815+0000][gc            ] GC(1) Concurrent Cycle 9.223ms
[2023-03-02T21:24:22.853+0000][gc,start      ] GC(2) Pause Young (Normal) (G1 Evacuation Pause)
[2023-03-02T21:24:22.853+0000][gc,task       ] GC(2) Using 10 workers of 10 for evacuation
[2023-03-02T21:24:22.860+0000][gc,phases     ] GC(2)   Pre Evacuate Collection Set: 0.0ms
[2023-03-02T21:24:22.860+0000][gc,phases     ] GC(2)   Evacuate Collection Set: 5.7ms
[2023-03-02T21:24:22.860+0000][gc,phases     ] GC(2)   Post Evacuate Collection Set: 0.4ms
[2023-03-02T21:24:22.860+0000][gc,phases     ] GC(2)   Other: 0.2ms
[2023-03-02T21:24:22.860+0000][gc,heap       ] GC(2) Eden regions: 44->0(48)
[2023-03-02T21:24:22.860+0000][gc,heap       ] GC(2) Survivor regions: 7->3(7)
[2023-03-02T21:24:22.860+0000][gc,heap       ] GC(2) Old regions: 0->7
[2023-03-02T21:24:22.860+0000][gc,heap       ] GC(2) Humongous regions: 129->129
[2023-03-02T21:24:22.860+0000][gc,metaspace  ] GC(2) Metaspace: 29121K->29121K(1075200K)
[2023-03-02T21:24:22.860+0000][gc            ] GC(2) Pause Young (Normal) (G1 Evacuation Pause) 180M->137M(1024M) 6.385ms
[2023-03-02T21:24:22.860+0000][gc,cpu        ] GC(2) User=0.03s Sys=0.02s Real=0.01s
[2023-03-02T21:24:23.144+0000][gc,start      ] GC(3) Pause Young (Concurrent Start) (Metadata GC Threshold)
[2023-03-02T21:24:23.144+0000][gc,task       ] GC(3) Using 10 workers of 10 for evacuation
[2023-03-02T21:24:23.147+0000][gc,phases     ] GC(3)   Pre Evacuate Collection Set: 0.0ms
[2023-03-02T21:24:23.147+0000][gc,phases     ] GC(3)   Evacuate Collection Set: 3.0ms
[2023-03-02T21:24:23.147+0000][gc,phases     ] GC(3)   Post Evacuate Collection Set: 0.2ms
[2023-03-02T21:24:23.147+0000][gc,phases     ] GC(3)   Other: 0.2ms
[2023-03-02T21:24:23.147+0000][gc,heap       ] GC(3) Eden regions: 34->0(47)
[2023-03-02T21:24:23.147+0000][gc,heap       ] GC(3) Survivor regions: 3->4(7)
[2023-03-02T21:24:23.147+0000][gc,heap       ] GC(3) Old regions: 7->7
[2023-03-02T21:24:23.147+0000][gc,heap       ] GC(3) Humongous regions: 129->129
[2023-03-02T21:24:23.147+0000][gc,metaspace  ] GC(3) Metaspace: 34733K->34733K(1081344K)
[2023-03-02T21:24:23.147+0000][gc            ] GC(3) Pause Young (Concurrent Start) (Metadata GC Threshold) 171M->139M(1024M) 3.512ms
[2023-03-02T21:24:23.147+0000][gc,cpu        ] GC(3) User=0.03s Sys=0.00s Real=0.00s
[2023-03-02T21:24:23.147+0000][gc            ] GC(4) Concurrent Cycle
[2023-03-02T21:24:23.147+0000][gc,marking    ] GC(4) Concurrent Clear Claimed Marks
[2023-03-02T21:24:23.147+0000][gc,marking    ] GC(4) Concurrent Clear Claimed Marks 0.023ms
[2023-03-02T21:24:23.147+0000][gc,marking    ] GC(4) Concurrent Scan Root Regions
[2023-03-02T21:24:23.149+0000][gc,marking    ] GC(4) Concurrent Scan Root Regions 1.394ms
[2023-03-02T21:24:23.149+0000][gc,marking    ] GC(4) Concurrent Mark (7.138s)
[2023-03-02T21:24:23.149+0000][gc,marking    ] GC(4) Concurrent Mark From Roots
[2023-03-02T21:24:23.149+0000][gc,task       ] GC(4) Using 3 workers of 3 for marking
[2023-03-02T21:24:23.153+0000][gc,marking    ] GC(4) Concurrent Mark From Roots 4.050ms
[2023-03-02T21:24:23.153+0000][gc,marking    ] GC(4) Concurrent Preclean
[2023-03-02T21:24:23.153+0000][gc,marking    ] GC(4) Concurrent Preclean 0.065ms
[2023-03-02T21:24:23.153+0000][gc,marking    ] GC(4) Concurrent Mark (7.138s, 7.142s) 4.173ms
[2023-03-02T21:24:23.153+0000][gc,start      ] GC(4) Pause Remark
[2023-03-02T21:24:23.155+0000][gc,stringtable] GC(4) Cleaned string and symbol table, strings: 11457 processed, 10 removed, symbols: 96797 processed, 21 removed
[2023-03-02T21:24:23.155+0000][gc            ] GC(4) Pause Remark 140M->140M(1024M) 2.067ms
[2023-03-02T21:24:23.155+0000][gc,cpu        ] GC(4) User=0.01s Sys=0.00s Real=0.00s
[2023-03-02T21:24:23.155+0000][gc,marking    ] GC(4) Concurrent Rebuild Remembered Sets
[2023-03-02T21:24:23.158+0000][gc,marking    ] GC(4) Concurrent Rebuild Remembered Sets 2.461ms
[2023-03-02T21:24:23.158+0000][gc,start      ] GC(4) Pause Cleanup
[2023-03-02T21:24:23.158+0000][gc            ] GC(4) Pause Cleanup 140M->140M(1024M) 0.152ms
[2023-03-02T21:24:23.158+0000][gc,cpu        ] GC(4) User=0.00s Sys=0.00s Real=0.00s
[2023-03-02T21:24:23.158+0000][gc,marking    ] GC(4) Concurrent Cleanup for Next Mark
[2023-03-02T21:24:23.164+0000][gc,marking    ] GC(4) Concurrent Cleanup for Next Mark 5.613ms
[2023-03-02T21:24:23.164+0000][gc            ] GC(4) Concurrent Cycle 16.620ms
[2023-03-02T21:24:23.585+0000][gc,start      ] GC(5) Pause Young (Normal) (G1 Evacuation Pause)
[2023-03-02T21:24:23.585+0000][gc,task       ] GC(5) Using 10 workers of 10 for evacuation
[2023-03-02T21:24:23.589+0000][gc,phases     ] GC(5)   Pre Evacuate Collection Set: 0.0ms
[2023-03-02T21:24:23.606+0000][gc,phases     ] GC(5)   Evacuate Collection Set: 3.4ms
[2023-03-02T21:24:23.606+0000][gc,phases     ] GC(5)   Post Evacuate Collection Set: 0.3ms
[2023-03-02T21:24:23.606+0000][gc,phases     ] GC(5)   Other: 0.1ms
[2023-03-02T21:24:23.606+0000][gc,heap       ] GC(5) Eden regions: 47->0(45)
[2023-03-02T21:24:23.606+0000][gc,heap       ] GC(5) Survivor regions: 4->6(7)
[2023-03-02T21:24:23.606+0000][gc,heap       ] GC(5) Old regions: 7->9
[2023-03-02T21:24:23.606+0000][gc,heap       ] GC(5) Humongous regions: 129->129
[2023-03-02T21:24:23.606+0000][gc,metaspace  ] GC(5) Metaspace: 42908K->42908K(1087488K)
[2023-03-02T21:24:23.606+0000][gc            ] GC(5) Pause Young (Normal) (G1 Evacuation Pause) 186M->142M(1024M) 21.354ms
[2023-03-02T21:24:23.606+0000][gc,cpu        ] GC(5) User=0.04s Sys=0.01s Real=0.02s
[2023-03-02T21:24:37.808+0000][gc,start      ] GC(6) Pause Young (Normal) (G1 Evacuation Pause)
[2023-03-02T21:24:37.809+0000][gc,task       ] GC(6) Using 10 workers of 10 for evacuation
[2023-03-02T21:24:37.813+0000][gc,phases     ] GC(6)   Pre Evacuate Collection Set: 0.0ms
[2023-03-02T21:24:37.813+0000][gc,phases     ] GC(6)   Evacuate Collection Set: 3.9ms
[2023-03-02T21:24:37.813+0000][gc,phases     ] GC(6)   Post Evacuate Collection Set: 0.6ms
[2023-03-02T21:24:37.813+0000][gc,phases     ] GC(6)   Other: 0.2ms
[2023-03-02T21:24:37.813+0000][gc,heap       ] GC(6) Eden regions: 45->0(45)
[2023-03-02T21:24:37.813+0000][gc,heap       ] GC(6) Survivor regions: 6->6(7)
[2023-03-02T21:24:37.813+0000][gc,heap       ] GC(6) Old regions: 9->11
[2023-03-02T21:24:37.813+0000][gc,heap       ] GC(6) Humongous regions: 129->129
[2023-03-02T21:24:37.813+0000][gc,metaspace  ] GC(6) Metaspace: 48629K->48629K(1093632K)
[2023-03-02T21:24:37.813+0000][gc            ] GC(6) Pause Young (Normal) (G1 Evacuation Pause) 187M->145M(1024M) 4.916ms
[2023-03-02T21:24:37.813+0000][gc,cpu        ] GC(6) User=0.04s Sys=0.00s Real=0.01s
[2023-03-02T21:33:37.393+0000][gc,start      ] GC(7) Pause Young (Normal) (G1 Evacuation Pause)
[2023-03-02T21:33:37.393+0000][gc,task       ] GC(7) Using 10 workers of 10 for evacuation
[2023-03-02T21:33:37.399+0000][gc,phases     ] GC(7)   Pre Evacuate Collection Set: 0.0ms
[2023-03-02T21:33:37.399+0000][gc,phases     ] GC(7)   Evacuate Collection Set: 4.6ms
[2023-03-02T21:33:37.399+0000][gc,phases     ] GC(7)   Post Evacuate Collection Set: 0.6ms
[2023-03-02T21:33:37.399+0000][gc,phases     ] GC(7)   Other: 0.8ms
[2023-03-02T21:33:37.399+0000][gc,heap       ] GC(7) Eden regions: 45->0(46)
[2023-03-02T21:33:37.399+0000][gc,heap       ] GC(7) Survivor regions: 6->5(7)
[2023-03-02T21:33:37.399+0000][gc,heap       ] GC(7) Old regions: 11->14
[2023-03-02T21:33:37.399+0000][gc,heap       ] GC(7) Humongous regions: 129->129
[2023-03-02T21:33:37.399+0000][gc,metaspace  ] GC(7) Metaspace: 52112K->52112K(1095680K)
[2023-03-02T21:33:37.399+0000][gc            ] GC(7) Pause Young (Normal) (G1 Evacuation Pause) 190M->147M(1024M) 6.146ms
[2023-03-02T21:33:37.399+0000][gc,cpu        ] GC(7) User=0.04s Sys=0.01s Real=0.00s
[2023-03-02T21:46:41.644+0000][gc,start      ] GC(8) Pause Young (Normal) (G1 Evacuation Pause)
[2023-03-02T21:46:41.645+0000][gc,task       ] GC(8) Using 10 workers of 10 for evacuation
[2023-03-02T21:46:41.667+0000][gc,mmu        ] GC(8) MMU target violated: 21.0ms (20.0ms/21.0ms)
[2023-03-02T21:46:41.668+0000][gc,phases     ] GC(8)   Pre Evacuate Collection Set: 1.2ms
[2023-03-02T21:46:41.668+0000][gc,phases     ] GC(8)   Evacuate Collection Set: 20.4ms
[2023-03-02T21:46:41.668+0000][gc,phases     ] GC(8)   Post Evacuate Collection Set: 0.5ms
[2023-03-02T21:46:41.668+0000][gc,phases     ] GC(8)   Other: 1.4ms
[2023-03-02T21:46:41.668+0000][gc,heap       ] GC(8) Eden regions: 46->0(47)
[2023-03-02T21:46:41.668+0000][gc,heap       ] GC(8) Survivor regions: 5->4(7)
[2023-03-02T21:46:41.668+0000][gc,heap       ] GC(8) Old regions: 14->17
[2023-03-02T21:46:41.668+0000][gc,heap       ] GC(8) Humongous regions: 129->129
[2023-03-02T21:46:41.668+0000][gc,metaspace  ] GC(8) Metaspace: 52308K->52308K(1095680K)
[2023-03-02T21:46:41.668+0000][gc            ] GC(8) Pause Young (Normal) (G1 Evacuation Pause) 193M->148M(1024M) 23.512ms
[2023-03-02T21:46:41.668+0000][gc,cpu        ] GC(8) User=0.05s Sys=0.09s Real=0.02s
[2023-03-02T21:51:34.808+0000][gc,heap,exit  ] Heap
[2023-03-02T21:51:34.808+0000][gc,heap,exit  ]  garbage-first heap   total 1048576K, used 174498K [0x00000007c0000000, 0x0000000800000000)
[2023-03-02T21:51:34.808+0000][gc,heap,exit  ]   region size 1024K, 28 young (28672K), 4 survivors (4096K)
[2023-03-02T21:51:34.808+0000][gc,heap,exit  ]  Metaspace       used 53010K, capacity 56321K, committed 56576K, reserved 1097728K
[2023-03-02T21:51:34.808+0000][gc,heap,exit  ]   class space    used 7024K, capacity 8695K, committed 8704K, reserved 1048576K
