[2023-03-02T22:33:26.515+0000][gc,heap] Heap region size: 1M
[2023-03-02T22:33:26.519+0000][gc     ] Using G1
[2023-03-02T22:33:26.519+0000][gc,heap,coops] Heap address: 0x00000007e0000000, size: 512 MB, Compressed Oops mode: Zero based, Oop shift amount: 3
[2023-03-02T22:33:31.991+0000][gc,start     ] GC(0) Pause Young (Normal) (G1 Evacuation Pause)
[2023-03-02T22:33:31.992+0000][gc,task      ] GC(0) Using 10 workers of 10 for evacuation
[2023-03-02T22:33:31.996+0000][gc,phases    ] GC(0)   Pre Evacuate Collection Set: 0.0ms
[2023-03-02T22:33:31.996+0000][gc,phases    ] GC(0)   Evacuate Collection Set: 3.6ms
[2023-03-02T22:33:31.996+0000][gc,phases    ] GC(0)   Post Evacuate Collection Set: 0.3ms
[2023-03-02T22:33:31.996+0000][gc,phases    ] GC(0)   Other: 0.7ms
[2023-03-02T22:33:31.996+0000][gc,heap      ] GC(0) Eden regions: 25->0(21)
[2023-03-02T22:33:31.996+0000][gc,heap      ] GC(0) Survivor regions: 0->4(4)
[2023-03-02T22:33:31.996+0000][gc,heap      ] GC(0) Old regions: 0->4
[2023-03-02T22:33:31.996+0000][gc,heap      ] GC(0) Humongous regions: 0->0
[2023-03-02T22:33:31.996+0000][gc,metaspace ] GC(0) Metaspace: 14515K->14515K(1062912K)
[2023-03-02T22:33:31.996+0000][gc           ] GC(0) Pause Young (Normal) (G1 Evacuation Pause) 25M->7M(512M) 4.674ms
[2023-03-02T22:33:31.996+0000][gc,cpu       ] GC(0) User=0.02s Sys=0.01s Real=0.00s
[2023-03-02T23:21:31.716+0000][gc,start     ] GC(1) Pause Young (Normal) (G1 Evacuation Pause)
[2023-03-02T23:21:31.719+0000][gc,task      ] GC(1) Using 10 workers of 10 for evacuation
[2023-03-02T23:21:31.745+0000][gc,mmu       ] GC(1) MMU target violated: 21.0ms (20.0ms/21.0ms)
[2023-03-02T23:21:31.745+0000][gc,phases    ] GC(1)   Pre Evacuate Collection Set: 0.8ms
[2023-03-02T23:21:31.745+0000][gc,phases    ] GC(1)   Evacuate Collection Set: 24.1ms
[2023-03-02T23:21:31.746+0000][gc,phases    ] GC(1)   Post Evacuate Collection Set: 0.4ms
[2023-03-02T23:21:31.746+0000][gc,phases    ] GC(1)   Other: 4.6ms
[2023-03-02T23:21:31.746+0000][gc,heap      ] GC(1) Eden regions: 21->0(24)
[2023-03-02T23:21:31.746+0000][gc,heap      ] GC(1) Survivor regions: 4->1(4)
[2023-03-02T23:21:31.746+0000][gc,heap      ] GC(1) Old regions: 4->8
[2023-03-02T23:21:31.746+0000][gc,heap      ] GC(1) Humongous regions: 0->0
[2023-03-02T23:21:31.746+0000][gc,metaspace ] GC(1) Metaspace: 16639K->16639K(1064960K)
[2023-03-02T23:21:31.746+0000][gc           ] GC(1) Pause Young (Normal) (G1 Evacuation Pause) 28M->8M(512M) 29.862ms
[2023-03-02T23:21:31.746+0000][gc,cpu       ] GC(1) User=0.03s Sys=0.12s Real=0.03s
[2023-03-03T06:48:08.653+0000][gc,start     ] GC(2) Pause Young (Normal) (G1 Evacuation Pause)
[2023-03-03T06:48:08.654+0000][gc,task      ] GC(2) Using 10 workers of 10 for evacuation
[2023-03-03T06:48:08.659+0000][gc,phases    ] GC(2)   Pre Evacuate Collection Set: 0.3ms
[2023-03-03T06:48:08.659+0000][gc,phases    ] GC(2)   Evacuate Collection Set: 4.5ms
[2023-03-03T06:48:08.659+0000][gc,phases    ] GC(2)   Post Evacuate Collection Set: 0.3ms
[2023-03-03T06:48:08.659+0000][gc,phases    ] GC(2)   Other: 1.1ms
[2023-03-03T06:48:08.659+0000][gc,heap      ] GC(2) Eden regions: 24->0(24)
[2023-03-03T06:48:08.659+0000][gc,heap      ] GC(2) Survivor regions: 1->1(4)
[2023-03-03T06:48:08.659+0000][gc,heap      ] GC(2) Old regions: 8->8
[2023-03-03T06:48:08.659+0000][gc,heap      ] GC(2) Humongous regions: 0->0
[2023-03-03T06:48:08.659+0000][gc,metaspace ] GC(2) Metaspace: 16655K->16655K(1064960K)
[2023-03-03T06:48:08.660+0000][gc           ] GC(2) Pause Young (Normal) (G1 Evacuation Pause) 32M->8M(512M) 6.825ms
[2023-03-03T06:48:08.660+0000][gc,cpu       ] GC(2) User=0.01s Sys=0.02s Real=0.01s
[2023-03-03T08:19:28.386+0000][gc,heap,exit ] Heap
[2023-03-03T08:19:28.387+0000][gc,heap,exit ]  garbage-first heap   total 524288K, used 14427K [0x00000007e0000000, 0x0000000800000000)
[2023-03-03T08:19:28.387+0000][gc,heap,exit ]   region size 1024K, 8 young (8192K), 1 survivors (1024K)
[2023-03-03T08:19:28.387+0000][gc,heap,exit ]  Metaspace       used 16666K, capacity 17005K, committed 17152K, reserved 1064960K
[2023-03-03T08:19:28.387+0000][gc,heap,exit ]   class space    used 1641K, capacity 1785K, committed 1792K, reserved 1048576K
