[2023-03-02T14:53:55.452+0000][gc,heap] Heap region size: 1M
[2023-03-02T14:53:55.457+0000][gc     ] Using G1
[2023-03-02T14:53:55.457+0000][gc,heap,coops] Heap address: 0x00000007e0000000, size: 512 MB, Compressed Oops mode: Zero based, Oop shift amount: 3
[2023-03-02T14:53:56.324+0000][gc,start     ] GC(0) Pause Young (Normal) (G1 Evacuation Pause)
[2023-03-02T14:53:56.325+0000][gc,task      ] GC(0) Using 10 workers of 10 for evacuation
[2023-03-02T14:53:56.330+0000][gc,phases    ] GC(0)   Pre Evacuate Collection Set: 0.0ms
[2023-03-02T14:53:56.330+0000][gc,phases    ] GC(0)   Evacuate Collection Set: 4.9ms
[2023-03-02T14:53:56.330+0000][gc,phases    ] GC(0)   Post Evacuate Collection Set: 0.3ms
[2023-03-02T14:53:56.330+0000][gc,phases    ] GC(0)   Other: 0.8ms
[2023-03-02T14:53:56.330+0000][gc,heap      ] GC(0) Eden regions: 25->0(21)
[2023-03-02T14:53:56.330+0000][gc,heap      ] GC(0) Survivor regions: 0->4(4)
[2023-03-02T14:53:56.330+0000][gc,heap      ] GC(0) Old regions: 0->4
[2023-03-02T14:53:56.330+0000][gc,heap      ] GC(0) Humongous regions: 0->0
[2023-03-02T14:53:56.330+0000][gc,metaspace ] GC(0) Metaspace: 14502K->14502K(1062912K)
[2023-03-02T14:53:56.330+0000][gc           ] GC(0) Pause Young (Normal) (G1 Evacuation Pause) 25M->7M(512M) 6.185ms
[2023-03-02T14:53:56.331+0000][gc,cpu       ] GC(0) User=0.03s Sys=0.01s Real=0.01s
[2023-03-02T16:29:31.997+0000][gc,start     ] GC(1) Pause Young (Normal) (G1 Evacuation Pause)
[2023-03-02T16:29:31.999+0000][gc,task      ] GC(1) Using 10 workers of 10 for evacuation
[2023-03-02T16:29:32.031+0000][gc,mmu       ] GC(1) MMU target violated: 21.0ms (20.0ms/21.0ms)
[2023-03-02T16:29:32.031+0000][gc,phases    ] GC(1)   Pre Evacuate Collection Set: 1.8ms
[2023-03-02T16:29:32.031+0000][gc,phases    ] GC(1)   Evacuate Collection Set: 29.2ms
[2023-03-02T16:29:32.031+0000][gc,phases    ] GC(1)   Post Evacuate Collection Set: 0.3ms
[2023-03-02T16:29:32.031+0000][gc,phases    ] GC(1)   Other: 3.8ms
[2023-03-02T16:29:32.031+0000][gc,heap      ] GC(1) Eden regions: 21->0(24)
[2023-03-02T16:29:32.031+0000][gc,heap      ] GC(1) Survivor regions: 4->1(4)
[2023-03-02T16:29:32.031+0000][gc,heap      ] GC(1) Old regions: 4->8
[2023-03-02T16:29:32.031+0000][gc,heap      ] GC(1) Humongous regions: 0->0
[2023-03-02T16:29:32.031+0000][gc,metaspace ] GC(1) Metaspace: 16637K->16637K(1064960K)
[2023-03-02T16:29:32.031+0000][gc           ] GC(1) Pause Young (Normal) (G1 Evacuation Pause) 28M->8M(512M) 33.883ms
[2023-03-02T16:29:32.031+0000][gc,cpu       ] GC(1) User=0.10s Sys=0.09s Real=0.04s
[2023-03-02T16:33:42.248+0000][gc,heap,exit ] Heap
[2023-03-02T16:33:42.249+0000][gc,heap,exit ]  garbage-first heap   total 524288K, used 12452K [0x00000007e0000000, 0x0000000800000000)
[2023-03-02T16:33:42.249+0000][gc,heap,exit ]   region size 1024K, 6 young (6144K), 1 survivors (1024K)
[2023-03-02T16:33:42.249+0000][gc,heap,exit ]  Metaspace       used 16668K, capacity 17005K, committed 17152K, reserved 1064960K
[2023-03-02T16:33:42.249+0000][gc,heap,exit ]   class space    used 1642K, capacity 1785K, committed 1792K, reserved 1048576K
