[2023-03-02T21:53:20.895+0000][gc,heap] Heap region size: 1M
[2023-03-02T21:53:20.900+0000][gc     ] Using G1
[2023-03-02T21:53:20.900+0000][gc,heap,coops] Heap address: 0x00000007e0000000, size: 512 MB, Compressed Oops mode: Zero based, Oop shift amount: 3
[2023-03-02T21:53:26.434+0000][gc,start     ] GC(0) Pause Young (Normal) (G1 Evacuation Pause)
[2023-03-02T21:53:26.435+0000][gc,task      ] GC(0) Using 10 workers of 10 for evacuation
[2023-03-02T21:53:26.440+0000][gc,phases    ] GC(0)   Pre Evacuate Collection Set: 0.0ms
[2023-03-02T21:53:26.440+0000][gc,phases    ] GC(0)   Evacuate Collection Set: 4.6ms
[2023-03-02T21:53:26.440+0000][gc,phases    ] GC(0)   Post Evacuate Collection Set: 0.3ms
[2023-03-02T21:53:26.440+0000][gc,phases    ] GC(0)   Other: 1.0ms
[2023-03-02T21:53:26.440+0000][gc,heap      ] GC(0) Eden regions: 25->0(21)
[2023-03-02T21:53:26.440+0000][gc,heap      ] GC(0) Survivor regions: 0->4(4)
[2023-03-02T21:53:26.440+0000][gc,heap      ] GC(0) Old regions: 0->4
[2023-03-02T21:53:26.440+0000][gc,heap      ] GC(0) Humongous regions: 0->0
[2023-03-02T21:53:26.440+0000][gc,metaspace ] GC(0) Metaspace: 14522K->14522K(1062912K)
[2023-03-02T21:53:26.440+0000][gc           ] GC(0) Pause Young (Normal) (G1 Evacuation Pause) 25M->7M(512M) 5.979ms
[2023-03-02T21:53:26.440+0000][gc,cpu       ] GC(0) User=0.04s Sys=0.02s Real=0.01s
[2023-03-02T22:33:10.384+0000][gc,heap,exit ] Heap
[2023-03-02T22:33:10.384+0000][gc,heap,exit ]  garbage-first heap   total 524288K, used 24715K [0x00000007e0000000, 0x0000000800000000)
[2023-03-02T22:33:10.384+0000][gc,heap,exit ]   region size 1024K, 22 young (22528K), 4 survivors (4096K)
[2023-03-02T22:33:10.384+0000][gc,heap,exit ]  Metaspace       used 16598K, capacity 16941K, committed 17152K, reserved 1064960K
[2023-03-02T22:33:10.384+0000][gc,heap,exit ]   class space    used 1640K, capacity 1785K, committed 1792K, reserved 1048576K
